../Core/Src/../../Mods/RS485_E/M485_E.h:54:18:void M485E::init(UART_HandleTypeDef*)	16	static
../Core/Src/../../Mods/RS485_E/M485_E.h:140:18:void M485E::Send_IT()	32	static
../Core/Src/../../Mods/RS485_E/M485_E.h:173:18:void M485E::onIT_TX()	32	static
../Core/Src/../../Mods/RS485_E/M485_E.h:233:18:void M485E::onIT_RX()	16	static
../Core/Src/../../Mods/RS485_E/M485_E.h:345:25:bool M485E::isEmpty()	16	static
../Core/Src/../../Mods/RS485_E/M485_E.h:351:25:bool M485E::bufAdd(uint8_t)	24	static
../Core/Src/../../Mods/RS485_E/M485_E.h:370:10:bool M485E::bufPrepareTX(uint8_t**, int*)	24	static
../Core/Src/../../Mods/RS485_E/M485_E.h:391:9:int M485E::bufRemoveN(int)	24	static
../Core/Src/../../Mods/RS485_E/M485_E.h:13:9:M485E::M485E()	16	static
../Core/Src/../../Mods/Flash_SSD/MFlash.h:23:30:static uint16_t MFlash::read16(uint16_t, uint16_t)	24	static
../Core/Src/../../Mods/Flash_SSD/MFlash.h:29:29:static uint32_t MFlash::read32(uint16_t, uint16_t)	24	static
../Core/Src/../../Mods/Flash_SSD/MFlash.h:61:38:static HAL_StatusTypeDef MFlash::lock()	16	static
../Core/Src/../../Mods/Flash_SSD/MFlash.h:66:38:static HAL_StatusTypeDef MFlash::unlock()	16	static
../Core/Src/../../Mods/Flash_SSD/MFlash.h:75:38:static HAL_StatusTypeDef MFlash::write16(uint16_t, uint16_t, uint16_t)	32	static
../Core/Src/../../Mods/Flash_SSD/MFlash.h:81:38:static HAL_StatusTypeDef MFlash::write32(uint16_t, uint16_t, uint32_t)	32	static
../Core/Src/../../Mods/Flash_SSD/MFlash.h:124:38:static HAL_StatusTypeDef MFlash::erasePage(uint16_t)	40	static
../Core/Src/main.cpp:69:6:void JumpToAddress(uint32_t)	32	static,ignoring_inline_asm
../Core/Src/main.cpp:89:6:void JumpToApplication()	8	static
../Core/Src/main.cpp:95:6:void HAL_UART_TxCpltCallback(UART_HandleTypeDef*)	16	static
../Core/Src/main.cpp:103:6:void HAL_UART_RxCpltCallback(UART_HandleTypeDef*)	24	static
../Core/Src/main.cpp:117:5:int main()	16	static,ignoring_inline_asm
../Core/Src/main.cpp:194:6:void SystemClock_Config()	160	static
../Core/Src/../../Mods/RS485_E/M485_E_cpp.h:15:6:void M485E::onReceive(uint8_t)	56	static
../Core/Src/../../Mods/RS485_E/M485_E_cpp.h:137:6:void M485E::onTimer_Frame()	16	static
../Core/Src/../../Mods/RS485_E/M485_E_cpp_RX.h:11:6:void M485E::frameRX_WritePage(uint8_t, uint8_t, uint8_t, uint8_t, uint8_t, uint8_t, uint8_t)	24	static
../Core/Src/../../Mods/RS485_E/M485_E_cpp_RX.h:31:6:void M485E::frameRX_ErasePage(uint8_t)	16	static
../Core/Src/../../Mods/RS485_E/M485_E_cpp_RX.h:47:6:void M485E::frameRX_Jump()	16	static
../Core/Src/../../Mods/RS485_E/M485_E_cpp_TX.h:10:6:void M485E::sendTX_React(uint8_t, uint8_t)	16	static
../Core/Src/../../Mods/RS485_E/M485_E_cpp_TX.h:46:6:void M485E::sendTX_ReadPage(uint8_t, uint8_t, uint8_t)	32	static
../Core/Src/main.cpp:246:6:void Error_Handler()	4	static,ignoring_inline_asm
../Core/Src/main.cpp:255:1:void __static_initialization_and_destruction_0(int, int)	16	static
../Core/Src/main.cpp:255:1:cpp)	8	static
