../Core/Src/../../Mods/RS485_E/M485_E.h:54:18:void M485E::init(UART_HandleTypeDef*)	16	static
../Core/Src/../../Mods/RS485_E/M485_E.h:141:18:void M485E::Send_IT()	32	static
../Core/Src/../../Mods/RS485_E/M485_E.h:174:18:void M485E::onIT_TX()	32	static
../Core/Src/../../Mods/RS485_E/M485_E.h:234:18:void M485E::onIT_RX()	16	static
../Core/Src/../../Mods/RS485_E/M485_E.h:346:25:bool M485E::isEmpty()	16	static
../Core/Src/../../Mods/RS485_E/M485_E.h:352:25:bool M485E::bufAdd(uint8_t)	24	static
../Core/Src/../../Mods/RS485_E/M485_E.h:371:10:bool M485E::bufPrepareTX(uint8_t**, int*)	24	static
../Core/Src/../../Mods/RS485_E/M485_E.h:392:9:int M485E::bufRemoveN(int)	24	static
../Core/Src/../../Mods/RS485_E/M485_E.h:13:9:M485E::M485E()	16	static
../Core/Src/../../Mods/Flash_SSD/MFlash.h:29:29:static uint32_t MFlash::read32(uint16_t, uint16_t)	24	static
../Core/Src/../../Mods/Flash_SSD/MFlash.h:61:38:static HAL_StatusTypeDef MFlash::lock()	16	static
../Core/Src/../../Mods/Flash_SSD/MFlash.h:66:38:static HAL_StatusTypeDef MFlash::unlock()	16	static
../Core/Src/../../Mods/Flash_SSD/MFlash.h:81:38:static HAL_StatusTypeDef MFlash::write32(uint16_t, uint16_t, uint32_t)	32	static
../Core/Src/../../Mods/Flash_SSD/MFlash.h:124:38:static HAL_StatusTypeDef MFlash::erasePage(uint16_t)	40	static
../Core/Src/main.cpp:68:6:void JumpToAddress(uint32_t)	24	static,ignoring_inline_asm
../Core/Src/main.cpp:89:6:void JumpToApplication()	8	static
../Core/Src/main.cpp:95:6:void HAL_UART_TxCpltCallback(UART_HandleTypeDef*)	16	static
../Core/Src/main.cpp:103:6:void HAL_UART_RxCpltCallback(UART_HandleTypeDef*)	16	static
../Core/Src/main.cpp:116:5:int main()	8	static,ignoring_inline_asm
../Core/Src/main.cpp:193:6:void SystemClock_Config()	160	static
../Core/Src/../../Mods/RS485_E/M485_E_cpp.h:15:6:void M485E::onReceive(uint8_t)	48	static
../Core/Src/../../Mods/RS485_E/M485_E_cpp.h:152:6:void M485E::onTimer_Frame()	16	static
../Core/Src/../../Mods/RS485_E/M485_E_cpp_RX.h:11:6:void M485E::frameRX_WritePage(uint8_t, uint8_t, uint8_t, uint8_t, uint8_t, uint8_t, uint8_t)	24	static
../Core/Src/../../Mods/RS485_E/M485_E_cpp_RX.h:31:6:void M485E::frameRX_ErasePage(uint8_t)	16	static
../Core/Src/../../Mods/RS485_E/M485_E_cpp_RX.h:54:6:void M485E::frameRX_JumpToAddress(uint8_t, uint8_t, uint8_t, uint8_t)	16	static
../Core/Src/../../Mods/RS485_E/M485_E_cpp_TX.h:46:6:void M485E::sendTX_ReadPage(uint8_t, uint8_t, uint8_t)	32	static
../Core/Src/main.cpp:245:6:void Error_Handler()	4	static,ignoring_inline_asm
../Core/Src/main.cpp:254:1:void __static_initialization_and_destruction_0(int, int)	16	static
../Core/Src/main.cpp:254:1:cpp)	8	static
