Archive member included to satisfy reference by file (symbol)

d:/stm cubeide/stm32cubeide_1.9.0/stm32cubeide/plugins/com.st.stm32cube.ide.mcu.externaltools.gnu-tools-for-stm32.10.3-2021.10.win32_1.0.0.202111181127/tools/bin/../lib/gcc/arm-none-eabi/10.3.1/../../../../arm-none-eabi/lib/thumb/v7e-m+fp/hard\libc_nano.a(lib_a-errno.o)
                              ./Core/Src/syscalls.o (__errno)
d:/stm cubeide/stm32cubeide_1.9.0/stm32cubeide/plugins/com.st.stm32cube.ide.mcu.externaltools.gnu-tools-for-stm32.10.3-2021.10.win32_1.0.0.202111181127/tools/bin/../lib/gcc/arm-none-eabi/10.3.1/../../../../arm-none-eabi/lib/thumb/v7e-m+fp/hard\libc_nano.a(lib_a-exit.o)
                              d:/stm cubeide/stm32cubeide_1.9.0/stm32cubeide/plugins/com.st.stm32cube.ide.mcu.externaltools.gnu-tools-for-stm32.10.3-2021.10.win32_1.0.0.202111181127/tools/bin/../lib/gcc/arm-none-eabi/10.3.1/../../../../arm-none-eabi/lib/thumb/v7e-m+fp/hard/crt0.o (exit)
d:/stm cubeide/stm32cubeide_1.9.0/stm32cubeide/plugins/com.st.stm32cube.ide.mcu.externaltools.gnu-tools-for-stm32.10.3-2021.10.win32_1.0.0.202111181127/tools/bin/../lib/gcc/arm-none-eabi/10.3.1/../../../../arm-none-eabi/lib/thumb/v7e-m+fp/hard\libc_nano.a(lib_a-impure.o)
                              d:/stm cubeide/stm32cubeide_1.9.0/stm32cubeide/plugins/com.st.stm32cube.ide.mcu.externaltools.gnu-tools-for-stm32.10.3-2021.10.win32_1.0.0.202111181127/tools/bin/../lib/gcc/arm-none-eabi/10.3.1/../../../../arm-none-eabi/lib/thumb/v7e-m+fp/hard\libc_nano.a(lib_a-exit.o) (_global_impure_ptr)
d:/stm cubeide/stm32cubeide_1.9.0/stm32cubeide/plugins/com.st.stm32cube.ide.mcu.externaltools.gnu-tools-for-stm32.10.3-2021.10.win32_1.0.0.202111181127/tools/bin/../lib/gcc/arm-none-eabi/10.3.1/../../../../arm-none-eabi/lib/thumb/v7e-m+fp/hard\libc_nano.a(lib_a-init.o)
                              d:/stm cubeide/stm32cubeide_1.9.0/stm32cubeide/plugins/com.st.stm32cube.ide.mcu.externaltools.gnu-tools-for-stm32.10.3-2021.10.win32_1.0.0.202111181127/tools/bin/../lib/gcc/arm-none-eabi/10.3.1/../../../../arm-none-eabi/lib/thumb/v7e-m+fp/hard/crt0.o (__libc_init_array)
d:/stm cubeide/stm32cubeide_1.9.0/stm32cubeide/plugins/com.st.stm32cube.ide.mcu.externaltools.gnu-tools-for-stm32.10.3-2021.10.win32_1.0.0.202111181127/tools/bin/../lib/gcc/arm-none-eabi/10.3.1/../../../../arm-none-eabi/lib/thumb/v7e-m+fp/hard\libc_nano.a(lib_a-memset.o)
                              d:/stm cubeide/stm32cubeide_1.9.0/stm32cubeide/plugins/com.st.stm32cube.ide.mcu.externaltools.gnu-tools-for-stm32.10.3-2021.10.win32_1.0.0.202111181127/tools/bin/../lib/gcc/arm-none-eabi/10.3.1/../../../../arm-none-eabi/lib/thumb/v7e-m+fp/hard/crt0.o (memset)

Discarded input sections

 .text          0x0000000000000000        0x0 d:/stm cubeide/stm32cubeide_1.9.0/stm32cubeide/plugins/com.st.stm32cube.ide.mcu.externaltools.gnu-tools-for-stm32.10.3-2021.10.win32_1.0.0.202111181127/tools/bin/../lib/gcc/arm-none-eabi/10.3.1/thumb/v7e-m+fp/hard/crti.o
 .data          0x0000000000000000        0x0 d:/stm cubeide/stm32cubeide_1.9.0/stm32cubeide/plugins/com.st.stm32cube.ide.mcu.externaltools.gnu-tools-for-stm32.10.3-2021.10.win32_1.0.0.202111181127/tools/bin/../lib/gcc/arm-none-eabi/10.3.1/thumb/v7e-m+fp/hard/crti.o
 .bss           0x0000000000000000        0x0 d:/stm cubeide/stm32cubeide_1.9.0/stm32cubeide/plugins/com.st.stm32cube.ide.mcu.externaltools.gnu-tools-for-stm32.10.3-2021.10.win32_1.0.0.202111181127/tools/bin/../lib/gcc/arm-none-eabi/10.3.1/thumb/v7e-m+fp/hard/crti.o
 .data          0x0000000000000000        0x4 d:/stm cubeide/stm32cubeide_1.9.0/stm32cubeide/plugins/com.st.stm32cube.ide.mcu.externaltools.gnu-tools-for-stm32.10.3-2021.10.win32_1.0.0.202111181127/tools/bin/../lib/gcc/arm-none-eabi/10.3.1/thumb/v7e-m+fp/hard/crtbegin.o
 .rodata        0x0000000000000000       0x24 d:/stm cubeide/stm32cubeide_1.9.0/stm32cubeide/plugins/com.st.stm32cube.ide.mcu.externaltools.gnu-tools-for-stm32.10.3-2021.10.win32_1.0.0.202111181127/tools/bin/../lib/gcc/arm-none-eabi/10.3.1/thumb/v7e-m+fp/hard/crtbegin.o
 .text          0x0000000000000000       0x7c d:/stm cubeide/stm32cubeide_1.9.0/stm32cubeide/plugins/com.st.stm32cube.ide.mcu.externaltools.gnu-tools-for-stm32.10.3-2021.10.win32_1.0.0.202111181127/tools/bin/../lib/gcc/arm-none-eabi/10.3.1/../../../../arm-none-eabi/lib/thumb/v7e-m+fp/hard/crt0.o
 .data          0x0000000000000000        0x0 d:/stm cubeide/stm32cubeide_1.9.0/stm32cubeide/plugins/com.st.stm32cube.ide.mcu.externaltools.gnu-tools-for-stm32.10.3-2021.10.win32_1.0.0.202111181127/tools/bin/../lib/gcc/arm-none-eabi/10.3.1/../../../../arm-none-eabi/lib/thumb/v7e-m+fp/hard/crt0.o
 .bss           0x0000000000000000        0x0 d:/stm cubeide/stm32cubeide_1.9.0/stm32cubeide/plugins/com.st.stm32cube.ide.mcu.externaltools.gnu-tools-for-stm32.10.3-2021.10.win32_1.0.0.202111181127/tools/bin/../lib/gcc/arm-none-eabi/10.3.1/../../../../arm-none-eabi/lib/thumb/v7e-m+fp/hard/crt0.o
[...]
Memory Configuration

Name             Origin             Length             Attributes
CCMRAM           0x0000000010000000 0x0000000000004000 xrw
RAM              0x0000000020000000 0x0000000000010000 xrw
FLASH            0x0000000008010000 0x0000000000008000 xr
*default*        0x0000000000000000 0xffffffffffffffff

Linker script and memory map

LOAD d:/stm cubeide/stm32cubeide_1.9.0/stm32cubeide/plugins/com.st.stm32cube.ide.mcu.externaltools.gnu-tools-for-stm32.10.3-2021.10.win32_1.0.0.202111181127/tools/bin/../lib/gcc/arm-none-eabi/10.3.1/thumb/v7e-m+fp/hard/crti.o
LOAD d:/stm cubeide/stm32cubeide_1.9.0/stm32cubeide/plugins/com.st.stm32cube.ide.mcu.externaltools.gnu-tools-for-stm32.10.3-2021.10.win32_1.0.0.202111181127/tools/bin/../lib/gcc/arm-none-eabi/10.3.1/thumb/v7e-m+fp/hard/crtbegin.o
LOAD d:/stm cubeide/stm32cubeide_1.9.0/stm32cubeide/plugins/com.st.stm32cube.ide.mcu.externaltools.gnu-tools-for-stm32.10.3-2021.10.win32_1.0.0.202111181127/tools/bin/../lib/gcc/arm-none-eabi/10.3.1/../../../../arm-none-eabi/lib/thumb/v7e-m+fp/hard/crt0.o
LOAD ./Core/Src/main.o
LOAD ./Core/Src/stm32f3xx_hal_msp.o
LOAD ./Core/Src/stm32f3xx_it.o
LOAD ./Core/Src/syscalls.o
LOAD ./Core/Src/sysmem.o
LOAD ./Core/Src/system_stm32f3xx.o
LOAD ./Core/Startup/startup_stm32f303retx.o
LOAD ./Drivers/STM32F3xx_HAL_Driver/stm32f3xx_hal.o
LOAD ./Drivers/STM32F3xx_HAL_Driver/stm32f3xx_hal_cortex.o
LOAD ./Drivers/STM32F3xx_HAL_Driver/stm32f3xx_hal_dma.o
LOAD ./Drivers/STM32F3xx_HAL_Driver/stm32f3xx_hal_exti.o
LOAD ./Drivers/STM32F3xx_HAL_Driver/stm32f3xx_hal_flash.o
LOAD ./Drivers/STM32F3xx_HAL_Driver/stm32f3xx_hal_flash_ex.o
LOAD ./Drivers/STM32F3xx_HAL_Driver/stm32f3xx_hal_gpio.o
LOAD ./Drivers/STM32F3xx_HAL_Driver/stm32f3xx_hal_i2c.o
LOAD ./Drivers/STM32F3xx_HAL_Driver/stm32f3xx_hal_i2c_ex.o
LOAD ./Drivers/STM32F3xx_HAL_Driver/stm32f3xx_hal_pwr.o
LOAD ./Drivers/STM32F3xx_HAL_Driver/stm32f3xx_hal_pwr_ex.o
LOAD ./Drivers/STM32F3xx_HAL_Driver/stm32f3xx_hal_rcc.o
LOAD ./Drivers/STM32F3xx_HAL_Driver/stm32f3xx_hal_rcc_ex.o
LOAD ./Drivers/STM32F3xx_HAL_Driver/stm32f3xx_hal_tim.o
LOAD ./Drivers/STM32F3xx_HAL_Driver/stm32f3xx_hal_tim_ex.o
START GROUP
LOAD d:/stm cubeide/stm32cubeide_1.9.0/stm32cubeide/plugins/com.st.stm32cube.ide.mcu.externaltools.gnu-tools-for-stm32.10.3-2021.10.win32_1.0.0.202111181127/tools/bin/../lib/gcc/arm-none-eabi/10.3.1/../../../../arm-none-eabi/lib/thumb/v7e-m+fp/hard\libstdc++_nano.a
LOAD d:/stm cubeide/stm32cubeide_1.9.0/stm32cubeide/plugins/com.st.stm32cube.ide.mcu.externaltools.gnu-tools-for-stm32.10.3-2021.10.win32_1.0.0.202111181127/tools/bin/../lib/gcc/arm-none-eabi/10.3.1/../../../../arm-none-eabi/lib/thumb/v7e-m+fp/hard\libsupc++_nano.a
END GROUP
LOAD d:/stm cubeide/stm32cubeide_1.9.0/stm32cubeide/plugins/com.st.stm32cube.ide.mcu.externaltools.gnu-tools-for-stm32.10.3-2021.10.win32_1.0.0.202111181127/tools/bin/../lib/gcc/arm-none-eabi/10.3.1/../../../../arm-none-eabi/lib/thumb/v7e-m+fp/hard\libstdc++_nano.a
LOAD d:/stm cubeide/stm32cubeide_1.9.0/stm32cubeide/plugins/com.st.stm32cube.ide.mcu.externaltools.gnu-tools-for-stm32.10.3-2021.10.win32_1.0.0.202111181127/tools/bin/../lib/gcc/arm-none-eabi/10.3.1/../../../../arm-none-eabi/lib/thumb/v7e-m+fp/hard\libm.a
LOAD d:/stm cubeide/stm32cubeide_1.9.0/stm32cubeide/plugins/com.st.stm32cube.ide.mcu.externaltools.gnu-tools-for-stm32.10.3-2021.10.win32_1.0.0.202111181127/tools/bin/../lib/gcc/arm-none-eabi/10.3.1/../../../../arm-none-eabi/lib/thumb/v7e-m+fp/hard\libc_nano.a
START GROUP
LOAD d:/stm cubeide/stm32cubeide_1.9.0/stm32cubeide/plugins/com.st.stm32cube.ide.mcu.externaltools.gnu-tools-for-stm32.10.3-2021.10.win32_1.0.0.202111181127/tools/bin/../lib/gcc/arm-none-eabi/10.3.1/thumb/v7e-m+fp/hard\libgcc.a
LOAD d:/stm cubeide/stm32cubeide_1.9.0/stm32cubeide/plugins/com.st.stm32cube.ide.mcu.externaltools.gnu-tools-for-stm32.10.3-2021.10.win32_1.0.0.202111181127/tools/bin/../lib/gcc/arm-none-eabi/10.3.1/../../../../arm-none-eabi/lib/thumb/v7e-m+fp/hard\libc_nano.a
END GROUP
START GROUP
LOAD d:/stm cubeide/stm32cubeide_1.9.0/stm32cubeide/plugins/com.st.stm32cube.ide.mcu.externaltools.gnu-tools-for-stm32.10.3-2021.10.win32_1.0.0.202111181127/tools/bin/../lib/gcc/arm-none-eabi/10.3.1/thumb/v7e-m+fp/hard\libgcc.a
LOAD d:/stm cubeide/stm32cubeide_1.9.0/stm32cubeide/plugins/com.st.stm32cube.ide.mcu.externaltools.gnu-tools-for-stm32.10.3-2021.10.win32_1.0.0.202111181127/tools/bin/../lib/gcc/arm-none-eabi/10.3.1/../../../../arm-none-eabi/lib/thumb/v7e-m+fp/hard\libc_nano.a
LOAD d:/stm cubeide/stm32cubeide_1.9.0/stm32cubeide/plugins/com.st.stm32cube.ide.mcu.externaltools.gnu-tools-for-stm32.10.3-2021.10.win32_1.0.0.202111181127/tools/bin/../lib/gcc/arm-none-eabi/10.3.1/../../../../arm-none-eabi/lib/thumb/v7e-m+fp/hard\libnosys.a
END GROUP
START GROUP
LOAD d:/stm cubeide/stm32cubeide_1.9.0/stm32cubeide/plugins/com.st.stm32cube.ide.mcu.externaltools.gnu-tools-for-stm32.10.3-2021.10.win32_1.0.0.202111181127/tools/bin/../lib/gcc/arm-none-eabi/10.3.1/thumb/v7e-m+fp/hard\libgcc.a
LOAD d:/stm cubeide/stm32cubeide_1.9.0/stm32cubeide/plugins/com.st.stm32cube.ide.mcu.externaltools.gnu-tools-for-stm32.10.3-2021.10.win32_1.0.0.202111181127/tools/bin/../lib/gcc/arm-none-eabi/10.3.1/../../../../arm-none-eabi/lib/thumb/v7e-m+fp/hard\libc_nano.a
LOAD d:/stm cubeide/stm32cubeide_1.9.0/stm32cubeide/plugins/com.st.stm32cube.ide.mcu.externaltools.gnu-tools-for-stm32.10.3-2021.10.win32_1.0.0.202111181127/tools/bin/../lib/gcc/arm-none-eabi/10.3.1/../../../../arm-none-eabi/lib/thumb/v7e-m+fp/hard\libnosys.a
END GROUP
LOAD d:/stm cubeide/stm32cubeide_1.9.0/stm32cubeide/plugins/com.st.stm32cube.ide.mcu.externaltools.gnu-tools-for-stm32.10.3-2021.10.win32_1.0.0.202111181127/tools/bin/../lib/gcc/arm-none-eabi/10.3.1/thumb/v7e-m+fp/hard/crtend.o
LOAD d:/stm cubeide/stm32cubeide_1.9.0/stm32cubeide/plugins/com.st.stm32cube.ide.mcu.externaltools.gnu-tools-for-stm32.10.3-2021.10.win32_1.0.0.202111181127/tools/bin/../lib/gcc/arm-none-eabi/10.3.1/thumb/v7e-m+fp/hard/crtn.o
                0x0000000020010000                _estack = (ORIGIN (RAM) + LENGTH (RAM))
                0x0000000000000200                _Min_Heap_Size = 0x200
                0x0000000000000400                _Min_Stack_Size = 0x400

.isr_vector     0x0000000008010000      0x194
                0x0000000008010000                . = ALIGN (0x4)
 *(.isr_vector)
 .isr_vector    0x0000000008010000      0x194 ./Core/Startup/startup_stm32f303retx.o
                0x0000000008010000                g_pfnVectors
                0x0000000008010194                . = ALIGN (0x4)

.text           0x0000000008010194     0x1e30
                0x0000000008010194                . = ALIGN (0x4)
 *(.text)
 .text          0x0000000008010194       0x40 d:/stm cubeide/stm32cubeide_1.9.0/stm32cubeide/plugins/com.st.stm32cube.ide.mcu.externaltools.gnu-tools-for-stm32.10.3-2021.10.win32_1.0.0.202111181127/tools/bin/../lib/gcc/arm-none-eabi/10.3.1/thumb/v7e-m+fp/hard/crtbegin.o
 *(.text*)
 .text.main     0x00000000080101d4       0x24 ./Core/Src/main.o
                0x00000000080101d4                main
 .text._Z18SystemClock_Configv
                0x00000000080101f8       0x9c ./Core/Src/main.o
                0x00000000080101f8                SystemClock_Config()
 .text._ZL12MX_GPIO_Initv
                0x0000000008010294       0xcc ./Core/Src/main.o
 .text.Error_Handler
                0x0000000008010360        0xa ./Core/Src/main.o
                0x0000000008010360                Error_Handler
 *fill*         0x000000000801036a        0x2 
 .text.HAL_MspInit
                0x000000000801036c       0x48 ./Core/Src/stm32f3xx_hal_msp.o
                0x000000000801036c                HAL_MspInit
 .text.NMI_Handler
                0x00000000080103b4        0x6 ./Core/Src/stm32f3xx_it.o
                0x00000000080103b4                NMI_Handler
 .text.HardFault_Handler
                0x00000000080103ba        0x6 ./Core/Src/stm32f3xx_it.o
                0x00000000080103ba                HardFault_Handler
 .text.MemManage_Handler
                0x00000000080103c0        0x6 ./Core/Src/stm32f3xx_it.o
                0x00000000080103c0                MemManage_Handler
 .text.BusFault_Handler
                0x00000000080103c6        0x6 ./Core/Src/stm32f3xx_it.o
                0x00000000080103c6                BusFault_Handler
 .text.UsageFault_Handler
                0x00000000080103cc        0x6 ./Core/Src/stm32f3xx_it.o
                0x00000000080103cc                UsageFault_Handler
 .text.SVC_Handler
                0x00000000080103d2        0xe ./Core/Src/stm32f3xx_it.o
                0x00000000080103d2                SVC_Handler
 .text.DebugMon_Handler
                0x00000000080103e0        0xe ./Core/Src/stm32f3xx_it.o
                0x00000000080103e0                DebugMon_Handler
 .text.PendSV_Handler
                0x00000000080103ee        0xe ./Core/Src/stm32f3xx_it.o
                0x00000000080103ee                PendSV_Handler
 .text.SysTick_Handler
                0x00000000080103fc        0xc ./Core/Src/stm32f3xx_it.o
                0x00000000080103fc                SysTick_Handler
 .text.SystemInit
                0x0000000008010408       0x2c ./Core/Src/system_stm32f3xx.o
                0x0000000008010408                SystemInit
 .text.Reset_Handler
                0x0000000008010434       0x50 ./Core/Startup/startup_stm32f303retx.o
                0x0000000008010434                Reset_Handler
 .text.Default_Handler
                0x0000000008010484        0x2 ./Core/Startup/startup_stm32f303retx.o
                0x0000000008010484                RTC_Alarm_IRQHandler
                0x0000000008010484                TIM8_TRG_COM_IRQHandler
                0x0000000008010484                TIM8_CC_IRQHandler
                0x0000000008010484                SPI4_IRQHandler
                0x0000000008010484                TIM1_CC_IRQHandler
                0x0000000008010484                USB_HP_IRQHandler
                0x0000000008010484                PVD_IRQHandler
                0x0000000008010484                TAMP_STAMP_IRQHandler
                0x0000000008010484                EXTI3_IRQHandler
                0x0000000008010484                I2C3_ER_IRQHandler
                0x0000000008010484                USB_HP_CAN_TX_IRQHandler
                0x0000000008010484                EXTI0_IRQHandler
                0x0000000008010484                I2C2_EV_IRQHandler
                0x0000000008010484                FPU_IRQHandler
                0x0000000008010484                TIM1_UP_TIM16_IRQHandler
                0x0000000008010484                ADC1_2_IRQHandler
                0x0000000008010484                SPI1_IRQHandler
                0x0000000008010484                CAN_SCE_IRQHandler
                0x0000000008010484                TIM6_DAC_IRQHandler
                0x0000000008010484                TIM8_UP_IRQHandler
                0x0000000008010484                DMA2_Channel2_IRQHandler
                0x0000000008010484                DMA1_Channel4_IRQHandler
                0x0000000008010484                TIM20_TRG_COM_IRQHandler
                0x0000000008010484                USART3_IRQHandler
                0x0000000008010484                DMA1_Channel7_IRQHandler
                0x0000000008010484                UART5_IRQHandler
                0x0000000008010484                ADC3_IRQHandler
                0x0000000008010484                TIM4_IRQHandler
                0x0000000008010484                CAN_RX1_IRQHandler
                0x0000000008010484                DMA2_Channel1_IRQHandler
                0x0000000008010484                I2C1_EV_IRQHandler
                0x0000000008010484                DMA1_Channel6_IRQHandler
                0x0000000008010484                UART4_IRQHandler
                0x0000000008010484                DMA2_Channel4_IRQHandler
                0x0000000008010484                TIM3_IRQHandler
                0x0000000008010484                RCC_IRQHandler
                0x0000000008010484                TIM20_UP_IRQHandler
                0x0000000008010484                DMA1_Channel1_IRQHandler
                0x0000000008010484                Default_Handler
                0x0000000008010484                USBWakeUp_RMP_IRQHandler
                0x0000000008010484                EXTI15_10_IRQHandler
                0x0000000008010484                TIM7_IRQHandler
                0x0000000008010484                I2C3_EV_IRQHandler
                0x0000000008010484                EXTI9_5_IRQHandler
                0x0000000008010484                RTC_WKUP_IRQHandler
                0x0000000008010484                SPI2_IRQHandler
                0x0000000008010484                USB_LP_CAN_RX0_IRQHandler
                0x0000000008010484                DMA2_Channel5_IRQHandler
                0x0000000008010484                DMA1_Channel5_IRQHandler
                0x0000000008010484                USB_LP_IRQHandler
                0x0000000008010484                EXTI4_IRQHandler
                0x0000000008010484                TIM1_TRG_COM_TIM17_IRQHandler
                0x0000000008010484                DMA1_Channel3_IRQHandler
                0x0000000008010484                ADC4_IRQHandler
                0x0000000008010484                WWDG_IRQHandler
                0x0000000008010484                TIM2_IRQHandler
                0x0000000008010484                COMP7_IRQHandler
                0x0000000008010484                COMP1_2_3_IRQHandler
                0x0000000008010484                EXTI1_IRQHandler
                0x0000000008010484                USART2_IRQHandler
                0x0000000008010484                COMP4_5_6_IRQHandler
                0x0000000008010484                TIM20_BRK_IRQHandler
                0x0000000008010484                I2C2_ER_IRQHandler
                0x0000000008010484                DMA1_Channel2_IRQHandler
                0x0000000008010484                TIM8_BRK_IRQHandler
                0x0000000008010484                FLASH_IRQHandler
                0x0000000008010484                TIM20_CC_IRQHandler
                0x0000000008010484                USART1_IRQHandler
                0x0000000008010484                SPI3_IRQHandler
                0x0000000008010484                I2C1_ER_IRQHandler
                0x0000000008010484                FMC_IRQHandler
                0x0000000008010484                USBWakeUp_IRQHandler
                0x0000000008010484                DMA2_Channel3_IRQHandler
                0x0000000008010484                EXTI2_TSC_IRQHandler
                0x0000000008010484                TIM1_BRK_TIM15_IRQHandler
 *fill*         0x0000000008010486        0x2 
 .text.HAL_Init
                0x0000000008010488       0x2c ./Drivers/STM32F3xx_HAL_Driver/stm32f3xx_hal.o
                0x0000000008010488                HAL_Init
 .text.HAL_InitTick
                0x00000000080104b4       0x60 ./Drivers/STM32F3xx_HAL_Driver/stm32f3xx_hal.o
                0x00000000080104b4                HAL_InitTick
 .text.HAL_IncTick
                0x0000000008010514       0x28 ./Drivers/STM32F3xx_HAL_Driver/stm32f3xx_hal.o
                0x0000000008010514                HAL_IncTick
 .text.HAL_GetTick
                0x000000000801053c       0x18 ./Drivers/STM32F3xx_HAL_Driver/stm32f3xx_hal.o
                0x000000000801053c                HAL_GetTick
 .text.HAL_Delay
                0x0000000008010554       0x48 ./Drivers/STM32F3xx_HAL_Driver/stm32f3xx_hal.o
                0x0000000008010554                HAL_Delay
 .text.__NVIC_SetPriorityGrouping
                0x000000000801059c       0x48 ./Drivers/STM32F3xx_HAL_Driver/stm32f3xx_hal_cortex.o
 .text.__NVIC_GetPriorityGrouping
                0x00000000080105e4       0x1c ./Drivers/STM32F3xx_HAL_Driver/stm32f3xx_hal_cortex.o
 .text.__NVIC_SetPriority
                0x0000000008010600       0x54 ./Drivers/STM32F3xx_HAL_Driver/stm32f3xx_hal_cortex.o
 .text.NVIC_EncodePriority
                0x0000000008010654       0x66 ./Drivers/STM32F3xx_HAL_Driver/stm32f3xx_hal_cortex.o
 *fill*         0x00000000080106ba        0x2 
 .text.SysTick_Config
                0x00000000080106bc       0x44 ./Drivers/STM32F3xx_HAL_Driver/stm32f3xx_hal_cortex.o
 .text.HAL_NVIC_SetPriorityGrouping
                0x0000000008010700       0x16 ./Drivers/STM32F3xx_HAL_Driver/stm32f3xx_hal_cortex.o
                0x0000000008010700                HAL_NVIC_SetPriorityGrouping
 .text.HAL_NVIC_SetPriority
                0x0000000008010716       0x38 ./Drivers/STM32F3xx_HAL_Driver/stm32f3xx_hal_cortex.o
                0x0000000008010716                HAL_NVIC_SetPriority
 .text.HAL_SYSTICK_Config
                0x000000000801074e       0x18 ./Drivers/STM32F3xx_HAL_Driver/stm32f3xx_hal_cortex.o
                0x000000000801074e                HAL_SYSTICK_Config
 *fill*         0x0000000008010766        0x2 
 .text.HAL_GPIO_Init
                0x0000000008010768      0x314 ./Drivers/STM32F3xx_HAL_Driver/stm32f3xx_hal_gpio.o
                0x0000000008010768                HAL_GPIO_Init
 .text.HAL_GPIO_WritePin
                0x0000000008010a7c       0x30 ./Drivers/STM32F3xx_HAL_Driver/stm32f3xx_hal_gpio.o
                0x0000000008010a7c                HAL_GPIO_WritePin
 .text.HAL_GPIO_TogglePin
                0x0000000008010aac       0x34 ./Drivers/STM32F3xx_HAL_Driver/stm32f3xx_hal_gpio.o
                0x0000000008010aac                HAL_GPIO_TogglePin
 .text.HAL_RCC_OscConfig
                0x0000000008010ae0     0x10a8 ./Drivers/STM32F3xx_HAL_Driver/stm32f3xx_hal_rcc.o
                0x0000000008010ae0                HAL_RCC_OscConfig
 .text.HAL_RCC_ClockConfig
                0x0000000008011b88      0x2f8 ./Drivers/STM32F3xx_HAL_Driver/stm32f3xx_hal_rcc.o
                0x0000000008011b88                HAL_RCC_ClockConfig
 .text.HAL_RCC_GetSysClockFreq
                0x0000000008011e80       0xd4 ./Drivers/STM32F3xx_HAL_Driver/stm32f3xx_hal_rcc.o
                0x0000000008011e80                HAL_RCC_GetSysClockFreq
 .text.__libc_init_array
                0x0000000008011f54       0x48 d:/stm cubeide/stm32cubeide_1.9.0/stm32cubeide/plugins/com.st.stm32cube.ide.mcu.externaltools.gnu-tools-for-stm32.10.3-2021.10.win32_1.0.0.202111181127/tools/bin/../lib/gcc/arm-none-eabi/10.3.1/../../../../arm-none-eabi/lib/thumb/v7e-m+fp/hard\libc_nano.a(lib_a-init.o)
                0x0000000008011f54                __libc_init_array
 .text.memset   0x0000000008011f9c       0x10 d:/stm cubeide/stm32cubeide_1.9.0/stm32cubeide/plugins/com.st.stm32cube.ide.mcu.externaltools.gnu-tools-for-stm32.10.3-2021.10.win32_1.0.0.202111181127/tools/bin/../lib/gcc/arm-none-eabi/10.3.1/../../../../arm-none-eabi/lib/thumb/v7e-m+fp/hard\libc_nano.a(lib_a-memset.o)
                0x0000000008011f9c                memset
 *(.glue_7)
 .glue_7        0x0000000008011fac        0x0 linker stubs
 *(.glue_7t)
 .glue_7t       0x0000000008011fac        0x0 linker stubs
 *(.eh_frame)
 .eh_frame      0x0000000008011fac        0x0 d:/stm cubeide/stm32cubeide_1.9.0/stm32cubeide/plugins/com.st.stm32cube.ide.mcu.externaltools.gnu-tools-for-stm32.10.3-2021.10.win32_1.0.0.202111181127/tools/bin/../lib/gcc/arm-none-eabi/10.3.1/thumb/v7e-m+fp/hard/crtbegin.o
 *(.init)
 .init          0x0000000008011fac        0x4 d:/stm cubeide/stm32cubeide_1.9.0/stm32cubeide/plugins/com.st.stm32cube.ide.mcu.externaltools.gnu-tools-for-stm32.10.3-2021.10.win32_1.0.0.202111181127/tools/bin/../lib/gcc/arm-none-eabi/10.3.1/thumb/v7e-m+fp/hard/crti.o
                0x0000000008011fac                _init
 .init          0x0000000008011fb0        0x8 d:/stm cubeide/stm32cubeide_1.9.0/stm32cubeide/plugins/com.st.stm32cube.ide.mcu.externaltools.gnu-tools-for-stm32.10.3-2021.10.win32_1.0.0.202111181127/tools/bin/../lib/gcc/arm-none-eabi/10.3.1/thumb/v7e-m+fp/hard/crtn.o
 *(.fini)
 .fini          0x0000000008011fb8        0x4 d:/stm cubeide/stm32cubeide_1.9.0/stm32cubeide/plugins/com.st.stm32cube.ide.mcu.externaltools.gnu-tools-for-stm32.10.3-2021.10.win32_1.0.0.202111181127/tools/bin/../lib/gcc/arm-none-eabi/10.3.1/thumb/v7e-m+fp/hard/crti.o
                0x0000000008011fb8                _fini
 .fini          0x0000000008011fbc        0x8 d:/stm cubeide/stm32cubeide_1.9.0/stm32cubeide/plugins/com.st.stm32cube.ide.mcu.externaltools.gnu-tools-for-stm32.10.3-2021.10.win32_1.0.0.202111181127/tools/bin/../lib/gcc/arm-none-eabi/10.3.1/thumb/v7e-m+fp/hard/crtn.o
                0x0000000008011fc4                . = ALIGN (0x4)
                0x0000000008011fc4                _etext = .

.vfp11_veneer   0x0000000008011fc4        0x0
 .vfp11_veneer  0x0000000008011fc4        0x0 linker stubs

.v4_bx          0x0000000008011fc4        0x0
 .v4_bx         0x0000000008011fc4        0x0 linker stubs

.iplt           0x0000000008011fc4        0x0
 .iplt          0x0000000008011fc4        0x0 d:/stm cubeide/stm32cubeide_1.9.0/stm32cubeide/plugins/com.st.stm32cube.ide.mcu.externaltools.gnu-tools-for-stm32.10.3-2021.10.win32_1.0.0.202111181127/tools/bin/../lib/gcc/arm-none-eabi/10.3.1/thumb/v7e-m+fp/hard/crtbegin.o

.rodata         0x0000000008011fc4       0x30
                0x0000000008011fc4                . = ALIGN (0x4)
 *(.rodata)
 *(.rodata*)
 .rodata.AHBPrescTable
                0x0000000008011fc4       0x10 ./Core/Src/system_stm32f3xx.o
                0x0000000008011fc4                AHBPrescTable
 .rodata.aPLLMULFactorTable
                0x0000000008011fd4       0x10 ./Drivers/STM32F3xx_HAL_Driver/stm32f3xx_hal_rcc.o
                0x0000000008011fd4                aPLLMULFactorTable
 .rodata.aPredivFactorTable
                0x0000000008011fe4       0x10 ./Drivers/STM32F3xx_HAL_Driver/stm32f3xx_hal_rcc.o
                0x0000000008011fe4                aPredivFactorTable
                0x0000000008011ff4                . = ALIGN (0x4)

.rel.dyn        0x0000000008011ff4        0x0
 .rel.iplt      0x0000000008011ff4        0x0 d:/stm cubeide/stm32cubeide_1.9.0/stm32cubeide/plugins/com.st.stm32cube.ide.mcu.externaltools.gnu-tools-for-stm32.10.3-2021.10.win32_1.0.0.202111181127/tools/bin/../lib/gcc/arm-none-eabi/10.3.1/thumb/v7e-m+fp/hard/crtbegin.o

.ARM.extab      0x0000000008011ff4        0x0
                0x0000000008011ff4                . = ALIGN (0x4)
 *(.ARM.extab* .gnu.linkonce.armextab.*)
                0x0000000008011ff4                . = ALIGN (0x4)

.ARM            0x0000000008011ff4        0x0
                0x0000000008011ff4                . = ALIGN (0x4)
                0x0000000008011ff4                __exidx_start = .
 *(.ARM.exidx*)
                0x0000000008011ff4                __exidx_end = .
                0x0000000008011ff4                . = ALIGN (0x4)

.preinit_array  0x0000000008011ff4        0x0
                0x0000000008011ff4                . = ALIGN (0x4)
                0x0000000008011ff4                PROVIDE (__preinit_array_start = .)
 *(.preinit_array*)
                0x0000000008011ff4                PROVIDE (__preinit_array_end = .)
                0x0000000008011ff4                . = ALIGN (0x4)

.init_array     0x0000000008011ff4        0x4
                0x0000000008011ff4                . = ALIGN (0x4)
                0x0000000008011ff4                PROVIDE (__init_array_start = .)
 *(SORT_BY_NAME(.init_array.*))
 *(.init_array*)
 .init_array    0x0000000008011ff4        0x4 d:/stm cubeide/stm32cubeide_1.9.0/stm32cubeide/plugins/com.st.stm32cube.ide.mcu.externaltools.gnu-tools-for-stm32.10.3-2021.10.win32_1.0.0.202111181127/tools/bin/../lib/gcc/arm-none-eabi/10.3.1/thumb/v7e-m+fp/hard/crtbegin.o
                0x0000000008011ff8                PROVIDE (__init_array_end = .)
                0x0000000008011ff8                . = ALIGN (0x4)

.fini_array     0x0000000008011ff8        0x4
                0x0000000008011ff8                . = ALIGN (0x4)
                [!provide]                        PROVIDE (__fini_array_start = .)
 *(SORT_BY_NAME(.fini_array.*))
 *(.fini_array*)
 .fini_array    0x0000000008011ff8        0x4 d:/stm cubeide/stm32cubeide_1.9.0/stm32cubeide/plugins/com.st.stm32cube.ide.mcu.externaltools.gnu-tools-for-stm32.10.3-2021.10.win32_1.0.0.202111181127/tools/bin/../lib/gcc/arm-none-eabi/10.3.1/thumb/v7e-m+fp/hard/crtbegin.o
                [!provide]                        PROVIDE (__fini_array_end = .)
                0x0000000008011ffc                . = ALIGN (0x4)
                0x0000000008011ffc                _sidata = LOADADDR (.data)

.data           0x0000000020000000        0xc load address 0x0000000008011ffc
                0x0000000020000000                . = ALIGN (0x4)
                0x0000000020000000                _sdata = .
 *(.data)
 *(.data*)
 .data.SystemCoreClock
                0x0000000020000000        0x4 ./Core/Src/system_stm32f3xx.o
                0x0000000020000000                SystemCoreClock
 .data.uwTickPrio
                0x0000000020000004        0x4 ./Drivers/STM32F3xx_HAL_Driver/stm32f3xx_hal.o
                0x0000000020000004                uwTickPrio
 .data.uwTickFreq
                0x0000000020000008        0x1 ./Drivers/STM32F3xx_HAL_Driver/stm32f3xx_hal.o
                0x0000000020000008                uwTickFreq
 *(.RamFunc)
 *(.RamFunc*)
                0x000000002000000c                . = ALIGN (0x4)
 *fill*         0x0000000020000009        0x3 
                0x000000002000000c                _edata = .
                0x0000000008012008                _siccmram = LOADADDR (.ccmram)

.igot.plt       0x000000002000000c        0x0 load address 0x0000000008012008
 .igot.plt      0x000000002000000c        0x0 d:/stm cubeide/stm32cubeide_1.9.0/stm32cubeide/plugins/com.st.stm32cube.ide.mcu.externaltools.gnu-tools-for-stm32.10.3-2021.10.win32_1.0.0.202111181127/tools/bin/../lib/gcc/arm-none-eabi/10.3.1/thumb/v7e-m+fp/hard/crtbegin.o

.ccmram         0x0000000010000000        0x0 load address 0x0000000008012008
                0x0000000010000000                . = ALIGN (0x4)
                0x0000000010000000                _sccmram = .
 *(.ccmram)
 *(.ccmram*)
                0x0000000010000000                . = ALIGN (0x4)
                0x0000000010000000                _eccmram = .
                0x0000000010000000                . = ALIGN (0x4)

.bss            0x000000002000000c       0x20
                0x000000002000000c                _sbss = .
                0x000000002000000c                __bss_start__ = _sbss
 *(.bss)
 .bss           0x000000002000000c       0x1c d:/stm cubeide/stm32cubeide_1.9.0/stm32cubeide/plugins/com.st.stm32cube.ide.mcu.externaltools.gnu-tools-for-stm32.10.3-2021.10.win32_1.0.0.202111181127/tools/bin/../lib/gcc/arm-none-eabi/10.3.1/thumb/v7e-m+fp/hard/crtbegin.o
 *(.bss*)
 .bss.uwTick    0x0000000020000028        0x4 ./Drivers/STM32F3xx_HAL_Driver/stm32f3xx_hal.o
                0x0000000020000028                uwTick
 *(COMMON)
                0x000000002000002c                . = ALIGN (0x4)
                0x000000002000002c                _ebss = .
                0x000000002000002c                __bss_end__ = _ebss

._user_heap_stack
                0x000000002000002c      0x604
                0x0000000020000030                . = ALIGN (0x8)
 *fill*         0x000000002000002c        0x4 
                [!provide]                        PROVIDE (end = .)
                0x0000000020000030                PROVIDE (_end = .)
                0x0000000020000230                . = (. + _Min_Heap_Size)
 *fill*         0x0000000020000030      0x200 
                0x0000000020000630                . = (. + _Min_Stack_Size)
 *fill*         0x0000000020000230      0x400 
                0x0000000020000630                . = ALIGN (0x8)

/DISCARD/
 libc.a(*)
 libm.a(*)
 libgcc.a(*)

.ARM.attributes
                0x0000000000000000       0x30
 *(.ARM.attributes)
 .ARM.attributes
                0x0000000000000000       0x1e d:/stm cubeide/stm32cubeide_1.9.0/stm32cubeide/plugins/com.st.stm32cube.ide.mcu.externaltools.gnu-tools-for-stm32.10.3-2021.10.win32_1.0.0.202111181127/tools/bin/../lib/gcc/arm-none-eabi/10.3.1/thumb/v7e-m+fp/hard/crti.o
 .ARM.attributes
                0x000000000000001e       0x34 d:/stm cubeide/stm32cubeide_1.9.0/stm32cubeide/plugins/com.st.stm32cube.ide.mcu.externaltools.gnu-tools-for-stm32.10.3-2021.10.win32_1.0.0.202111181127/tools/bin/../lib/gcc/arm-none-eabi/10.3.1/thumb/v7e-m+fp/hard/crtbegin.o
 .ARM.attributes
                0x0000000000000052       0x34 ./Core/Src/main.o
 .ARM.attributes
                0x0000000000000086       0x34 ./Core/Src/stm32f3xx_hal_msp.o
 .ARM.attributes
                0x00000000000000ba       0x34 ./Core/Src/stm32f3xx_it.o
 .ARM.attributes
                0x00000000000000ee       0x34 ./Core/Src/system_stm32f3xx.o
 .ARM.attributes
                0x0000000000000122       0x21 ./Core/Startup/startup_stm32f303retx.o
 .ARM.attributes
                0x0000000000000143       0x34 ./Drivers/STM32F3xx_HAL_Driver/stm32f3xx_hal.o
 .ARM.attributes
                0x0000000000000177       0x34 ./Drivers/STM32F3xx_HAL_Driver/stm32f3xx_hal_cortex.o
 .ARM.attributes
                0x00000000000001ab       0x34 ./Drivers/STM32F3xx_HAL_Driver/stm32f3xx_hal_gpio.o
 .ARM.attributes
                0x00000000000001df       0x34 ./Drivers/STM32F3xx_HAL_Driver/stm32f3xx_hal_rcc.o
 .ARM.attributes
                0x0000000000000213       0x34 d:/stm cubeide/stm32cubeide_1.9.0/stm32cubeide/plugins/com.st.stm32cube.ide.mcu.externaltools.gnu-tools-for-stm32.10.3-2021.10.win32_1.0.0.202111181127/tools/bin/../lib/gcc/arm-none-eabi/10.3.1/../../../../arm-none-eabi/lib/thumb/v7e-m+fp/hard\libc_nano.a(lib_a-init.o)
 .ARM.attributes
                0x0000000000000247       0x34 d:/stm cubeide/stm32cubeide_1.9.0/stm32cubeide/plugins/com.st.stm32cube.ide.mcu.externaltools.gnu-tools-for-stm32.10.3-2021.10.win32_1.0.0.202111181127/tools/bin/../lib/gcc/arm-none-eabi/10.3.1/../../../../arm-none-eabi/lib/thumb/v7e-m+fp/hard\libc_nano.a(lib_a-memset.o)
 .ARM.attributes
                0x000000000000027b       0x1e d:/stm cubeide/stm32cubeide_1.9.0/stm32cubeide/plugins/com.st.stm32cube.ide.mcu.externaltools.gnu-tools-for-stm32.10.3-2021.10.win32_1.0.0.202111181127/tools/bin/../lib/gcc/arm-none-eabi/10.3.1/thumb/v7e-m+fp/hard/crtn.o
OUTPUT(MinimApp.elf elf32-littlearm)
LOAD linker stubs
LOAD d:/stm cubeide/stm32cubeide_1.9.0/stm32cubeide/plugins/com.st.stm32cube.ide.mcu.externaltools.gnu-tools-for-stm32.10.3-2021.10.win32_1.0.0.202111181127/tools/bin/../lib/gcc/arm-none-eabi/10.3.1/../../../../arm-none-eabi/lib/thumb/v7e-m+fp/hard\libc.a
LOAD d:/stm cubeide/stm32cubeide_1.9.0/stm32cubeide/plugins/com.st.stm32cube.ide.mcu.externaltools.gnu-tools-for-stm32.10.3-2021.10.win32_1.0.0.202111181127/tools/bin/../lib/gcc/arm-none-eabi/10.3.1/../../../../arm-none-eabi/lib/thumb/v7e-m+fp/hard\libm.a
LOAD d:/stm cubeide/stm32cubeide_1.9.0/stm32cubeide/plugins/com.st.stm32cube.ide.mcu.externaltools.gnu-tools-for-stm32.10.3-2021.10.win32_1.0.0.202111181127/tools/bin/../lib/gcc/arm-none-eabi/10.3.1/thumb/v7e-m+fp/hard\libgcc.a

.debug_info     0x0000000000000000     0x3fe4
 .debug_info    0x0000000000000000      0x5fc ./Core/Src/main.o
 .debug_info    0x00000000000005fc      0x1bd ./Core/Src/stm32f3xx_hal_msp.o
 .debug_info    0x00000000000007b9      0x122 ./Core/Src/stm32f3xx_it.o
 .debug_info    0x00000000000008db      0x416 ./Core/Src/system_stm32f3xx.o
 .debug_info    0x0000000000000cf1       0x22 ./Core/Startup/startup_stm32f303retx.o
 .debug_info    0x0000000000000d13      0x837 ./Drivers/STM32F3xx_HAL_Driver/stm32f3xx_hal.o
 .debug_info    0x000000000000154a      0xdb5 ./Drivers/STM32F3xx_HAL_Driver/stm32f3xx_hal_cortex.o
 .debug_info    0x00000000000022ff      0x74e ./Drivers/STM32F3xx_HAL_Driver/stm32f3xx_hal_gpio.o
 .debug_info    0x0000000000002a4d     0x1597 ./Drivers/STM32F3xx_HAL_Driver/stm32f3xx_hal_rcc.o

.debug_abbrev   0x0000000000000000      0xe4c
 .debug_abbrev  0x0000000000000000      0x1e7 ./Core/Src/main.o
 .debug_abbrev  0x00000000000001e7       0xde ./Core/Src/stm32f3xx_hal_msp.o
 .debug_abbrev  0x00000000000002c5       0x74 ./Core/Src/stm32f3xx_it.o
 .debug_abbrev  0x0000000000000339      0x116 ./Core/Src/system_stm32f3xx.o
 .debug_abbrev  0x000000000000044f       0x12 ./Core/Startup/startup_stm32f303retx.o
 .debug_abbrev  0x0000000000000461      0x20e ./Drivers/STM32F3xx_HAL_Driver/stm32f3xx_hal.o
 .debug_abbrev  0x000000000000066f      0x316 ./Drivers/STM32F3xx_HAL_Driver/stm32f3xx_hal_cortex.o
 .debug_abbrev  0x0000000000000985      0x1bb ./Drivers/STM32F3xx_HAL_Driver/stm32f3xx_hal_gpio.o
 .debug_abbrev  0x0000000000000b40      0x30c ./Drivers/STM32F3xx_HAL_Driver/stm32f3xx_hal_rcc.o

.debug_aranges  0x0000000000000000      0x3e0
 .debug_aranges
                0x0000000000000000       0x38 ./Core/Src/main.o
 .debug_aranges
                0x0000000000000038       0x20 ./Core/Src/stm32f3xx_hal_msp.o
 .debug_aranges
                0x0000000000000058       0x60 ./Core/Src/stm32f3xx_it.o
 .debug_aranges
                0x00000000000000b8       0x28 ./Core/Src/system_stm32f3xx.o
 .debug_aranges
                0x00000000000000e0       0x28 ./Core/Startup/startup_stm32f303retx.o
 .debug_aranges
                0x0000000000000108       0xe0 ./Drivers/STM32F3xx_HAL_Driver/stm32f3xx_hal.o
 .debug_aranges
                0x00000000000001e8      0x118 ./Drivers/STM32F3xx_HAL_Driver/stm32f3xx_hal_cortex.o
 .debug_aranges
                0x0000000000000300       0x58 ./Drivers/STM32F3xx_HAL_Driver/stm32f3xx_hal_gpio.o
 .debug_aranges
                0x0000000000000358       0x88 ./Drivers/STM32F3xx_HAL_Driver/stm32f3xx_hal_rcc.o

.debug_ranges   0x0000000000000000      0x358
 .debug_ranges  0x0000000000000000       0x28 ./Core/Src/main.o
 .debug_ranges  0x0000000000000028       0x10 ./Core/Src/stm32f3xx_hal_msp.o
 .debug_ranges  0x0000000000000038       0x50 ./Core/Src/stm32f3xx_it.o
 .debug_ranges  0x0000000000000088       0x18 ./Core/Src/system_stm32f3xx.o
 .debug_ranges  0x00000000000000a0       0x20 ./Core/Startup/startup_stm32f303retx.o
 .debug_ranges  0x00000000000000c0       0xd0 ./Drivers/STM32F3xx_HAL_Driver/stm32f3xx_hal.o
 .debug_ranges  0x0000000000000190      0x108 ./Drivers/STM32F3xx_HAL_Driver/stm32f3xx_hal_cortex.o
 .debug_ranges  0x0000000000000298       0x48 ./Drivers/STM32F3xx_HAL_Driver/stm32f3xx_hal_gpio.o
 .debug_ranges  0x00000000000002e0       0x78 ./Drivers/STM32F3xx_HAL_Driver/stm32f3xx_hal_rcc.o

.debug_macro    0x0000000000000000    0x1ff81
 .debug_macro   0x0000000000000000      0x1c3 ./Core/Src/main.o
 .debug_macro   0x00000000000001c3      0xb50 ./Core/Src/main.o
 .debug_macro   0x0000000000000d13      0x14b ./Core/Src/main.o
 .debug_macro   0x0000000000000e5e       0x2e ./Core/Src/main.o
 .debug_macro   0x0000000000000e8c       0x28 ./Core/Src/main.o
 .debug_macro   0x0000000000000eb4       0x1c ./Core/Src/main.o
 .debug_macro   0x0000000000000ed0       0x22 ./Core/Src/main.o
 .debug_macro   0x0000000000000ef2       0x8e ./Core/Src/main.o
 .debug_macro   0x0000000000000f80       0x51 ./Core/Src/main.o
 .debug_macro   0x0000000000000fd1      0x103 ./Core/Src/main.o
 .debug_macro   0x00000000000010d4       0x6a ./Core/Src/main.o
 .debug_macro   0x000000000000113e      0x1df ./Core/Src/main.o
 .debug_macro   0x000000000000131d       0x1c ./Core/Src/main.o
 .debug_macro   0x0000000000001339       0x22 ./Core/Src/main.o
 .debug_macro   0x000000000000135b       0xd9 ./Core/Src/main.o
 .debug_macro   0x0000000000001434     0x102d ./Core/Src/main.o
 .debug_macro   0x0000000000002461      0x11f ./Core/Src/main.o
 .debug_macro   0x0000000000002580    0x1535a ./Core/Src/main.o
 .debug_macro   0x00000000000178da       0x6d ./Core/Src/main.o
 .debug_macro   0x0000000000017947     0x3540 ./Core/Src/main.o
 .debug_macro   0x000000000001ae87      0x17b ./Core/Src/main.o
 .debug_macro   0x000000000001b002       0x55 ./Core/Src/main.o
 .debug_macro   0x000000000001b057      0x954 ./Core/Src/main.o
 .debug_macro   0x000000000001b9ab      0x84a ./Core/Src/main.o
 .debug_macro   0x000000000001c1f5      0x1b6 ./Core/Src/main.o
 .debug_macro   0x000000000001c3ab      0x23a ./Core/Src/main.o
 .debug_macro   0x000000000001c5e5      0x1ea ./Core/Src/main.o
 .debug_macro   0x000000000001c7cf      0x1bc ./Core/Src/main.o
 .debug_macro   0x000000000001c98b       0x30 ./Core/Src/main.o
 .debug_macro   0x000000000001c9bb       0x3c ./Core/Src/main.o
 .debug_macro   0x000000000001c9f7      0x236 ./Core/Src/main.o
 .debug_macro   0x000000000001cc2d       0xc5 ./Core/Src/main.o
 .debug_macro   0x000000000001ccf2      0x21d ./Core/Src/main.o
 .debug_macro   0x000000000001cf0f      0x22c ./Core/Src/main.o
 .debug_macro   0x000000000001d13b       0x5b ./Core/Src/main.o
 .debug_macro   0x000000000001d196       0xa5 ./Core/Src/main.o
 .debug_macro   0x000000000001d23b       0x81 ./Core/Src/main.o
 .debug_macro   0x000000000001d2bc       0xd3 ./Core/Src/main.o
 .debug_macro   0x000000000001d38f      0x347 ./Core/Src/main.o
 .debug_macro   0x000000000001d6d6       0x40 ./Core/Src/main.o
 .debug_macro   0x000000000001d716      0x1be ./Core/Src/stm32f3xx_hal_msp.o
 .debug_macro   0x000000000001d8d4      0xa78 ./Core/Src/stm32f3xx_hal_msp.o
 .debug_macro   0x000000000001e34c     0x102d ./Core/Src/stm32f3xx_hal_msp.o
 .debug_macro   0x000000000001f379      0x174 ./Core/Src/stm32f3xx_hal_msp.o
 .debug_macro   0x000000000001f4ed      0x1c8 ./Core/Src/stm32f3xx_it.o
 .debug_macro   0x000000000001f6b5      0x1c1 ./Core/Src/system_stm32f3xx.o
 .debug_macro   0x000000000001f876      0x1d3 ./Drivers/STM32F3xx_HAL_Driver/stm32f3xx_hal.o
 .debug_macro   0x000000000001fa49      0x1af ./Drivers/STM32F3xx_HAL_Driver/stm32f3xx_hal_cortex.o
 .debug_macro   0x000000000001fbf8      0x1b6 ./Drivers/STM32F3xx_HAL_Driver/stm32f3xx_hal_gpio.o
 .debug_macro   0x000000000001fdae      0x1d3 ./Drivers/STM32F3xx_HAL_Driver/stm32f3xx_hal_rcc.o

.debug_line     0x0000000000000000     0x58db
 .debug_line    0x0000000000000000      0x84c ./Core/Src/main.o
 .debug_line    0x000000000000084c      0x78f ./Core/Src/stm32f3xx_hal_msp.o
 .debug_line    0x0000000000000fdb      0x851 ./Core/Src/stm32f3xx_it.o
 .debug_line    0x000000000000182c      0x810 ./Core/Src/system_stm32f3xx.o
 .debug_line    0x000000000000203c       0x88 ./Core/Startup/startup_stm32f303retx.o
 .debug_line    0x00000000000020c4      0xa75 ./Drivers/STM32F3xx_HAL_Driver/stm32f3xx_hal.o
 .debug_line    0x0000000000002b39      0xd3a ./Drivers/STM32F3xx_HAL_Driver/stm32f3xx_hal_cortex.o
 .debug_line    0x0000000000003873      0xbfe ./Drivers/STM32F3xx_HAL_Driver/stm32f3xx_hal_gpio.o
 .debug_line    0x0000000000004471     0x146a ./Drivers/STM32F3xx_HAL_Driver/stm32f3xx_hal_rcc.o

.debug_str      0x0000000000000000    0xb74b0
 .debug_str     0x0000000000000000    0xb6054 ./Core/Src/main.o
                                      0xb676d (size before relaxing)
 .debug_str     0x00000000000b6054      0x235 ./Core/Src/stm32f3xx_hal_msp.o
                                      0xb5fce (size before relaxing)
 .debug_str     0x00000000000b6289       0xc9 ./Core/Src/stm32f3xx_it.o
                                      0xb5fe0 (size before relaxing)
 .debug_str     0x00000000000b6352      0x147 ./Core/Src/system_stm32f3xx.o
                                      0xb5fff (size before relaxing)
 .debug_str     0x00000000000b6499       0x36 ./Core/Startup/startup_stm32f303retx.o
                                         0x59 (size before relaxing)
 .debug_str     0x00000000000b64cf      0x73b ./Drivers/STM32F3xx_HAL_Driver/stm32f3xx_hal.o
                                      0xb688f (size before relaxing)
 .debug_str     0x00000000000b6c0a      0x3c2 ./Drivers/STM32F3xx_HAL_Driver/stm32f3xx_hal_cortex.o
                                      0xb68e1 (size before relaxing)
 .debug_str     0x00000000000b6fcc      0x1cc ./Drivers/STM32F3xx_HAL_Driver/stm32f3xx_hal_gpio.o
                                      0xb61cb (size before relaxing)
 .debug_str     0x00000000000b7198      0x318 ./Drivers/STM32F3xx_HAL_Driver/stm32f3xx_hal_rcc.o
                                      0xb648a (size before relaxing)

.comment        0x0000000000000000       0x50
 .comment       0x0000000000000000       0x50 ./Core/Src/main.o
                                         0x51 (size before relaxing)
 .comment       0x0000000000000050       0x51 ./Core/Src/stm32f3xx_hal_msp.o
 .comment       0x0000000000000050       0x51 ./Core/Src/stm32f3xx_it.o
 .comment       0x0000000000000050       0x51 ./Core/Src/system_stm32f3xx.o
 .comment       0x0000000000000050       0x51 ./Drivers/STM32F3xx_HAL_Driver/stm32f3xx_hal.o
 .comment       0x0000000000000050       0x51 ./Drivers/STM32F3xx_HAL_Driver/stm32f3xx_hal_cortex.o
 .comment       0x0000000000000050       0x51 ./Drivers/STM32F3xx_HAL_Driver/stm32f3xx_hal_gpio.o
 .comment       0x0000000000000050       0x51 ./Drivers/STM32F3xx_HAL_Driver/stm32f3xx_hal_rcc.o

.debug_frame    0x0000000000000000      0xd94
 .debug_frame   0x0000000000000000       0x8c ./Core/Src/main.o
 .debug_frame   0x000000000000008c       0x34 ./Core/Src/stm32f3xx_hal_msp.o
 .debug_frame   0x00000000000000c0      0x104 ./Core/Src/stm32f3xx_it.o
 .debug_frame   0x00000000000001c4       0x58 ./Core/Src/system_stm32f3xx.o
 .debug_frame   0x000000000000021c      0x334 ./Drivers/STM32F3xx_HAL_Driver/stm32f3xx_hal.o
 .debug_frame   0x0000000000000550      0x498 ./Drivers/STM32F3xx_HAL_Driver/stm32f3xx_hal_cortex.o
 .debug_frame   0x00000000000009e8      0x14c ./Drivers/STM32F3xx_HAL_Driver/stm32f3xx_hal_gpio.o
 .debug_frame   0x0000000000000b34      0x214 ./Drivers/STM32F3xx_HAL_Driver/stm32f3xx_hal_rcc.o
 .debug_frame   0x0000000000000d48       0x2c d:/stm cubeide/stm32cubeide_1.9.0/stm32cubeide/plugins/com.st.stm32cube.ide.mcu.externaltools.gnu-tools-for-stm32.10.3-2021.10.win32_1.0.0.202111181127/tools/bin/../lib/gcc/arm-none-eabi/10.3.1/../../../../arm-none-eabi/lib/thumb/v7e-m+fp/hard\libc_nano.a(lib_a-init.o)
 .debug_frame   0x0000000000000d74       0x20 d:/stm cubeide/stm32cubeide_1.9.0/stm32cubeide/plugins/com.st.stm32cube.ide.mcu.externaltools.gnu-tools-for-stm32.10.3-2021.10.win32_1.0.0.202111181127/tools/bin/../lib/gcc/arm-none-eabi/10.3.1/../../../../arm-none-eabi/lib/thumb/v7e-m+fp/hard\libc_nano.a(lib_a-memset.o)
