../Core/Src/../Mods/RS485_E/M485_E.h:54:18:void M485E::init(UART_HandleTypeDef*)	16	static
../Core/Src/../Mods/RS485_E/M485_E.h:132:18:void M485E::Send_IT()	32	static
../Core/Src/../Mods/RS485_E/M485_E.h:225:18:void M485E::onIT_RX()	16	static
../Core/Src/../Mods/RS485_E/M485_E.h:337:25:bool M485E::isEmpty()	16	static
../Core/Src/../Mods/RS485_E/M485_E.h:343:25:bool M485E::bufAdd(uint8_t)	24	static
../Core/Src/../Mods/RS485_E/M485_E.h:362:10:bool M485E::bufPrepareTX(uint8_t**, int*)	24	static
../Core/Src/../Mods/RS485_E/M485_E.h:13:9:M485E::M485E()	16	static
../Core/Src/main.cpp:62:6:void HAL_UART_TxCpltCallback(UART_HandleTypeDef*)	16	static
../Core/Src/main.cpp:70:6:void HAL_UART_RxCpltCallback(UART_HandleTypeDef*)	16	static
../Core/Src/main.cpp:85:5:int main()	8	static,ignoring_inline_asm
../Core/Src/main.cpp:149:6:void SystemClock_Config()	88	static
../Core/Src/../Mods/RS485_E/M485_E_cpp.h:14:6:void M485E::onReceive(uint8_t)	16	static
../Core/Src/../Mods/RS485_E/M485_E_cpp.h:125:6:void M485E::onTimer_Frame()	16	static
../Core/Src/../Mods/RS485_E/M485_E_cpp_TX.h:10:6:void M485E::sendTX_TEST()	16	static
../Core/Src/main.cpp:204:6:void HAL_TIM_PeriodElapsedCallback(TIM_HandleTypeDef*)	16	static
../Core/Src/main.cpp:221:6:void Error_Handler()	4	static,ignoring_inline_asm
../Core/Src/main.cpp:230:1:void __static_initialization_and_destruction_0(int, int)	16	static
../Core/Src/main.cpp:230:1:cpp)	8	static
