Archive member included to satisfy reference by file (symbol)

d:/stm cubeide/stm32cubeide_1.9.0/stm32cubeide/plugins/com.st.stm32cube.ide.mcu.externaltools.gnu-tools-for-stm32.10.3-2021.10.win32_1.0.0.202111181127/tools/bin/../lib/gcc/arm-none-eabi/10.3.1/../../../../arm-none-eabi/lib/thumb/v7e-m+fp/hard\libc_nano.a(lib_a-errno.o)
                              ./Core/Src/syscalls.o (__errno)
d:/stm cubeide/stm32cubeide_1.9.0/stm32cubeide/plugins/com.st.stm32cube.ide.mcu.externaltools.gnu-tools-for-stm32.10.3-2021.10.win32_1.0.0.202111181127/tools/bin/../lib/gcc/arm-none-eabi/10.3.1/../../../../arm-none-eabi/lib/thumb/v7e-m+fp/hard\libc_nano.a(lib_a-exit.o)
                              d:/stm cubeide/stm32cubeide_1.9.0/stm32cubeide/plugins/com.st.stm32cube.ide.mcu.externaltools.gnu-tools-for-stm32.10.3-2021.10.win32_1.0.0.202111181127/tools/bin/../lib/gcc/arm-none-eabi/10.3.1/../../../../arm-none-eabi/lib/thumb/v7e-m+fp/hard/crt0.o (exit)
d:/stm cubeide/stm32cubeide_1.9.0/stm32cubeide/plugins/com.st.stm32cube.ide.mcu.externaltools.gnu-tools-for-stm32.10.3-2021.10.win32_1.0.0.202111181127/tools/bin/../lib/gcc/arm-none-eabi/10.3.1/../../../../arm-none-eabi/lib/thumb/v7e-m+fp/hard\libc_nano.a(lib_a-impure.o)
                              d:/stm cubeide/stm32cubeide_1.9.0/stm32cubeide/plugins/com.st.stm32cube.ide.mcu.externaltools.gnu-tools-for-stm32.10.3-2021.10.win32_1.0.0.202111181127/tools/bin/../lib/gcc/arm-none-eabi/10.3.1/../../../../arm-none-eabi/lib/thumb/v7e-m+fp/hard\libc_nano.a(lib_a-exit.o) (_global_impure_ptr)
d:/stm cubeide/stm32cubeide_1.9.0/stm32cubeide/plugins/com.st.stm32cube.ide.mcu.externaltools.gnu-tools-for-stm32.10.3-2021.10.win32_1.0.0.202111181127/tools/bin/../lib/gcc/arm-none-eabi/10.3.1/../../../../arm-none-eabi/lib/thumb/v7e-m+fp/hard\libc_nano.a(lib_a-init.o)
                              d:/stm cubeide/stm32cubeide_1.9.0/stm32cubeide/plugins/com.st.stm32cube.ide.mcu.externaltools.gnu-tools-for-stm32.10.3-2021.10.win32_1.0.0.202111181127/tools/bin/../lib/gcc/arm-none-eabi/10.3.1/../../../../arm-none-eabi/lib/thumb/v7e-m+fp/hard/crt0.o (__libc_init_array)
d:/stm cubeide/stm32cubeide_1.9.0/stm32cubeide/plugins/com.st.stm32cube.ide.mcu.externaltools.gnu-tools-for-stm32.10.3-2021.10.win32_1.0.0.202111181127/tools/bin/../lib/gcc/arm-none-eabi/10.3.1/../../../../arm-none-eabi/lib/thumb/v7e-m+fp/hard\libc_nano.a(lib_a-memset.o)
                              d:/stm cubeide/stm32cubeide_1.9.0/stm32cubeide/plugins/com.st.stm32cube.ide.mcu.externaltools.gnu-tools-for-stm32.10.3-2021.10.win32_1.0.0.202111181127/tools/bin/../lib/gcc/arm-none-eabi/10.3.1/../../../../arm-none-eabi/lib/thumb/v7e-m+fp/hard/crt0.o (memset)
d:/stm cubeide/stm32cubeide_1.9.0/stm32cubeide/plugins/com.st.stm32cube.ide.mcu.externaltools.gnu-tools-for-stm32.10.3-2021.10.win32_1.0.0.202111181127/tools/bin/../lib/gcc/arm-none-eabi/10.3.1/thumb/v7e-m+fp/hard\libgcc.a(_aeabi_uldivmod.o)
                              ./Drivers/STM32F4xx_HAL_Driver/stm32f4xx_hal_rcc.o (__aeabi_uldivmod)
d:/stm cubeide/stm32cubeide_1.9.0/stm32cubeide/plugins/com.st.stm32cube.ide.mcu.externaltools.gnu-tools-for-stm32.10.3-2021.10.win32_1.0.0.202111181127/tools/bin/../lib/gcc/arm-none-eabi/10.3.1/thumb/v7e-m+fp/hard\libgcc.a(_udivmoddi4.o)
                              d:/stm cubeide/stm32cubeide_1.9.0/stm32cubeide/plugins/com.st.stm32cube.ide.mcu.externaltools.gnu-tools-for-stm32.10.3-2021.10.win32_1.0.0.202111181127/tools/bin/../lib/gcc/arm-none-eabi/10.3.1/thumb/v7e-m+fp/hard\libgcc.a(_aeabi_uldivmod.o) (__udivmoddi4)
d:/stm cubeide/stm32cubeide_1.9.0/stm32cubeide/plugins/com.st.stm32cube.ide.mcu.externaltools.gnu-tools-for-stm32.10.3-2021.10.win32_1.0.0.202111181127/tools/bin/../lib/gcc/arm-none-eabi/10.3.1/thumb/v7e-m+fp/hard\libgcc.a(_dvmd_tls.o)
                              d:/stm cubeide/stm32cubeide_1.9.0/stm32cubeide/plugins/com.st.stm32cube.ide.mcu.externaltools.gnu-tools-for-stm32.10.3-2021.10.win32_1.0.0.202111181127/tools/bin/../lib/gcc/arm-none-eabi/10.3.1/thumb/v7e-m+fp/hard\libgcc.a(_aeabi_uldivmod.o) (__aeabi_ldiv0)

Discarded input sections

 .text          0x0000000000000000        0x0 d:/stm cubeide/stm32cubeide_1.9.0/stm32cubeide/plugins/com.st.stm32cube.ide.mcu.externaltools.gnu-tools-for-stm32.10.3-2021.10.win32_1.0.0.202111181127/tools/bin/../lib/gcc/arm-none-eabi/10.3.1/thumb/v7e-m+fp/hard/crti.o
 .data          0x0000000000000000        0x0 d:/stm cubeide/stm32cubeide_1.9.0/stm32cubeide/plugins/com.st.stm32cube.ide.mcu.externaltools.gnu-tools-for-stm32.10.3-2021.10.win32_1.0.0.202111181127/tools/bin/../lib/gcc/arm-none-eabi/10.3.1/thumb/v7e-m+fp/hard/crti.o
 .bss           0x0000000000000000        0x0 d:/stm cubeide/stm32cubeide_1.9.0/stm32cubeide/plugins/com.st.stm32cube.ide.mcu.externaltools.gnu-tools-for-stm32.10.3-2021.10.win32_1.0.0.202111181127/tools/bin/../lib/gcc/arm-none-eabi/10.3.1/thumb/v7e-m+fp/hard/crti.o
[...]
Memory Configuration

Name             Origin             Length             Attributes
CCMRAM           0x0000000010000000 0x0000000000010000 xrw
RAM              0x0000000020000000 0x0000000000020000 xrw
FLASH            0x0000000008000000 0x0000000000100000 xr
*default*        0x0000000000000000 0xffffffffffffffff

Linker script and memory map

LOAD d:/stm cubeide/stm32cubeide_1.9.0/stm32cubeide/plugins/com.st.stm32cube.ide.mcu.externaltools.gnu-tools-for-stm32.10.3-2021.10.win32_1.0.0.202111181127/tools/bin/../lib/gcc/arm-none-eabi/10.3.1/thumb/v7e-m+fp/hard/crti.o
LOAD d:/stm cubeide/stm32cubeide_1.9.0/stm32cubeide/plugins/com.st.stm32cube.ide.mcu.externaltools.gnu-tools-for-stm32.10.3-2021.10.win32_1.0.0.202111181127/tools/bin/../lib/gcc/arm-none-eabi/10.3.1/thumb/v7e-m+fp/hard/crtbegin.o
LOAD d:/stm cubeide/stm32cubeide_1.9.0/stm32cubeide/plugins/com.st.stm32cube.ide.mcu.externaltools.gnu-tools-for-stm32.10.3-2021.10.win32_1.0.0.202111181127/tools/bin/../lib/gcc/arm-none-eabi/10.3.1/../../../../arm-none-eabi/lib/thumb/v7e-m+fp/hard/crt0.o
LOAD ./Core/Src/adc.o
LOAD ./Core/Src/crc.o
LOAD ./Core/Src/gpio.o
LOAD ./Core/Src/main.o
LOAD ./Core/Src/spi.o
LOAD ./Core/Src/stm32f4xx_hal_msp.o
LOAD ./Core/Src/stm32f4xx_hal_timebase_tim.o
LOAD ./Core/Src/stm32f4xx_it.o
LOAD ./Core/Src/syscalls.o
LOAD ./Core/Src/sysmem.o
LOAD ./Core/Src/system_stm32f4xx.o
LOAD ./Core/Src/usart.o
LOAD ./Core/Startup/startup_stm32f405rgtx.o
LOAD ./Drivers/STM32F4xx_HAL_Driver/stm32f4xx_hal.o
LOAD ./Drivers/STM32F4xx_HAL_Driver/stm32f4xx_hal_adc.o
LOAD ./Drivers/STM32F4xx_HAL_Driver/stm32f4xx_hal_adc_ex.o
LOAD ./Drivers/STM32F4xx_HAL_Driver/stm32f4xx_hal_cortex.o
LOAD ./Drivers/STM32F4xx_HAL_Driver/stm32f4xx_hal_crc.o
LOAD ./Drivers/STM32F4xx_HAL_Driver/stm32f4xx_hal_dma.o
LOAD ./Drivers/STM32F4xx_HAL_Driver/stm32f4xx_hal_dma_ex.o
LOAD ./Drivers/STM32F4xx_HAL_Driver/stm32f4xx_hal_exti.o
LOAD ./Drivers/STM32F4xx_HAL_Driver/stm32f4xx_hal_flash.o
LOAD ./Drivers/STM32F4xx_HAL_Driver/stm32f4xx_hal_flash_ex.o
LOAD ./Drivers/STM32F4xx_HAL_Driver/stm32f4xx_hal_flash_ramfunc.o
LOAD ./Drivers/STM32F4xx_HAL_Driver/stm32f4xx_hal_gpio.o
LOAD ./Drivers/STM32F4xx_HAL_Driver/stm32f4xx_hal_pwr.o
LOAD ./Drivers/STM32F4xx_HAL_Driver/stm32f4xx_hal_pwr_ex.o
LOAD ./Drivers/STM32F4xx_HAL_Driver/stm32f4xx_hal_rcc.o
LOAD ./Drivers/STM32F4xx_HAL_Driver/stm32f4xx_hal_rcc_ex.o
LOAD ./Drivers/STM32F4xx_HAL_Driver/stm32f4xx_hal_spi.o
LOAD ./Drivers/STM32F4xx_HAL_Driver/stm32f4xx_hal_tim.o
LOAD ./Drivers/STM32F4xx_HAL_Driver/stm32f4xx_hal_tim_ex.o
LOAD ./Drivers/STM32F4xx_HAL_Driver/stm32f4xx_hal_uart.o
LOAD ./Drivers/STM32F4xx_HAL_Driver/stm32f4xx_ll_adc.o
START GROUP
LOAD d:/stm cubeide/stm32cubeide_1.9.0/stm32cubeide/plugins/com.st.stm32cube.ide.mcu.externaltools.gnu-tools-for-stm32.10.3-2021.10.win32_1.0.0.202111181127/tools/bin/../lib/gcc/arm-none-eabi/10.3.1/../../../../arm-none-eabi/lib/thumb/v7e-m+fp/hard\libstdc++_nano.a
LOAD d:/stm cubeide/stm32cubeide_1.9.0/stm32cubeide/plugins/com.st.stm32cube.ide.mcu.externaltools.gnu-tools-for-stm32.10.3-2021.10.win32_1.0.0.202111181127/tools/bin/../lib/gcc/arm-none-eabi/10.3.1/../../../../arm-none-eabi/lib/thumb/v7e-m+fp/hard\libsupc++_nano.a
END GROUP
LOAD d:/stm cubeide/stm32cubeide_1.9.0/stm32cubeide/plugins/com.st.stm32cube.ide.mcu.externaltools.gnu-tools-for-stm32.10.3-2021.10.win32_1.0.0.202111181127/tools/bin/../lib/gcc/arm-none-eabi/10.3.1/../../../../arm-none-eabi/lib/thumb/v7e-m+fp/hard\libstdc++_nano.a
LOAD d:/stm cubeide/stm32cubeide_1.9.0/stm32cubeide/plugins/com.st.stm32cube.ide.mcu.externaltools.gnu-tools-for-stm32.10.3-2021.10.win32_1.0.0.202111181127/tools/bin/../lib/gcc/arm-none-eabi/10.3.1/../../../../arm-none-eabi/lib/thumb/v7e-m+fp/hard\libm.a
LOAD d:/stm cubeide/stm32cubeide_1.9.0/stm32cubeide/plugins/com.st.stm32cube.ide.mcu.externaltools.gnu-tools-for-stm32.10.3-2021.10.win32_1.0.0.202111181127/tools/bin/../lib/gcc/arm-none-eabi/10.3.1/../../../../arm-none-eabi/lib/thumb/v7e-m+fp/hard\libc_nano.a
START GROUP
LOAD d:/stm cubeide/stm32cubeide_1.9.0/stm32cubeide/plugins/com.st.stm32cube.ide.mcu.externaltools.gnu-tools-for-stm32.10.3-2021.10.win32_1.0.0.202111181127/tools/bin/../lib/gcc/arm-none-eabi/10.3.1/thumb/v7e-m+fp/hard\libgcc.a
LOAD d:/stm cubeide/stm32cubeide_1.9.0/stm32cubeide/plugins/com.st.stm32cube.ide.mcu.externaltools.gnu-tools-for-stm32.10.3-2021.10.win32_1.0.0.202111181127/tools/bin/../lib/gcc/arm-none-eabi/10.3.1/../../../../arm-none-eabi/lib/thumb/v7e-m+fp/hard\libc_nano.a
END GROUP
START GROUP
LOAD d:/stm cubeide/stm32cubeide_1.9.0/stm32cubeide/plugins/com.st.stm32cube.ide.mcu.externaltools.gnu-tools-for-stm32.10.3-2021.10.win32_1.0.0.202111181127/tools/bin/../lib/gcc/arm-none-eabi/10.3.1/thumb/v7e-m+fp/hard\libgcc.a
LOAD d:/stm cubeide/stm32cubeide_1.9.0/stm32cubeide/plugins/com.st.stm32cube.ide.mcu.externaltools.gnu-tools-for-stm32.10.3-2021.10.win32_1.0.0.202111181127/tools/bin/../lib/gcc/arm-none-eabi/10.3.1/../../../../arm-none-eabi/lib/thumb/v7e-m+fp/hard\libc_nano.a
END GROUP
LOAD d:/stm cubeide/stm32cubeide_1.9.0/stm32cubeide/plugins/com.st.stm32cube.ide.mcu.externaltools.gnu-tools-for-stm32.10.3-2021.10.win32_1.0.0.202111181127/tools/bin/../lib/gcc/arm-none-eabi/10.3.1/thumb/v7e-m+fp/hard/crtend.o
LOAD d:/stm cubeide/stm32cubeide_1.9.0/stm32cubeide/plugins/com.st.stm32cube.ide.mcu.externaltools.gnu-tools-for-stm32.10.3-2021.10.win32_1.0.0.202111181127/tools/bin/../lib/gcc/arm-none-eabi/10.3.1/thumb/v7e-m+fp/hard/crtn.o
                0x0000000020020000                _estack = (ORIGIN (RAM) + LENGTH (RAM))
                0x0000000000000200                _Min_Heap_Size = 0x200
                0x0000000000000400                _Min_Stack_Size = 0x400

.isr_vector     0x0000000008000000      0x188
                0x0000000008000000                . = ALIGN (0x4)
 *(.isr_vector)
 .isr_vector    0x0000000008000000      0x188 ./Core/Startup/startup_stm32f405rgtx.o
                0x0000000008000000                g_pfnVectors
                0x0000000008000188                . = ALIGN (0x4)

.text           0x0000000008000188     0x3af8
                0x0000000008000188                . = ALIGN (0x4)
 *(.text)
 .text          0x0000000008000188       0x40 d:/stm cubeide/stm32cubeide_1.9.0/stm32cubeide/plugins/com.st.stm32cube.ide.mcu.externaltools.gnu-tools-for-stm32.10.3-2021.10.win32_1.0.0.202111181127/tools/bin/../lib/gcc/arm-none-eabi/10.3.1/thumb/v7e-m+fp/hard/crtbegin.o
 .text          0x00000000080001c8       0x30 d:/stm cubeide/stm32cubeide_1.9.0/stm32cubeide/plugins/com.st.stm32cube.ide.mcu.externaltools.gnu-tools-for-stm32.10.3-2021.10.win32_1.0.0.202111181127/tools/bin/../lib/gcc/arm-none-eabi/10.3.1/thumb/v7e-m+fp/hard\libgcc.a(_aeabi_uldivmod.o)
                0x00000000080001c8                __aeabi_uldivmod
 .text          0x00000000080001f8      0x2d0 d:/stm cubeide/stm32cubeide_1.9.0/stm32cubeide/plugins/com.st.stm32cube.ide.mcu.externaltools.gnu-tools-for-stm32.10.3-2021.10.win32_1.0.0.202111181127/tools/bin/../lib/gcc/arm-none-eabi/10.3.1/thumb/v7e-m+fp/hard\libgcc.a(_udivmoddi4.o)
                0x00000000080001f8                __udivmoddi4
 .text          0x00000000080004c8        0x4 d:/stm cubeide/stm32cubeide_1.9.0/stm32cubeide/plugins/com.st.stm32cube.ide.mcu.externaltools.gnu-tools-for-stm32.10.3-2021.10.win32_1.0.0.202111181127/tools/bin/../lib/gcc/arm-none-eabi/10.3.1/thumb/v7e-m+fp/hard\libgcc.a(_dvmd_tls.o)
                0x00000000080004c8                __aeabi_idiv0
                0x00000000080004c8                __aeabi_ldiv0
 *(.text*)
 .text.MX_ADC1_Init
                0x00000000080004cc       0xa4 ./Core/Src/adc.o
                0x00000000080004cc                MX_ADC1_Init
 .text.HAL_ADC_MspInit
                0x0000000008000570       0x88 ./Core/Src/adc.o
                0x0000000008000570                HAL_ADC_MspInit
 .text.MX_CRC_Init
                0x00000000080005f8       0x28 ./Core/Src/crc.o
                0x00000000080005f8                MX_CRC_Init
 .text.HAL_CRC_MspInit
                0x0000000008000620       0x44 ./Core/Src/crc.o
                0x0000000008000620                HAL_CRC_MspInit
 .text.MX_GPIO_Init
                0x0000000008000664      0x138 ./Core/Src/gpio.o
                0x0000000008000664                MX_GPIO_Init
 .text._ZN5M485E4initEP20__UART_HandleTypeDef
                0x000000000800079c       0x28 ./Core/Src/main.o
                0x000000000800079c                M485E::init(__UART_HandleTypeDef*)
 .text._ZN5M485E7onIT_RXEv
                0x00000000080007c4       0x84 ./Core/Src/main.o
                0x00000000080007c4                M485E::onIT_RX()
 .text._ZN5M485E7isEmptyEv
                0x0000000008000848       0x2a ./Core/Src/main.o
                0x0000000008000848                M485E::isEmpty()
 .text._ZN5M485EC2Ev
                0x0000000008000872       0x64 ./Core/Src/main.o
                0x0000000008000872                M485E::M485E()
                0x0000000008000872                M485E::M485E()
 .text.HAL_UART_TxCpltCallback
                0x00000000080008d6       0x14 ./Core/Src/main.o
                0x00000000080008d6                HAL_UART_TxCpltCallback
 *fill*         0x00000000080008ea        0x2 
 .text.HAL_UART_RxCpltCallback
                0x00000000080008ec       0x24 ./Core/Src/main.o
                0x00000000080008ec                HAL_UART_RxCpltCallback
 .text.main     0x0000000008000910       0x58 ./Core/Src/main.o
                0x0000000008000910                main
 .text._Z18SystemClock_Configv
                0x0000000008000968       0xe8 ./Core/Src/main.o
                0x0000000008000968                SystemClock_Config()
 .text._ZN5M485E9onReceiveEh
                0x0000000008000a50       0x70 ./Core/Src/main.o
                0x0000000008000a50                M485E::onReceive(unsigned char)
 .text.HAL_TIM_PeriodElapsedCallback
                0x0000000008000ac0       0x24 ./Core/Src/main.o
                0x0000000008000ac0                HAL_TIM_PeriodElapsedCallback
 .text.Error_Handler
                0x0000000008000ae4        0xa ./Core/Src/main.o
                0x0000000008000ae4                Error_Handler
 *fill*         0x0000000008000aee        0x2 
 .text._Z41__static_initialization_and_destruction_0ii
                0x0000000008000af0       0x2c ./Core/Src/main.o
 .text._GLOBAL__sub_I_g485E
                0x0000000008000b1c       0x10 ./Core/Src/main.o
 .text.MX_SPI1_Init
                0x0000000008000b2c       0x6c ./Core/Src/spi.o
                0x0000000008000b2c                MX_SPI1_Init
 .text.HAL_SPI_MspInit
                0x0000000008000b98       0x90 ./Core/Src/spi.o
                0x0000000008000b98                HAL_SPI_MspInit
 .text.HAL_MspInit
                0x0000000008000c28       0x50 ./Core/Src/stm32f4xx_hal_msp.o
                0x0000000008000c28                HAL_MspInit
 .text.HAL_InitTick
                0x0000000008000c78       0xb4 ./Core/Src/stm32f4xx_hal_timebase_tim.o
                0x0000000008000c78                HAL_InitTick
 .text.NMI_Handler
                0x0000000008000d2c        0x6 ./Core/Src/stm32f4xx_it.o
                0x0000000008000d2c                NMI_Handler
 .text.HardFault_Handler
                0x0000000008000d32        0x6 ./Core/Src/stm32f4xx_it.o
                0x0000000008000d32                HardFault_Handler
 .text.MemManage_Handler
                0x0000000008000d38        0x6 ./Core/Src/stm32f4xx_it.o
                0x0000000008000d38                MemManage_Handler
 .text.BusFault_Handler
                0x0000000008000d3e        0x6 ./Core/Src/stm32f4xx_it.o
                0x0000000008000d3e                BusFault_Handler
 .text.UsageFault_Handler
                0x0000000008000d44        0x6 ./Core/Src/stm32f4xx_it.o
                0x0000000008000d44                UsageFault_Handler
 .text.SVC_Handler
                0x0000000008000d4a        0xe ./Core/Src/stm32f4xx_it.o
                0x0000000008000d4a                SVC_Handler
 .text.DebugMon_Handler
                0x0000000008000d58        0xe ./Core/Src/stm32f4xx_it.o
                0x0000000008000d58                DebugMon_Handler
 .text.PendSV_Handler
                0x0000000008000d66        0xe ./Core/Src/stm32f4xx_it.o
                0x0000000008000d66                PendSV_Handler
 .text.SysTick_Handler
                0x0000000008000d74        0xe ./Core/Src/stm32f4xx_it.o
                0x0000000008000d74                SysTick_Handler
 *fill*         0x0000000008000d82        0x2 
 .text.TIM1_UP_TIM10_IRQHandler
                0x0000000008000d84       0x14 ./Core/Src/stm32f4xx_it.o
                0x0000000008000d84                TIM1_UP_TIM10_IRQHandler
 .text.USART1_IRQHandler
                0x0000000008000d98       0x14 ./Core/Src/stm32f4xx_it.o
                0x0000000008000d98                USART1_IRQHandler
 .text.UART4_IRQHandler
                0x0000000008000dac       0x14 ./Core/Src/stm32f4xx_it.o
                0x0000000008000dac                UART4_IRQHandler
 .text.SystemInit
                0x0000000008000dc0       0x24 ./Core/Src/system_stm32f4xx.o
                0x0000000008000dc0                SystemInit
 .text.MX_UART4_Init
                0x0000000008000de4       0x58 ./Core/Src/usart.o
                0x0000000008000de4                MX_UART4_Init
 .text.MX_USART1_UART_Init
                0x0000000008000e3c       0x54 ./Core/Src/usart.o
                0x0000000008000e3c                MX_USART1_UART_Init
 .text.HAL_UART_MspInit
                0x0000000008000e90      0x120 ./Core/Src/usart.o
                0x0000000008000e90                HAL_UART_MspInit
 .text.Reset_Handler
                0x0000000008000fb0       0x50 ./Core/Startup/startup_stm32f405rgtx.o
                0x0000000008000fb0                Reset_Handler
 .text.Default_Handler
                0x0000000008001000        0x2 ./Core/Startup/startup_stm32f405rgtx.o
                0x0000000008001000                RTC_Alarm_IRQHandler
                0x0000000008001000                HASH_RNG_IRQHandler
                0x0000000008001000                EXTI2_IRQHandler
                0x0000000008001000                TIM8_CC_IRQHandler
                0x0000000008001000                TIM1_CC_IRQHandler
                0x0000000008001000                DMA2_Stream5_IRQHandler
                0x0000000008001000                DMA1_Stream5_IRQHandler
                0x0000000008001000                PVD_IRQHandler
                0x0000000008001000                SDIO_IRQHandler
                0x0000000008001000                TAMP_STAMP_IRQHandler
                0x0000000008001000                CAN2_RX1_IRQHandler
                0x0000000008001000                EXTI3_IRQHandler
                0x0000000008001000                TIM8_TRG_COM_TIM14_IRQHandler
                0x0000000008001000                TIM8_UP_TIM13_IRQHandler
                0x0000000008001000                I2C3_ER_IRQHandler
                0x0000000008001000                EXTI0_IRQHandler
                0x0000000008001000                I2C2_EV_IRQHandler
                0x0000000008001000                DMA1_Stream2_IRQHandler
                0x0000000008001000                CAN1_RX0_IRQHandler
                0x0000000008001000                FPU_IRQHandler
                0x0000000008001000                OTG_HS_WKUP_IRQHandler
                0x0000000008001000                CAN2_SCE_IRQHandler
                0x0000000008001000                DMA2_Stream2_IRQHandler
                0x0000000008001000                SPI1_IRQHandler
                0x0000000008001000                TIM6_DAC_IRQHandler
                0x0000000008001000                TIM1_BRK_TIM9_IRQHandler
                0x0000000008001000                CAN2_RX0_IRQHandler
                0x0000000008001000                DMA2_Stream3_IRQHandler
                0x0000000008001000                USART6_IRQHandler
                0x0000000008001000                USART3_IRQHandler
                0x0000000008001000                CAN1_RX1_IRQHandler
                0x0000000008001000                UART5_IRQHandler
                0x0000000008001000                DMA2_Stream0_IRQHandler
                0x0000000008001000                TIM4_IRQHandler
                0x0000000008001000                I2C1_EV_IRQHandler
                0x0000000008001000                DMA1_Stream6_IRQHandler
                0x0000000008001000                DMA1_Stream1_IRQHandler
                0x0000000008001000                TIM3_IRQHandler
                0x0000000008001000                RCC_IRQHandler
                0x0000000008001000                TIM8_BRK_TIM12_IRQHandler
                0x0000000008001000                Default_Handler
                0x0000000008001000                EXTI15_10_IRQHandler
                0x0000000008001000                ADC_IRQHandler
                0x0000000008001000                DMA1_Stream7_IRQHandler
                0x0000000008001000                TIM7_IRQHandler
                0x0000000008001000                CAN2_TX_IRQHandler
                0x0000000008001000                TIM5_IRQHandler
                0x0000000008001000                DMA2_Stream7_IRQHandler
                0x0000000008001000                I2C3_EV_IRQHandler
                0x0000000008001000                EXTI9_5_IRQHandler
                0x0000000008001000                RTC_WKUP_IRQHandler
                0x0000000008001000                SPI2_IRQHandler
                0x0000000008001000                OTG_HS_EP1_IN_IRQHandler
                0x0000000008001000                DMA1_Stream0_IRQHandler
                0x0000000008001000                CAN1_TX_IRQHandler
                0x0000000008001000                EXTI4_IRQHandler
                0x0000000008001000                FSMC_IRQHandler
                0x0000000008001000                OTG_HS_EP1_OUT_IRQHandler
                0x0000000008001000                WWDG_IRQHandler
                0x0000000008001000                TIM2_IRQHandler
                0x0000000008001000                OTG_FS_WKUP_IRQHandler
                0x0000000008001000                TIM1_TRG_COM_TIM11_IRQHandler
                0x0000000008001000                OTG_HS_IRQHandler
                0x0000000008001000                EXTI1_IRQHandler
                0x0000000008001000                USART2_IRQHandler
                0x0000000008001000                I2C2_ER_IRQHandler
                0x0000000008001000                DMA2_Stream1_IRQHandler
                0x0000000008001000                CAN1_SCE_IRQHandler
                0x0000000008001000                FLASH_IRQHandler
                0x0000000008001000                DMA2_Stream4_IRQHandler
                0x0000000008001000                OTG_FS_IRQHandler
                0x0000000008001000                SPI3_IRQHandler
                0x0000000008001000                DMA1_Stream4_IRQHandler
                0x0000000008001000                I2C1_ER_IRQHandler
                0x0000000008001000                DMA2_Stream6_IRQHandler
                0x0000000008001000                DMA1_Stream3_IRQHandler
 *fill*         0x0000000008001002        0x2 
 .text.HAL_Init
                0x0000000008001004       0x44 ./Drivers/STM32F4xx_HAL_Driver/stm32f4xx_hal.o
                0x0000000008001004                HAL_Init
 .text.HAL_IncTick
                0x0000000008001048       0x28 ./Drivers/STM32F4xx_HAL_Driver/stm32f4xx_hal.o
                0x0000000008001048                HAL_IncTick
 .text.HAL_GetTick
                0x0000000008001070       0x18 ./Drivers/STM32F4xx_HAL_Driver/stm32f4xx_hal.o
                0x0000000008001070                HAL_GetTick
 .text.HAL_Delay
                0x0000000008001088       0x48 ./Drivers/STM32F4xx_HAL_Driver/stm32f4xx_hal.o
                0x0000000008001088                HAL_Delay
 .text.HAL_ADC_Init
                0x00000000080010d0       0x86 ./Drivers/STM32F4xx_HAL_Driver/stm32f4xx_hal_adc.o
                0x00000000080010d0                HAL_ADC_Init
 *fill*         0x0000000008001156        0x2 
 .text.HAL_ADC_ConfigChannel
                0x0000000008001158      0x244 ./Drivers/STM32F4xx_HAL_Driver/stm32f4xx_hal_adc.o
                0x0000000008001158                HAL_ADC_ConfigChannel
 .text.ADC_Init
                0x000000000800139c      0x1f8 ./Drivers/STM32F4xx_HAL_Driver/stm32f4xx_hal_adc.o
 .text.__NVIC_SetPriorityGrouping
                0x0000000008001594       0x48 ./Drivers/STM32F4xx_HAL_Driver/stm32f4xx_hal_cortex.o
 .text.__NVIC_GetPriorityGrouping
                0x00000000080015dc       0x1c ./Drivers/STM32F4xx_HAL_Driver/stm32f4xx_hal_cortex.o
 .text.__NVIC_EnableIRQ
                0x00000000080015f8       0x3c ./Drivers/STM32F4xx_HAL_Driver/stm32f4xx_hal_cortex.o
 .text.__NVIC_SetPriority
                0x0000000008001634       0x54 ./Drivers/STM32F4xx_HAL_Driver/stm32f4xx_hal_cortex.o
 .text.NVIC_EncodePriority
                0x0000000008001688       0x66 ./Drivers/STM32F4xx_HAL_Driver/stm32f4xx_hal_cortex.o
 .text.HAL_NVIC_SetPriorityGrouping
                0x00000000080016ee       0x16 ./Drivers/STM32F4xx_HAL_Driver/stm32f4xx_hal_cortex.o
                0x00000000080016ee                HAL_NVIC_SetPriorityGrouping
 .text.HAL_NVIC_SetPriority
                0x0000000008001704       0x38 ./Drivers/STM32F4xx_HAL_Driver/stm32f4xx_hal_cortex.o
                0x0000000008001704                HAL_NVIC_SetPriority
 .text.HAL_NVIC_EnableIRQ
                0x000000000800173c       0x1c ./Drivers/STM32F4xx_HAL_Driver/stm32f4xx_hal_cortex.o
                0x000000000800173c                HAL_NVIC_EnableIRQ
 .text.HAL_CRC_Init
                0x0000000008001758       0x38 ./Drivers/STM32F4xx_HAL_Driver/stm32f4xx_hal_crc.o
                0x0000000008001758                HAL_CRC_Init
 .text.HAL_DMA_Abort
                0x0000000008001790       0xe0 ./Drivers/STM32F4xx_HAL_Driver/stm32f4xx_hal_dma.o
                0x0000000008001790                HAL_DMA_Abort
 .text.HAL_DMA_Abort_IT
                0x0000000008001870       0x44 ./Drivers/STM32F4xx_HAL_Driver/stm32f4xx_hal_dma.o
                0x0000000008001870                HAL_DMA_Abort_IT
 .text.HAL_GPIO_Init
                0x00000000080018b4      0x338 ./Drivers/STM32F4xx_HAL_Driver/stm32f4xx_hal_gpio.o
                0x00000000080018b4                HAL_GPIO_Init
 .text.HAL_GPIO_WritePin
                0x0000000008001bec       0x32 ./Drivers/STM32F4xx_HAL_Driver/stm32f4xx_hal_gpio.o
                0x0000000008001bec                HAL_GPIO_WritePin
 .text.HAL_GPIO_TogglePin
                0x0000000008001c1e       0x34 ./Drivers/STM32F4xx_HAL_Driver/stm32f4xx_hal_gpio.o
                0x0000000008001c1e                HAL_GPIO_TogglePin
 *fill*         0x0000000008001c52        0x2 
 .text.HAL_RCC_OscConfig
                0x0000000008001c54      0x4f0 ./Drivers/STM32F4xx_HAL_Driver/stm32f4xx_hal_rcc.o
                0x0000000008001c54                HAL_RCC_OscConfig
 .text.HAL_RCC_ClockConfig
                0x0000000008002144      0x1cc ./Drivers/STM32F4xx_HAL_Driver/stm32f4xx_hal_rcc.o
                0x0000000008002144                HAL_RCC_ClockConfig
 .text.HAL_RCC_GetSysClockFreq
                0x0000000008002310      0x20c ./Drivers/STM32F4xx_HAL_Driver/stm32f4xx_hal_rcc.o
                0x0000000008002310                HAL_RCC_GetSysClockFreq
 .text.HAL_RCC_GetHCLKFreq
                0x000000000800251c       0x18 ./Drivers/STM32F4xx_HAL_Driver/stm32f4xx_hal_rcc.o
                0x000000000800251c                HAL_RCC_GetHCLKFreq
 .text.HAL_RCC_GetPCLK1Freq
                0x0000000008002534       0x28 ./Drivers/STM32F4xx_HAL_Driver/stm32f4xx_hal_rcc.o
                0x0000000008002534                HAL_RCC_GetPCLK1Freq
 .text.HAL_RCC_GetPCLK2Freq
                0x000000000800255c       0x28 ./Drivers/STM32F4xx_HAL_Driver/stm32f4xx_hal_rcc.o
                0x000000000800255c                HAL_RCC_GetPCLK2Freq
 .text.HAL_RCC_GetClockConfig
                0x0000000008002584       0x64 ./Drivers/STM32F4xx_HAL_Driver/stm32f4xx_hal_rcc.o
                0x0000000008002584                HAL_RCC_GetClockConfig
 .text.HAL_SPI_Init
                0x00000000080025e8      0x112 ./Drivers/STM32F4xx_HAL_Driver/stm32f4xx_hal_spi.o
                0x00000000080025e8                HAL_SPI_Init
 .text.HAL_TIM_Base_Init
                0x00000000080026fa       0x9e ./Drivers/STM32F4xx_HAL_Driver/stm32f4xx_hal_tim.o
                0x00000000080026fa                HAL_TIM_Base_Init
 .text.HAL_TIM_Base_MspInit
                0x0000000008002798       0x14 ./Drivers/STM32F4xx_HAL_Driver/stm32f4xx_hal_tim.o
                0x0000000008002798                HAL_TIM_Base_MspInit
 .text.HAL_TIM_Base_Start_IT
                0x00000000080027ac       0xe0 ./Drivers/STM32F4xx_HAL_Driver/stm32f4xx_hal_tim.o
                0x00000000080027ac                HAL_TIM_Base_Start_IT
 .text.HAL_TIM_IRQHandler
                0x000000000800288c      0x210 ./Drivers/STM32F4xx_HAL_Driver/stm32f4xx_hal_tim.o
                0x000000000800288c                HAL_TIM_IRQHandler
 .text.HAL_TIM_OC_DelayElapsedCallback
                0x0000000008002a9c       0x14 ./Drivers/STM32F4xx_HAL_Driver/stm32f4xx_hal_tim.o
                0x0000000008002a9c                HAL_TIM_OC_DelayElapsedCallback
 .text.HAL_TIM_IC_CaptureCallback
                0x0000000008002ab0       0x14 ./Drivers/STM32F4xx_HAL_Driver/stm32f4xx_hal_tim.o
                0x0000000008002ab0                HAL_TIM_IC_CaptureCallback
 .text.HAL_TIM_PWM_PulseFinishedCallback
                0x0000000008002ac4       0x14 ./Drivers/STM32F4xx_HAL_Driver/stm32f4xx_hal_tim.o
                0x0000000008002ac4                HAL_TIM_PWM_PulseFinishedCallback
 .text.HAL_TIM_TriggerCallback
                0x0000000008002ad8       0x14 ./Drivers/STM32F4xx_HAL_Driver/stm32f4xx_hal_tim.o
                0x0000000008002ad8                HAL_TIM_TriggerCallback
 .text.TIM_Base_SetConfig
                0x0000000008002aec      0x140 ./Drivers/STM32F4xx_HAL_Driver/stm32f4xx_hal_tim.o
                0x0000000008002aec                TIM_Base_SetConfig
 .text.HAL_TIMEx_CommutCallback
                0x0000000008002c2c       0x14 ./Drivers/STM32F4xx_HAL_Driver/stm32f4xx_hal_tim_ex.o
                0x0000000008002c2c                HAL_TIMEx_CommutCallback
 .text.HAL_TIMEx_BreakCallback
                0x0000000008002c40       0x14 ./Drivers/STM32F4xx_HAL_Driver/stm32f4xx_hal_tim_ex.o
                0x0000000008002c40                HAL_TIMEx_BreakCallback
 .text.HAL_UART_Init
                0x0000000008002c54       0x9a ./Drivers/STM32F4xx_HAL_Driver/stm32f4xx_hal_uart.o
                0x0000000008002c54                HAL_UART_Init
 .text.HAL_MultiProcessor_Init
                0x0000000008002cee       0xe0 ./Drivers/STM32F4xx_HAL_Driver/stm32f4xx_hal_uart.o
                0x0000000008002cee                HAL_MultiProcessor_Init
 .text.HAL_UART_Receive_IT
                0x0000000008002dce       0x60 ./Drivers/STM32F4xx_HAL_Driver/stm32f4xx_hal_uart.o
                0x0000000008002dce                HAL_UART_Receive_IT
 *fill*         0x0000000008002e2e        0x2 
 .text.HAL_UART_IRQHandler
                0x0000000008002e30      0x51c ./Drivers/STM32F4xx_HAL_Driver/stm32f4xx_hal_uart.o
                0x0000000008002e30                HAL_UART_IRQHandler
 .text.HAL_UART_ErrorCallback
                0x000000000800334c       0x14 ./Drivers/STM32F4xx_HAL_Driver/stm32f4xx_hal_uart.o
                0x000000000800334c                HAL_UART_ErrorCallback
 .text.HAL_UARTEx_RxEventCallback
                0x0000000008003360       0x18 ./Drivers/STM32F4xx_HAL_Driver/stm32f4xx_hal_uart.o
                0x0000000008003360                HAL_UARTEx_RxEventCallback
 .text.UART_Start_Receive_IT
                0x0000000008003378       0x7c ./Drivers/STM32F4xx_HAL_Driver/stm32f4xx_hal_uart.o
                0x0000000008003378                UART_Start_Receive_IT
 .text.UART_EndRxTransfer
                0x00000000080033f4       0xc6 ./Drivers/STM32F4xx_HAL_Driver/stm32f4xx_hal_uart.o
 .text.UART_DMAAbortOnError
                0x00000000080034ba       0x28 ./Drivers/STM32F4xx_HAL_Driver/stm32f4xx_hal_uart.o
 .text.UART_Transmit_IT
                0x00000000080034e2       0xa0 ./Drivers/STM32F4xx_HAL_Driver/stm32f4xx_hal_uart.o
 .text.UART_EndTransmit_IT
                0x0000000008003582       0x30 ./Drivers/STM32F4xx_HAL_Driver/stm32f4xx_hal_uart.o
 .text.UART_Receive_IT
                0x00000000080035b2      0x176 ./Drivers/STM32F4xx_HAL_Driver/stm32f4xx_hal_uart.o
 .text.UART_SetConfig
                0x0000000008003728      0x4e8 ./Drivers/STM32F4xx_HAL_Driver/stm32f4xx_hal_uart.o
 .text.__libc_init_array
                0x0000000008003c10       0x48 d:/stm cubeide/stm32cubeide_1.9.0/stm32cubeide/plugins/com.st.stm32cube.ide.mcu.externaltools.gnu-tools-for-stm32.10.3-2021.10.win32_1.0.0.202111181127/tools/bin/../lib/gcc/arm-none-eabi/10.3.1/../../../../arm-none-eabi/lib/thumb/v7e-m+fp/hard\libc_nano.a(lib_a-init.o)
                0x0000000008003c10                __libc_init_array
 .text.memset   0x0000000008003c58       0x10 d:/stm cubeide/stm32cubeide_1.9.0/stm32cubeide/plugins/com.st.stm32cube.ide.mcu.externaltools.gnu-tools-for-stm32.10.3-2021.10.win32_1.0.0.202111181127/tools/bin/../lib/gcc/arm-none-eabi/10.3.1/../../../../arm-none-eabi/lib/thumb/v7e-m+fp/hard\libc_nano.a(lib_a-memset.o)
                0x0000000008003c58                memset
 *(.glue_7)
 .glue_7        0x0000000008003c68        0x0 linker stubs
 *(.glue_7t)
 .glue_7t       0x0000000008003c68        0x0 linker stubs
 *(.eh_frame)
 .eh_frame      0x0000000008003c68        0x0 d:/stm cubeide/stm32cubeide_1.9.0/stm32cubeide/plugins/com.st.stm32cube.ide.mcu.externaltools.gnu-tools-for-stm32.10.3-2021.10.win32_1.0.0.202111181127/tools/bin/../lib/gcc/arm-none-eabi/10.3.1/thumb/v7e-m+fp/hard/crtbegin.o
 *(.init)
 .init          0x0000000008003c68        0x4 d:/stm cubeide/stm32cubeide_1.9.0/stm32cubeide/plugins/com.st.stm32cube.ide.mcu.externaltools.gnu-tools-for-stm32.10.3-2021.10.win32_1.0.0.202111181127/tools/bin/../lib/gcc/arm-none-eabi/10.3.1/thumb/v7e-m+fp/hard/crti.o
                0x0000000008003c68                _init
 .init          0x0000000008003c6c        0x8 d:/stm cubeide/stm32cubeide_1.9.0/stm32cubeide/plugins/com.st.stm32cube.ide.mcu.externaltools.gnu-tools-for-stm32.10.3-2021.10.win32_1.0.0.202111181127/tools/bin/../lib/gcc/arm-none-eabi/10.3.1/thumb/v7e-m+fp/hard/crtn.o
 *(.fini)
 .fini          0x0000000008003c74        0x4 d:/stm cubeide/stm32cubeide_1.9.0/stm32cubeide/plugins/com.st.stm32cube.ide.mcu.externaltools.gnu-tools-for-stm32.10.3-2021.10.win32_1.0.0.202111181127/tools/bin/../lib/gcc/arm-none-eabi/10.3.1/thumb/v7e-m+fp/hard/crti.o
                0x0000000008003c74                _fini
 .fini          0x0000000008003c78        0x8 d:/stm cubeide/stm32cubeide_1.9.0/stm32cubeide/plugins/com.st.stm32cube.ide.mcu.externaltools.gnu-tools-for-stm32.10.3-2021.10.win32_1.0.0.202111181127/tools/bin/../lib/gcc/arm-none-eabi/10.3.1/thumb/v7e-m+fp/hard/crtn.o
                0x0000000008003c80                . = ALIGN (0x4)
                0x0000000008003c80                _etext = .

.vfp11_veneer   0x0000000008003c80        0x0
 .vfp11_veneer  0x0000000008003c80        0x0 linker stubs

.v4_bx          0x0000000008003c80        0x0
 .v4_bx         0x0000000008003c80        0x0 linker stubs

.iplt           0x0000000008003c80        0x0
 .iplt          0x0000000008003c80        0x0 d:/stm cubeide/stm32cubeide_1.9.0/stm32cubeide/plugins/com.st.stm32cube.ide.mcu.externaltools.gnu-tools-for-stm32.10.3-2021.10.win32_1.0.0.202111181127/tools/bin/../lib/gcc/arm-none-eabi/10.3.1/thumb/v7e-m+fp/hard/crtbegin.o

.rodata         0x0000000008003c80       0x18
                0x0000000008003c80                . = ALIGN (0x4)
 *(.rodata)
 *(.rodata*)
 .rodata.AHBPrescTable
                0x0000000008003c80       0x10 ./Core/Src/system_stm32f4xx.o
                0x0000000008003c80                AHBPrescTable
 .rodata.APBPrescTable
                0x0000000008003c90        0x8 ./Core/Src/system_stm32f4xx.o
                0x0000000008003c90                APBPrescTable
                0x0000000008003c98                . = ALIGN (0x4)

.ARM.extab      0x0000000008003c98        0x0
                0x0000000008003c98                . = ALIGN (0x4)
 *(.ARM.extab* .gnu.linkonce.armextab.*)
                0x0000000008003c98                . = ALIGN (0x4)

.ARM            0x0000000008003c98        0x8
                0x0000000008003c98                . = ALIGN (0x4)
                0x0000000008003c98                __exidx_start = .
 *(.ARM.exidx*)
 .ARM.exidx     0x0000000008003c98        0x8 d:/stm cubeide/stm32cubeide_1.9.0/stm32cubeide/plugins/com.st.stm32cube.ide.mcu.externaltools.gnu-tools-for-stm32.10.3-2021.10.win32_1.0.0.202111181127/tools/bin/../lib/gcc/arm-none-eabi/10.3.1/thumb/v7e-m+fp/hard\libgcc.a(_udivmoddi4.o)
                0x0000000008003ca0                __exidx_end = .
                0x0000000008003ca0                . = ALIGN (0x4)

.rel.dyn        0x0000000008003ca0        0x0
 .rel.iplt      0x0000000008003ca0        0x0 d:/stm cubeide/stm32cubeide_1.9.0/stm32cubeide/plugins/com.st.stm32cube.ide.mcu.externaltools.gnu-tools-for-stm32.10.3-2021.10.win32_1.0.0.202111181127/tools/bin/../lib/gcc/arm-none-eabi/10.3.1/thumb/v7e-m+fp/hard/crtbegin.o

.preinit_array  0x0000000008003ca0        0x0
                0x0000000008003ca0                . = ALIGN (0x4)
                0x0000000008003ca0                PROVIDE (__preinit_array_start = .)
 *(.preinit_array*)
                0x0000000008003ca0                PROVIDE (__preinit_array_end = .)
                0x0000000008003ca0                . = ALIGN (0x4)

.init_array     0x0000000008003ca0        0x8
                0x0000000008003ca0                . = ALIGN (0x4)
                0x0000000008003ca0                PROVIDE (__init_array_start = .)
 *(SORT_BY_NAME(.init_array.*))
 *(.init_array*)
 .init_array    0x0000000008003ca0        0x4 d:/stm cubeide/stm32cubeide_1.9.0/stm32cubeide/plugins/com.st.stm32cube.ide.mcu.externaltools.gnu-tools-for-stm32.10.3-2021.10.win32_1.0.0.202111181127/tools/bin/../lib/gcc/arm-none-eabi/10.3.1/thumb/v7e-m+fp/hard/crtbegin.o
 .init_array    0x0000000008003ca4        0x4 ./Core/Src/main.o
                0x0000000008003ca8                PROVIDE (__init_array_end = .)
                0x0000000008003ca8                . = ALIGN (0x4)

.fini_array     0x0000000008003ca8        0x4
                0x0000000008003ca8                . = ALIGN (0x4)
                [!provide]                        PROVIDE (__fini_array_start = .)
 *(SORT_BY_NAME(.fini_array.*))
 *(.fini_array*)
 .fini_array    0x0000000008003ca8        0x4 d:/stm cubeide/stm32cubeide_1.9.0/stm32cubeide/plugins/com.st.stm32cube.ide.mcu.externaltools.gnu-tools-for-stm32.10.3-2021.10.win32_1.0.0.202111181127/tools/bin/../lib/gcc/arm-none-eabi/10.3.1/thumb/v7e-m+fp/hard/crtbegin.o
                [!provide]                        PROVIDE (__fini_array_end = .)
                0x0000000008003cac                . = ALIGN (0x4)
                0x0000000008003cac                _sidata = LOADADDR (.data)

.data           0x0000000020000000        0xc load address 0x0000000008003cac
                0x0000000020000000                . = ALIGN (0x4)
                0x0000000020000000                _sdata = .
 *(.data)
 *(.data*)
 .data.SystemCoreClock
                0x0000000020000000        0x4 ./Core/Src/system_stm32f4xx.o
                0x0000000020000000                SystemCoreClock
 .data.uwTickPrio
                0x0000000020000004        0x4 ./Drivers/STM32F4xx_HAL_Driver/stm32f4xx_hal.o
                0x0000000020000004                uwTickPrio
 .data.uwTickFreq
                0x0000000020000008        0x1 ./Drivers/STM32F4xx_HAL_Driver/stm32f4xx_hal.o
                0x0000000020000008                uwTickFreq
 *(.RamFunc)
 *(.RamFunc*)
                0x000000002000000c                . = ALIGN (0x4)
 *fill*         0x0000000020000009        0x3 
                0x000000002000000c                _edata = .
                0x0000000008003cb8                _siccmram = LOADADDR (.ccmram)

.igot.plt       0x000000002000000c        0x0 load address 0x0000000008003cb8
 .igot.plt      0x000000002000000c        0x0 d:/stm cubeide/stm32cubeide_1.9.0/stm32cubeide/plugins/com.st.stm32cube.ide.mcu.externaltools.gnu-tools-for-stm32.10.3-2021.10.win32_1.0.0.202111181127/tools/bin/../lib/gcc/arm-none-eabi/10.3.1/thumb/v7e-m+fp/hard/crtbegin.o

.ccmram         0x0000000010000000        0x0 load address 0x0000000008003cb8
                0x0000000010000000                . = ALIGN (0x4)
                0x0000000010000000                _sccmram = .
 *(.ccmram)
 *(.ccmram*)
                0x0000000010000000                . = ALIGN (0x4)
                0x0000000010000000                _eccmram = .
                0x0000000010000000                . = ALIGN (0x4)

.bss            0x000000002000000c      0x278
                0x000000002000000c                _sbss = .
                0x000000002000000c                __bss_start__ = _sbss
 *(.bss)
 .bss           0x000000002000000c       0x1c d:/stm cubeide/stm32cubeide_1.9.0/stm32cubeide/plugins/com.st.stm32cube.ide.mcu.externaltools.gnu-tools-for-stm32.10.3-2021.10.win32_1.0.0.202111181127/tools/bin/../lib/gcc/arm-none-eabi/10.3.1/thumb/v7e-m+fp/hard/crtbegin.o
 *(.bss*)
 .bss.hadc1     0x0000000020000028       0x48 ./Core/Src/adc.o
                0x0000000020000028                hadc1
 .bss.hcrc      0x0000000020000070        0x8 ./Core/Src/crc.o
                0x0000000020000070                hcrc
 .bss.g485E     0x0000000020000078       0x78 ./Core/Src/main.o
                0x0000000020000078                g485E
 .bss.tabIndex  0x00000000200000f0        0x4 ./Core/Src/main.o
                0x00000000200000f0                tabIndex
 .bss.tab       0x00000000200000f4       0x64 ./Core/Src/main.o
                0x00000000200000f4                tab
 .bss.hspi1     0x0000000020000158       0x58 ./Core/Src/spi.o
                0x0000000020000158                hspi1
 .bss.htim1     0x00000000200001b0       0x48 ./Core/Src/stm32f4xx_hal_timebase_tim.o
                0x00000000200001b0                htim1
 .bss.huart4    0x00000000200001f8       0x44 ./Core/Src/usart.o
                0x00000000200001f8                huart4
 .bss.huart1    0x000000002000023c       0x44 ./Core/Src/usart.o
                0x000000002000023c                huart1
 .bss.uwTick    0x0000000020000280        0x4 ./Drivers/STM32F4xx_HAL_Driver/stm32f4xx_hal.o
                0x0000000020000280                uwTick
 *(COMMON)
                0x0000000020000284                . = ALIGN (0x4)
                0x0000000020000284                _ebss = .
                0x0000000020000284                __bss_end__ = _ebss

._user_heap_stack
                0x0000000020000284      0x604
                0x0000000020000288                . = ALIGN (0x8)
 *fill*         0x0000000020000284        0x4 
                [!provide]                        PROVIDE (end = .)
                0x0000000020000288                PROVIDE (_end = .)
                0x0000000020000488                . = (. + _Min_Heap_Size)
 *fill*         0x0000000020000288      0x200 
                0x0000000020000888                . = (. + _Min_Stack_Size)
 *fill*         0x0000000020000488      0x400 
                0x0000000020000888                . = ALIGN (0x8)

/DISCARD/
 libc.a(*)
 libm.a(*)
 libgcc.a(*)

.ARM.attributes
                0x0000000000000000       0x30
 *(.ARM.attributes)
 .ARM.attributes
                0x0000000000000000       0x1e d:/stm cubeide/stm32cubeide_1.9.0/stm32cubeide/plugins/com.st.stm32cube.ide.mcu.externaltools.gnu-tools-for-stm32.10.3-2021.10.win32_1.0.0.202111181127/tools/bin/../lib/gcc/arm-none-eabi/10.3.1/thumb/v7e-m+fp/hard/crti.o
 .ARM.attributes
                0x000000000000001e       0x34 d:/stm cubeide/stm32cubeide_1.9.0/stm32cubeide/plugins/com.st.stm32cube.ide.mcu.externaltools.gnu-tools-for-stm32.10.3-2021.10.win32_1.0.0.202111181127/tools/bin/../lib/gcc/arm-none-eabi/10.3.1/thumb/v7e-m+fp/hard/crtbegin.o
 .ARM.attributes
                0x0000000000000052       0x34 ./Core/Src/adc.o
 .ARM.attributes
                0x0000000000000086       0x34 ./Core/Src/crc.o
 .ARM.attributes
                0x00000000000000ba       0x34 ./Core/Src/gpio.o
 .ARM.attributes
                0x00000000000000ee       0x34 ./Core/Src/main.o
 .ARM.attributes
                0x0000000000000122       0x34 ./Core/Src/spi.o
 .ARM.attributes
                0x0000000000000156       0x34 ./Core/Src/stm32f4xx_hal_msp.o
 .ARM.attributes
                0x000000000000018a       0x34 ./Core/Src/stm32f4xx_hal_timebase_tim.o
 .ARM.attributes
                0x00000000000001be       0x34 ./Core/Src/stm32f4xx_it.o
 .ARM.attributes
                0x00000000000001f2       0x34 ./Core/Src/system_stm32f4xx.o
 .ARM.attributes
                0x0000000000000226       0x34 ./Core/Src/usart.o
 .ARM.attributes
                0x000000000000025a       0x21 ./Core/Startup/startup_stm32f405rgtx.o
 .ARM.attributes
                0x000000000000027b       0x34 ./Drivers/STM32F4xx_HAL_Driver/stm32f4xx_hal.o
 .ARM.attributes
                0x00000000000002af       0x34 ./Drivers/STM32F4xx_HAL_Driver/stm32f4xx_hal_adc.o
 .ARM.attributes
                0x00000000000002e3       0x34 ./Drivers/STM32F4xx_HAL_Driver/stm32f4xx_hal_cortex.o
 .ARM.attributes
                0x0000000000000317       0x34 ./Drivers/STM32F4xx_HAL_Driver/stm32f4xx_hal_crc.o
 .ARM.attributes
                0x000000000000034b       0x34 ./Drivers/STM32F4xx_HAL_Driver/stm32f4xx_hal_dma.o
 .ARM.attributes
                0x000000000000037f       0x34 ./Drivers/STM32F4xx_HAL_Driver/stm32f4xx_hal_gpio.o
 .ARM.attributes
                0x00000000000003b3       0x34 ./Drivers/STM32F4xx_HAL_Driver/stm32f4xx_hal_rcc.o
 .ARM.attributes
                0x00000000000003e7       0x34 ./Drivers/STM32F4xx_HAL_Driver/stm32f4xx_hal_spi.o
 .ARM.attributes
                0x000000000000041b       0x34 ./Drivers/STM32F4xx_HAL_Driver/stm32f4xx_hal_tim.o
 .ARM.attributes
                0x000000000000044f       0x34 ./Drivers/STM32F4xx_HAL_Driver/stm32f4xx_hal_tim_ex.o
 .ARM.attributes
                0x0000000000000483       0x34 ./Drivers/STM32F4xx_HAL_Driver/stm32f4xx_hal_uart.o
 .ARM.attributes
                0x00000000000004b7       0x34 d:/stm cubeide/stm32cubeide_1.9.0/stm32cubeide/plugins/com.st.stm32cube.ide.mcu.externaltools.gnu-tools-for-stm32.10.3-2021.10.win32_1.0.0.202111181127/tools/bin/../lib/gcc/arm-none-eabi/10.3.1/../../../../arm-none-eabi/lib/thumb/v7e-m+fp/hard\libc_nano.a(lib_a-init.o)
 .ARM.attributes
                0x00000000000004eb       0x34 d:/stm cubeide/stm32cubeide_1.9.0/stm32cubeide/plugins/com.st.stm32cube.ide.mcu.externaltools.gnu-tools-for-stm32.10.3-2021.10.win32_1.0.0.202111181127/tools/bin/../lib/gcc/arm-none-eabi/10.3.1/../../../../arm-none-eabi/lib/thumb/v7e-m+fp/hard\libc_nano.a(lib_a-memset.o)
 .ARM.attributes
                0x000000000000051f       0x1e d:/stm cubeide/stm32cubeide_1.9.0/stm32cubeide/plugins/com.st.stm32cube.ide.mcu.externaltools.gnu-tools-for-stm32.10.3-2021.10.win32_1.0.0.202111181127/tools/bin/../lib/gcc/arm-none-eabi/10.3.1/thumb/v7e-m+fp/hard\libgcc.a(_aeabi_uldivmod.o)
 .ARM.attributes
                0x000000000000053d       0x34 d:/stm cubeide/stm32cubeide_1.9.0/stm32cubeide/plugins/com.st.stm32cube.ide.mcu.externaltools.gnu-tools-for-stm32.10.3-2021.10.win32_1.0.0.202111181127/tools/bin/../lib/gcc/arm-none-eabi/10.3.1/thumb/v7e-m+fp/hard\libgcc.a(_udivmoddi4.o)
 .ARM.attributes
                0x0000000000000571       0x1e d:/stm cubeide/stm32cubeide_1.9.0/stm32cubeide/plugins/com.st.stm32cube.ide.mcu.externaltools.gnu-tools-for-stm32.10.3-2021.10.win32_1.0.0.202111181127/tools/bin/../lib/gcc/arm-none-eabi/10.3.1/thumb/v7e-m+fp/hard\libgcc.a(_dvmd_tls.o)
 .ARM.attributes
                0x000000000000058f       0x1e d:/stm cubeide/stm32cubeide_1.9.0/stm32cubeide/plugins/com.st.stm32cube.ide.mcu.externaltools.gnu-tools-for-stm32.10.3-2021.10.win32_1.0.0.202111181127/tools/bin/../lib/gcc/arm-none-eabi/10.3.1/thumb/v7e-m+fp/hard/crtn.o
OUTPUT(WAA.elf elf32-littlearm)
LOAD linker stubs
LOAD d:/stm cubeide/stm32cubeide_1.9.0/stm32cubeide/plugins/com.st.stm32cube.ide.mcu.externaltools.gnu-tools-for-stm32.10.3-2021.10.win32_1.0.0.202111181127/tools/bin/../lib/gcc/arm-none-eabi/10.3.1/../../../../arm-none-eabi/lib/thumb/v7e-m+fp/hard\libc.a
LOAD d:/stm cubeide/stm32cubeide_1.9.0/stm32cubeide/plugins/com.st.stm32cube.ide.mcu.externaltools.gnu-tools-for-stm32.10.3-2021.10.win32_1.0.0.202111181127/tools/bin/../lib/gcc/arm-none-eabi/10.3.1/../../../../arm-none-eabi/lib/thumb/v7e-m+fp/hard\libm.a
LOAD d:/stm cubeide/stm32cubeide_1.9.0/stm32cubeide/plugins/com.st.stm32cube.ide.mcu.externaltools.gnu-tools-for-stm32.10.3-2021.10.win32_1.0.0.202111181127/tools/bin/../lib/gcc/arm-none-eabi/10.3.1/thumb/v7e-m+fp/hard\libgcc.a

.debug_info     0x0000000000000000    0x13f05
 .debug_info    0x0000000000000000      0xa29 ./Core/Src/adc.o
 .debug_info    0x0000000000000a29      0x480 ./Core/Src/crc.o
 .debug_info    0x0000000000000ea9      0x489 ./Core/Src/gpio.o
 .debug_info    0x0000000000001332     0x2a13 ./Core/Src/main.o
 .debug_info    0x0000000000003d45      0x9eb ./Core/Src/spi.o
 .debug_info    0x0000000000004730      0x2a8 ./Core/Src/stm32f4xx_hal_msp.o
 .debug_info    0x00000000000049d8      0xc0f ./Core/Src/stm32f4xx_hal_timebase_tim.o
 .debug_info    0x00000000000055e7      0x9f6 ./Core/Src/stm32f4xx_it.o
 .debug_info    0x0000000000005fdd      0x523 ./Core/Src/system_stm32f4xx.o
 .debug_info    0x0000000000006500      0xc89 ./Core/Src/usart.o
 .debug_info    0x0000000000007189       0x22 ./Core/Startup/startup_stm32f405rgtx.o
 .debug_info    0x00000000000071ab      0x96a ./Drivers/STM32F4xx_HAL_Driver/stm32f4xx_hal.o
 .debug_info    0x0000000000007b15      0xd70 ./Drivers/STM32F4xx_HAL_Driver/stm32f4xx_hal_adc.o
 .debug_info    0x0000000000008885      0xe09 ./Drivers/STM32F4xx_HAL_Driver/stm32f4xx_hal_cortex.o
 .debug_info    0x000000000000968e      0x3a6 ./Drivers/STM32F4xx_HAL_Driver/stm32f4xx_hal_crc.o
 .debug_info    0x0000000000009a34      0x94f ./Drivers/STM32F4xx_HAL_Driver/stm32f4xx_hal_dma.o
 .debug_info    0x000000000000a383      0x76a ./Drivers/STM32F4xx_HAL_Driver/stm32f4xx_hal_gpio.o
 .debug_info    0x000000000000aaed      0x966 ./Drivers/STM32F4xx_HAL_Driver/stm32f4xx_hal_rcc.o
 .debug_info    0x000000000000b453     0x1758 ./Drivers/STM32F4xx_HAL_Driver/stm32f4xx_hal_spi.o
 .debug_info    0x000000000000cbab     0x2bbe ./Drivers/STM32F4xx_HAL_Driver/stm32f4xx_hal_tim.o
 .debug_info    0x000000000000f769     0x15e0 ./Drivers/STM32F4xx_HAL_Driver/stm32f4xx_hal_tim_ex.o
 .debug_info    0x0000000000010d49     0x31bc ./Drivers/STM32F4xx_HAL_Driver/stm32f4xx_hal_uart.o

.debug_abbrev   0x0000000000000000     0x2d0d
 .debug_abbrev  0x0000000000000000      0x1e0 ./Core/Src/adc.o
 .debug_abbrev  0x00000000000001e0      0x18e ./Core/Src/crc.o
 .debug_abbrev  0x000000000000036e      0x146 ./Core/Src/gpio.o
 .debug_abbrev  0x00000000000004b4      0x53b ./Core/Src/main.o
 .debug_abbrev  0x00000000000009ef      0x1e0 ./Core/Src/spi.o
 .debug_abbrev  0x0000000000000bcf       0xd4 ./Core/Src/stm32f4xx_hal_msp.o
 .debug_abbrev  0x0000000000000ca3      0x1d3 ./Core/Src/stm32f4xx_hal_timebase_tim.o
 .debug_abbrev  0x0000000000000e76      0x178 ./Core/Src/stm32f4xx_it.o
 .debug_abbrev  0x0000000000000fee      0x116 ./Core/Src/system_stm32f4xx.o
 .debug_abbrev  0x0000000000001104      0x205 ./Core/Src/usart.o
 .debug_abbrev  0x0000000000001309       0x12 ./Core/Startup/startup_stm32f405rgtx.o
 .debug_abbrev  0x000000000000131b      0x20d ./Drivers/STM32F4xx_HAL_Driver/stm32f4xx_hal.o
 .debug_abbrev  0x0000000000001528      0x244 ./Drivers/STM32F4xx_HAL_Driver/stm32f4xx_hal_adc.o
 .debug_abbrev  0x000000000000176c      0x316 ./Drivers/STM32F4xx_HAL_Driver/stm32f4xx_hal_cortex.o
 .debug_abbrev  0x0000000000001a82      0x19e ./Drivers/STM32F4xx_HAL_Driver/stm32f4xx_hal_crc.o
 .debug_abbrev  0x0000000000001c20      0x25b ./Drivers/STM32F4xx_HAL_Driver/stm32f4xx_hal_dma.o
 .debug_abbrev  0x0000000000001e7b      0x1c4 ./Drivers/STM32F4xx_HAL_Driver/stm32f4xx_hal_gpio.o
 .debug_abbrev  0x000000000000203f      0x2aa ./Drivers/STM32F4xx_HAL_Driver/stm32f4xx_hal_rcc.o
 .debug_abbrev  0x00000000000022e9      0x26e ./Drivers/STM32F4xx_HAL_Driver/stm32f4xx_hal_spi.o
 .debug_abbrev  0x0000000000002557      0x25d ./Drivers/STM32F4xx_HAL_Driver/stm32f4xx_hal_tim.o
 .debug_abbrev  0x00000000000027b4      0x265 ./Drivers/STM32F4xx_HAL_Driver/stm32f4xx_hal_tim_ex.o
 .debug_abbrev  0x0000000000002a19      0x2f4 ./Drivers/STM32F4xx_HAL_Driver/stm32f4xx_hal_uart.o

.debug_aranges  0x0000000000000000     0x1060
 .debug_aranges
                0x0000000000000000       0x30 ./Core/Src/adc.o
 .debug_aranges
                0x0000000000000030       0x30 ./Core/Src/crc.o
 .debug_aranges
                0x0000000000000060       0x20 ./Core/Src/gpio.o
 .debug_aranges
                0x0000000000000080       0xa8 ./Core/Src/main.o
 .debug_aranges
                0x0000000000000128       0x30 ./Core/Src/spi.o
 .debug_aranges
                0x0000000000000158       0x20 ./Core/Src/stm32f4xx_hal_msp.o
 .debug_aranges
                0x0000000000000178       0x30 ./Core/Src/stm32f4xx_hal_timebase_tim.o
 .debug_aranges
                0x00000000000001a8       0x78 ./Core/Src/stm32f4xx_it.o
 .debug_aranges
                0x0000000000000220       0x28 ./Core/Src/system_stm32f4xx.o
 .debug_aranges
                0x0000000000000248       0x38 ./Core/Src/usart.o
 .debug_aranges
                0x0000000000000280       0x28 ./Core/Startup/startup_stm32f405rgtx.o
 .debug_aranges
                0x00000000000002a8       0xf0 ./Drivers/STM32F4xx_HAL_Driver/stm32f4xx_hal.o
 .debug_aranges
                0x0000000000000398       0xe8 ./Drivers/STM32F4xx_HAL_Driver/stm32f4xx_hal_adc.o
 .debug_aranges
                0x0000000000000480      0x118 ./Drivers/STM32F4xx_HAL_Driver/stm32f4xx_hal_cortex.o
 .debug_aranges
                0x0000000000000598       0x50 ./Drivers/STM32F4xx_HAL_Driver/stm32f4xx_hal_crc.o
 .debug_aranges
                0x00000000000005e8       0x90 ./Drivers/STM32F4xx_HAL_Driver/stm32f4xx_hal_dma.o
 .debug_aranges
                0x0000000000000678       0x58 ./Drivers/STM32F4xx_HAL_Driver/stm32f4xx_hal_gpio.o
 .debug_aranges
                0x00000000000006d0       0x88 ./Drivers/STM32F4xx_HAL_Driver/stm32f4xx_hal_rcc.o
 .debug_aranges
                0x0000000000000758      0x1d0 ./Drivers/STM32F4xx_HAL_Driver/stm32f4xx_hal_spi.o
 .debug_aranges
                0x0000000000000928      0x3d0 ./Drivers/STM32F4xx_HAL_Driver/stm32f4xx_hal_tim.o
 .debug_aranges
                0x0000000000000cf8      0x168 ./Drivers/STM32F4xx_HAL_Driver/stm32f4xx_hal_tim_ex.o
 .debug_aranges
                0x0000000000000e60      0x200 ./Drivers/STM32F4xx_HAL_Driver/stm32f4xx_hal_uart.o

.debug_ranges   0x0000000000000000      0xf38
 .debug_ranges  0x0000000000000000       0x20 ./Core/Src/adc.o
 .debug_ranges  0x0000000000000020       0x20 ./Core/Src/crc.o
 .debug_ranges  0x0000000000000040       0x10 ./Core/Src/gpio.o
 .debug_ranges  0x0000000000000050       0x98 ./Core/Src/main.o
 .debug_ranges  0x00000000000000e8       0x20 ./Core/Src/spi.o
 .debug_ranges  0x0000000000000108       0x10 ./Core/Src/stm32f4xx_hal_msp.o
 .debug_ranges  0x0000000000000118       0x20 ./Core/Src/stm32f4xx_hal_timebase_tim.o
 .debug_ranges  0x0000000000000138       0x68 ./Core/Src/stm32f4xx_it.o
 .debug_ranges  0x00000000000001a0       0x18 ./Core/Src/system_stm32f4xx.o
 .debug_ranges  0x00000000000001b8       0x28 ./Core/Src/usart.o
 .debug_ranges  0x00000000000001e0       0x20 ./Core/Startup/startup_stm32f405rgtx.o
 .debug_ranges  0x0000000000000200       0xe0 ./Drivers/STM32F4xx_HAL_Driver/stm32f4xx_hal.o
 .debug_ranges  0x00000000000002e0       0xd8 ./Drivers/STM32F4xx_HAL_Driver/stm32f4xx_hal_adc.o
 .debug_ranges  0x00000000000003b8      0x108 ./Drivers/STM32F4xx_HAL_Driver/stm32f4xx_hal_cortex.o
 .debug_ranges  0x00000000000004c0       0x40 ./Drivers/STM32F4xx_HAL_Driver/stm32f4xx_hal_crc.o
 .debug_ranges  0x0000000000000500       0x80 ./Drivers/STM32F4xx_HAL_Driver/stm32f4xx_hal_dma.o
 .debug_ranges  0x0000000000000580       0x48 ./Drivers/STM32F4xx_HAL_Driver/stm32f4xx_hal_gpio.o
 .debug_ranges  0x00000000000005c8       0x78 ./Drivers/STM32F4xx_HAL_Driver/stm32f4xx_hal_rcc.o
 .debug_ranges  0x0000000000000640      0x1c0 ./Drivers/STM32F4xx_HAL_Driver/stm32f4xx_hal_spi.o
 .debug_ranges  0x0000000000000800      0x3c0 ./Drivers/STM32F4xx_HAL_Driver/stm32f4xx_hal_tim.o
 .debug_ranges  0x0000000000000bc0      0x158 ./Drivers/STM32F4xx_HAL_Driver/stm32f4xx_hal_tim_ex.o
 .debug_ranges  0x0000000000000d18      0x220 ./Drivers/STM32F4xx_HAL_Driver/stm32f4xx_hal_uart.o

.debug_macro    0x0000000000000000    0x23f77
 .debug_macro   0x0000000000000000      0x223 ./Core/Src/adc.o
 .debug_macro   0x0000000000000223      0xa78 ./Core/Src/adc.o
 .debug_macro   0x0000000000000c9b      0x2ad ./Core/Src/adc.o
 .debug_macro   0x0000000000000f48       0x2e ./Core/Src/adc.o
 .debug_macro   0x0000000000000f76       0x2f ./Core/Src/adc.o
 .debug_macro   0x0000000000000fa5       0x22 ./Core/Src/adc.o
 .debug_macro   0x0000000000000fc7       0x8e ./Core/Src/adc.o
 .debug_macro   0x0000000000001055       0x51 ./Core/Src/adc.o
 .debug_macro   0x00000000000010a6      0x103 ./Core/Src/adc.o
 .debug_macro   0x00000000000011a9       0x6a ./Core/Src/adc.o
 .debug_macro   0x0000000000001213      0x1df ./Core/Src/adc.o
 .debug_macro   0x00000000000013f2       0x1c ./Core/Src/adc.o
 .debug_macro   0x000000000000140e       0x22 ./Core/Src/adc.o
 .debug_macro   0x0000000000001430       0xd9 ./Core/Src/adc.o
 .debug_macro   0x0000000000001509     0x102d ./Core/Src/adc.o
 .debug_macro   0x0000000000002536      0x11f ./Core/Src/adc.o
 .debug_macro   0x0000000000002655    0x1426d ./Core/Src/adc.o
 .debug_macro   0x00000000000168c2       0x6d ./Core/Src/adc.o
 .debug_macro   0x000000000001692f     0x367e ./Core/Src/adc.o
 .debug_macro   0x0000000000019fad      0x174 ./Core/Src/adc.o
 .debug_macro   0x000000000001a121       0x5c ./Core/Src/adc.o
 .debug_macro   0x000000000001a17d      0x8a7 ./Core/Src/adc.o
 .debug_macro   0x000000000001aa24      0x9fe ./Core/Src/adc.o
 .debug_macro   0x000000000001b422      0x115 ./Core/Src/adc.o
 .debug_macro   0x000000000001b537      0x130 ./Core/Src/adc.o
 .debug_macro   0x000000000001b667       0xa5 ./Core/Src/adc.o
 .debug_macro   0x000000000001b70c      0x174 ./Core/Src/adc.o
 .debug_macro   0x000000000001b880      0x287 ./Core/Src/adc.o
 .debug_macro   0x000000000001bb07       0x5f ./Core/Src/adc.o
 .debug_macro   0x000000000001bb66      0x236 ./Core/Src/adc.o
 .debug_macro   0x000000000001bd9c      0xb5b ./Core/Src/adc.o
 .debug_macro   0x000000000001c8f7      0x38b ./Core/Src/adc.o
 .debug_macro   0x000000000001cc82      0x176 ./Core/Src/adc.o
 .debug_macro   0x000000000001cdf8       0xf9 ./Core/Src/adc.o
 .debug_macro   0x000000000001cef1       0x22 ./Core/Src/adc.o
 .debug_macro   0x000000000001cf13      0x12c ./Core/Src/adc.o
 .debug_macro   0x000000000001d03f      0x21e ./Core/Src/adc.o
 .debug_macro   0x000000000001d25d       0x2e ./Core/Src/adc.o
 .debug_macro   0x000000000001d28b      0x11a ./Core/Src/adc.o
 .debug_macro   0x000000000001d3a5       0x7e ./Core/Src/adc.o
 .debug_macro   0x000000000001d423       0x89 ./Core/Src/adc.o
 .debug_macro   0x000000000001d4ac      0x225 ./Core/Src/adc.o
 .debug_macro   0x000000000001d6d1      0x8e6 ./Core/Src/adc.o
 .debug_macro   0x000000000001dfb7       0x47 ./Core/Src/adc.o
 .debug_macro   0x000000000001dffe      0x295 ./Core/Src/adc.o
 .debug_macro   0x000000000001e293      0x12d ./Core/Src/adc.o
 .debug_macro   0x000000000001e3c0       0xdc ./Core/Src/adc.o
 .debug_macro   0x000000000001e49c      0x223 ./Core/Src/crc.o
 .debug_macro   0x000000000001e6bf      0x223 ./Core/Src/gpio.o
 .debug_macro   0x000000000001e8e2      0x43a ./Core/Src/main.o
 .debug_macro   0x000000000001ed1c      0xb50 ./Core/Src/main.o
 .debug_macro   0x000000000001f86c       0x1c ./Core/Src/main.o
 .debug_macro   0x000000000001f888     0x102d ./Core/Src/main.o
 .debug_macro   0x00000000000208b5      0x17b ./Core/Src/main.o
 .debug_macro   0x0000000000020a30      0x18a ./Core/Src/main.o
 .debug_macro   0x0000000000020bba       0x10 ./Core/Src/main.o
 .debug_macro   0x0000000000020bca      0x3d1 ./Core/Src/main.o
 .debug_macro   0x0000000000020f9b       0x52 ./Core/Src/main.o
 .debug_macro   0x0000000000020fed       0x1e ./Core/Src/main.o
 .debug_macro   0x000000000002100b       0x3c ./Core/Src/main.o
 .debug_macro   0x0000000000021047       0x34 ./Core/Src/main.o
 .debug_macro   0x000000000002107b       0x16 ./Core/Src/main.o
 .debug_macro   0x0000000000021091       0x35 ./Core/Src/main.o
 .debug_macro   0x00000000000210c6      0x364 ./Core/Src/main.o
 .debug_macro   0x000000000002142a       0x10 ./Core/Src/main.o
 .debug_macro   0x000000000002143a       0x16 ./Core/Src/main.o
 .debug_macro   0x0000000000021450       0x43 ./Core/Src/main.o
 .debug_macro   0x0000000000021493       0x34 ./Core/Src/main.o
 .debug_macro   0x00000000000214c7       0x10 ./Core/Src/main.o
 .debug_macro   0x00000000000214d7       0x58 ./Core/Src/main.o
 .debug_macro   0x000000000002152f       0x71 ./Core/Src/main.o
 .debug_macro   0x00000000000215a0       0x16 ./Core/Src/main.o
 .debug_macro   0x00000000000215b6      0x12a ./Core/Src/main.o
 .debug_macro   0x00000000000216e0       0x10 ./Core/Src/main.o
 .debug_macro   0x00000000000216f0       0x1c ./Core/Src/main.o
 .debug_macro   0x000000000002170c       0x52 ./Core/Src/main.o
 .debug_macro   0x000000000002175e       0x22 ./Core/Src/main.o
 .debug_macro   0x0000000000021780       0x10 ./Core/Src/main.o
 .debug_macro   0x0000000000021790       0x52 ./Core/Src/main.o
 .debug_macro   0x00000000000217e2       0xd5 ./Core/Src/main.o
 .debug_macro   0x00000000000218b7       0x1c ./Core/Src/main.o
 .debug_macro   0x00000000000218d3       0x3d ./Core/Src/main.o
 .debug_macro   0x0000000000021910       0x16 ./Core/Src/main.o
 .debug_macro   0x0000000000021926      0x137 ./Core/Src/main.o
 .debug_macro   0x0000000000021a5d      0x11d ./Core/Src/main.o
 .debug_macro   0x0000000000021b7a       0x35 ./Core/Src/main.o
 .debug_macro   0x0000000000021baf       0x22 ./Core/Src/main.o
 .debug_macro   0x0000000000021bd1      0x223 ./Core/Src/spi.o
 .debug_macro   0x0000000000021df4      0x219 ./Core/Src/stm32f4xx_hal_msp.o
 .debug_macro   0x000000000002200d      0x20a ./Core/Src/stm32f4xx_hal_timebase_tim.o
 .debug_macro   0x0000000000022217      0x223 ./Core/Src/stm32f4xx_it.o
 .debug_macro   0x000000000002243a      0x20a ./Core/Src/system_stm32f4xx.o
 .debug_macro   0x0000000000022644      0x223 ./Core/Src/usart.o
 .debug_macro   0x0000000000022867      0x26a ./Drivers/STM32F4xx_HAL_Driver/stm32f4xx_hal.o
 .debug_macro   0x0000000000022ad1      0x20b ./Drivers/STM32F4xx_HAL_Driver/stm32f4xx_hal_adc.o
 .debug_macro   0x0000000000022cdc      0x20a ./Drivers/STM32F4xx_HAL_Driver/stm32f4xx_hal_cortex.o
 .debug_macro   0x0000000000022ee6      0x20a ./Drivers/STM32F4xx_HAL_Driver/stm32f4xx_hal_crc.o
 .debug_macro   0x00000000000230f0      0x210 ./Drivers/STM32F4xx_HAL_Driver/stm32f4xx_hal_dma.o
 .debug_macro   0x0000000000023300      0x210 ./Drivers/STM32F4xx_HAL_Driver/stm32f4xx_hal_gpio.o
 .debug_macro   0x0000000000023510      0x22e ./Drivers/STM32F4xx_HAL_Driver/stm32f4xx_hal_rcc.o
 .debug_macro   0x000000000002373e      0x219 ./Drivers/STM32F4xx_HAL_Driver/stm32f4xx_hal_spi.o
 .debug_macro   0x0000000000023957      0x20b ./Drivers/STM32F4xx_HAL_Driver/stm32f4xx_hal_tim.o
 .debug_macro   0x0000000000023b62      0x20a ./Drivers/STM32F4xx_HAL_Driver/stm32f4xx_hal_tim_ex.o
 .debug_macro   0x0000000000023d6c      0x20b ./Drivers/STM32F4xx_HAL_Driver/stm32f4xx_hal_uart.o

.debug_line     0x0000000000000000    0x16047
 .debug_line    0x0000000000000000      0x8bc ./Core/Src/adc.o
 .debug_line    0x00000000000008bc      0x878 ./Core/Src/crc.o
 .debug_line    0x0000000000001134      0x878 ./Core/Src/gpio.o
 .debug_line    0x00000000000019ac     0x106a ./Core/Src/main.o
 .debug_line    0x0000000000002a16      0x8ae ./Core/Src/spi.o
 .debug_line    0x00000000000032c4      0x83c ./Core/Src/stm32f4xx_hal_msp.o
 .debug_line    0x0000000000003b00      0x89c ./Core/Src/stm32f4xx_hal_timebase_tim.o
 .debug_line    0x000000000000439c      0x942 ./Core/Src/stm32f4xx_it.o
 .debug_line    0x0000000000004cde      0x8be ./Core/Src/system_stm32f4xx.o
 .debug_line    0x000000000000559c      0x916 ./Core/Src/usart.o
 .debug_line    0x0000000000005eb2       0x88 ./Core/Startup/startup_stm32f405rgtx.o
 .debug_line    0x0000000000005f3a      0xb5f ./Drivers/STM32F4xx_HAL_Driver/stm32f4xx_hal.o
 .debug_line    0x0000000000006a99     0x13d5 ./Drivers/STM32F4xx_HAL_Driver/stm32f4xx_hal_adc.o
 .debug_line    0x0000000000007e6e      0xe0e ./Drivers/STM32F4xx_HAL_Driver/stm32f4xx_hal_cortex.o
 .debug_line    0x0000000000008c7c      0x9be ./Drivers/STM32F4xx_HAL_Driver/stm32f4xx_hal_crc.o
 .debug_line    0x000000000000963a     0x10c3 ./Drivers/STM32F4xx_HAL_Driver/stm32f4xx_hal_dma.o
 .debug_line    0x000000000000a6fd      0xcd3 ./Drivers/STM32F4xx_HAL_Driver/stm32f4xx_hal_gpio.o
 .debug_line    0x000000000000b3d0      0xedb ./Drivers/STM32F4xx_HAL_Driver/stm32f4xx_hal_rcc.o
 .debug_line    0x000000000000c2ab     0x1de9 ./Drivers/STM32F4xx_HAL_Driver/stm32f4xx_hal_spi.o
 .debug_line    0x000000000000e094     0x3853 ./Drivers/STM32F4xx_HAL_Driver/stm32f4xx_hal_tim.o
 .debug_line    0x00000000000118e7     0x1b5c ./Drivers/STM32F4xx_HAL_Driver/stm32f4xx_hal_tim_ex.o
 .debug_line    0x0000000000013443     0x2c04 ./Drivers/STM32F4xx_HAL_Driver/stm32f4xx_hal_uart.o

.debug_str      0x0000000000000000    0xd17a0
 .debug_str     0x0000000000000000    0xc6b96 ./Core/Src/adc.o
                                      0xc6efe (size before relaxing)
 .debug_str     0x00000000000c6b96      0x109 ./Core/Src/crc.o
                                      0xc6b3c (size before relaxing)
 .debug_str     0x00000000000c6c9f       0x68 ./Core/Src/gpio.o
                                      0xc6a9e (size before relaxing)
 .debug_str     0x00000000000c6d07     0x6d7b ./Core/Src/main.o
                                      0xcdbeb (size before relaxing)
 .debug_str     0x00000000000cda82      0x1c1 ./Core/Src/spi.o
                                      0xc6f18 (size before relaxing)
 .debug_str     0x00000000000cdc43       0x2c ./Core/Src/stm32f4xx_hal_msp.o
                                      0xc69c1 (size before relaxing)
 .debug_str     0x00000000000cdc6f      0x5ce ./Core/Src/stm32f4xx_hal_timebase_tim.o
                                      0xc71d4 (size before relaxing)
 .debug_str     0x00000000000ce23d      0x127 ./Core/Src/stm32f4xx_it.o
                                      0xc70e2 (size before relaxing)
 .debug_str     0x00000000000ce364       0xdb ./Core/Src/system_stm32f4xx.o
                                      0xc6720 (size before relaxing)
 .debug_str     0x00000000000ce43f       0x7d ./Core/Src/usart.o
                                      0xc7461 (size before relaxing)
 .debug_str     0x00000000000ce4bc       0x36 ./Core/Startup/startup_stm32f405rgtx.o
                                         0x79 (size before relaxing)
 .debug_str     0x00000000000ce4f2      0x605 ./Drivers/STM32F4xx_HAL_Driver/stm32f4xx_hal.o
                                      0xc72be (size before relaxing)
 .debug_str     0x00000000000ceaf7      0x30b ./Drivers/STM32F4xx_HAL_Driver/stm32f4xx_hal_adc.o
                                      0xc6d48 (size before relaxing)
 .debug_str     0x00000000000cee02      0x34e ./Drivers/STM32F4xx_HAL_Driver/stm32f4xx_hal_cortex.o
                                      0xc6ff1 (size before relaxing)
 .debug_str     0x00000000000cf150       0xd8 ./Drivers/STM32F4xx_HAL_Driver/stm32f4xx_hal_crc.o
                                      0xc6789 (size before relaxing)
 .debug_str     0x00000000000cf228      0x331 ./Drivers/STM32F4xx_HAL_Driver/stm32f4xx_hal_dma.o
                                      0xc6b75 (size before relaxing)
 .debug_str     0x00000000000cf559      0x144 ./Drivers/STM32F4xx_HAL_Driver/stm32f4xx_hal_gpio.o
                                      0xc68d6 (size before relaxing)
 .debug_str     0x00000000000cf69d      0x22d ./Drivers/STM32F4xx_HAL_Driver/stm32f4xx_hal_rcc.o
                                      0xc6b8f (size before relaxing)
 .debug_str     0x00000000000cf8ca      0x5a1 ./Drivers/STM32F4xx_HAL_Driver/stm32f4xx_hal_spi.o
                                      0xc701f (size before relaxing)
 .debug_str     0x00000000000cfe6b      0xe5a ./Drivers/STM32F4xx_HAL_Driver/stm32f4xx_hal_tim.o
                                      0xc7ad5 (size before relaxing)
 .debug_str     0x00000000000d0cc5      0x53e ./Drivers/STM32F4xx_HAL_Driver/stm32f4xx_hal_tim_ex.o
                                      0xc72f1 (size before relaxing)
 .debug_str     0x00000000000d1203      0x59d ./Drivers/STM32F4xx_HAL_Driver/stm32f4xx_hal_uart.o
                                      0xc712e (size before relaxing)

.comment        0x0000000000000000       0x50
 .comment       0x0000000000000000       0x50 ./Core/Src/adc.o
                                         0x51 (size before relaxing)
 .comment       0x0000000000000050       0x51 ./Core/Src/crc.o
 .comment       0x0000000000000050       0x51 ./Core/Src/gpio.o
 .comment       0x0000000000000050       0x51 ./Core/Src/main.o
 .comment       0x0000000000000050       0x51 ./Core/Src/spi.o
 .comment       0x0000000000000050       0x51 ./Core/Src/stm32f4xx_hal_msp.o
 .comment       0x0000000000000050       0x51 ./Core/Src/stm32f4xx_hal_timebase_tim.o
 .comment       0x0000000000000050       0x51 ./Core/Src/stm32f4xx_it.o
 .comment       0x0000000000000050       0x51 ./Core/Src/system_stm32f4xx.o
 .comment       0x0000000000000050       0x51 ./Core/Src/usart.o
 .comment       0x0000000000000050       0x51 ./Drivers/STM32F4xx_HAL_Driver/stm32f4xx_hal.o
 .comment       0x0000000000000050       0x51 ./Drivers/STM32F4xx_HAL_Driver/stm32f4xx_hal_adc.o
 .comment       0x0000000000000050       0x51 ./Drivers/STM32F4xx_HAL_Driver/stm32f4xx_hal_cortex.o
 .comment       0x0000000000000050       0x51 ./Drivers/STM32F4xx_HAL_Driver/stm32f4xx_hal_crc.o
 .comment       0x0000000000000050       0x51 ./Drivers/STM32F4xx_HAL_Driver/stm32f4xx_hal_dma.o
 .comment       0x0000000000000050       0x51 ./Drivers/STM32F4xx_HAL_Driver/stm32f4xx_hal_gpio.o
 .comment       0x0000000000000050       0x51 ./Drivers/STM32F4xx_HAL_Driver/stm32f4xx_hal_rcc.o
 .comment       0x0000000000000050       0x51 ./Drivers/STM32F4xx_HAL_Driver/stm32f4xx_hal_spi.o
 .comment       0x0000000000000050       0x51 ./Drivers/STM32F4xx_HAL_Driver/stm32f4xx_hal_tim.o
 .comment       0x0000000000000050       0x51 ./Drivers/STM32F4xx_HAL_Driver/stm32f4xx_hal_tim_ex.o
 .comment       0x0000000000000050       0x51 ./Drivers/STM32F4xx_HAL_Driver/stm32f4xx_hal_uart.o

.debug_frame    0x0000000000000000     0x43d8
 .debug_frame   0x0000000000000000       0x7c ./Core/Src/adc.o
 .debug_frame   0x000000000000007c       0x7c ./Core/Src/crc.o
 .debug_frame   0x00000000000000f8       0x34 ./Core/Src/gpio.o
 .debug_frame   0x000000000000012c      0x298 ./Core/Src/main.o
 .debug_frame   0x00000000000003c4       0x74 ./Core/Src/spi.o
 .debug_frame   0x0000000000000438       0x38 ./Core/Src/stm32f4xx_hal_msp.o
 .debug_frame   0x0000000000000470       0x74 ./Core/Src/stm32f4xx_hal_timebase_tim.o
 .debug_frame   0x00000000000004e4      0x15c ./Core/Src/stm32f4xx_it.o
 .debug_frame   0x0000000000000640       0x58 ./Core/Src/system_stm32f4xx.o
 .debug_frame   0x0000000000000698       0x90 ./Core/Src/usart.o
 .debug_frame   0x0000000000000728      0x374 ./Drivers/STM32F4xx_HAL_Driver/stm32f4xx_hal.o
 .debug_frame   0x0000000000000a9c      0x3fc ./Drivers/STM32F4xx_HAL_Driver/stm32f4xx_hal_adc.o
 .debug_frame   0x0000000000000e98      0x498 ./Drivers/STM32F4xx_HAL_Driver/stm32f4xx_hal_cortex.o
 .debug_frame   0x0000000000001330      0x120 ./Drivers/STM32F4xx_HAL_Driver/stm32f4xx_hal_crc.o
 .debug_frame   0x0000000000001450      0x250 ./Drivers/STM32F4xx_HAL_Driver/stm32f4xx_hal_dma.o
 .debug_frame   0x00000000000016a0      0x14c ./Drivers/STM32F4xx_HAL_Driver/stm32f4xx_hal_gpio.o
 .debug_frame   0x00000000000017ec      0x1f4 ./Drivers/STM32F4xx_HAL_Driver/stm32f4xx_hal_rcc.o
 .debug_frame   0x00000000000019e0      0x824 ./Drivers/STM32F4xx_HAL_Driver/stm32f4xx_hal_spi.o
 .debug_frame   0x0000000000002204     0x11c4 ./Drivers/STM32F4xx_HAL_Driver/stm32f4xx_hal_tim.o
 .debug_frame   0x00000000000033c8      0x638 ./Drivers/STM32F4xx_HAL_Driver/stm32f4xx_hal_tim_ex.o
 .debug_frame   0x0000000000003a00      0x92c ./Drivers/STM32F4xx_HAL_Driver/stm32f4xx_hal_uart.o
 .debug_frame   0x000000000000432c       0x2c d:/stm cubeide/stm32cubeide_1.9.0/stm32cubeide/plugins/com.st.stm32cube.ide.mcu.externaltools.gnu-tools-for-stm32.10.3-2021.10.win32_1.0.0.202111181127/tools/bin/../lib/gcc/arm-none-eabi/10.3.1/../../../../arm-none-eabi/lib/thumb/v7e-m+fp/hard\libc_nano.a(lib_a-init.o)
 .debug_frame   0x0000000000004358       0x20 d:/stm cubeide/stm32cubeide_1.9.0/stm32cubeide/plugins/com.st.stm32cube.ide.mcu.externaltools.gnu-tools-for-stm32.10.3-2021.10.win32_1.0.0.202111181127/tools/bin/../lib/gcc/arm-none-eabi/10.3.1/../../../../arm-none-eabi/lib/thumb/v7e-m+fp/hard\libc_nano.a(lib_a-memset.o)
 .debug_frame   0x0000000000004378       0x2c d:/stm cubeide/stm32cubeide_1.9.0/stm32cubeide/plugins/com.st.stm32cube.ide.mcu.externaltools.gnu-tools-for-stm32.10.3-2021.10.win32_1.0.0.202111181127/tools/bin/../lib/gcc/arm-none-eabi/10.3.1/thumb/v7e-m+fp/hard\libgcc.a(_aeabi_uldivmod.o)
 .debug_frame   0x00000000000043a4       0x34 d:/stm cubeide/stm32cubeide_1.9.0/stm32cubeide/plugins/com.st.stm32cube.ide.mcu.externaltools.gnu-tools-for-stm32.10.3-2021.10.win32_1.0.0.202111181127/tools/bin/../lib/gcc/arm-none-eabi/10.3.1/thumb/v7e-m+fp/hard\libgcc.a(_udivmoddi4.o)
