../Src/stm32f3xx_it.c:75:6:NMI_Handler	0	static
../Src/stm32f3xx_it.c:88:6:HardFault_Handler	0	static
../Src/stm32f3xx_it.c:103:6:MemManage_Handler	0	static
../Src/stm32f3xx_it.c:118:6:BusFault_Handler	0	static
../Src/stm32f3xx_it.c:133:6:UsageFault_Handler	0	static
../Src/stm32f3xx_it.c:148:6:SVC_Handler	0	static
../Src/stm32f3xx_it.c:161:6:DebugMon_Handler	0	static
../Src/stm32f3xx_it.c:174:6:PendSV_Handler	0	static
../Src/stm32f3xx_it.c:187:6:SysTick_Handler	8	static
../Src/stm32f3xx_it.c:208:6:DMA1_Channel1_IRQHandler	8	static
../Src/stm32f3xx_it.c:222:6:DMA1_Channel2_IRQHandler	8	static
../Src/stm32f3xx_it.c:236:6:ADC1_2_IRQHandler	8	static
../Src/stm32f3xx_it.c:251:6:USART1_IRQHandler	8	static
../Src/stm32f3xx_it.c:265:6:USART2_IRQHandler	8	static
