Archive member included to satisfy reference by file (symbol)

d:/stm cubeide/stm32cubeide_1.9.0/stm32cubeide/plugins/com.st.stm32cube.ide.mcu.externaltools.gnu-tools-for-stm32.10.3-2021.10.win32_1.0.0.202111181127/tools/bin/../lib/gcc/arm-none-eabi/10.3.1/../../../../arm-none-eabi/lib/thumb/v7e-m+fp/hard\libc_nano.a(lib_a-errno.o)
                              ./Core/Src/syscalls.o (__errno)
d:/stm cubeide/stm32cubeide_1.9.0/stm32cubeide/plugins/com.st.stm32cube.ide.mcu.externaltools.gnu-tools-for-stm32.10.3-2021.10.win32_1.0.0.202111181127/tools/bin/../lib/gcc/arm-none-eabi/10.3.1/../../../../arm-none-eabi/lib/thumb/v7e-m+fp/hard\libc_nano.a(lib_a-exit.o)
                              d:/stm cubeide/stm32cubeide_1.9.0/stm32cubeide/plugins/com.st.stm32cube.ide.mcu.externaltools.gnu-tools-for-stm32.10.3-2021.10.win32_1.0.0.202111181127/tools/bin/../lib/gcc/arm-none-eabi/10.3.1/../../../../arm-none-eabi/lib/thumb/v7e-m+fp/hard/crt0.o (exit)
d:/stm cubeide/stm32cubeide_1.9.0/stm32cubeide/plugins/com.st.stm32cube.ide.mcu.externaltools.gnu-tools-for-stm32.10.3-2021.10.win32_1.0.0.202111181127/tools/bin/../lib/gcc/arm-none-eabi/10.3.1/../../../../arm-none-eabi/lib/thumb/v7e-m+fp/hard\libc_nano.a(lib_a-findfp.o)
                              ./Middlewares/FreeRTOS/tasks.o (__sf_fake_stderr)
d:/stm cubeide/stm32cubeide_1.9.0/stm32cubeide/plugins/com.st.stm32cube.ide.mcu.externaltools.gnu-tools-for-stm32.10.3-2021.10.win32_1.0.0.202111181127/tools/bin/../lib/gcc/arm-none-eabi/10.3.1/../../../../arm-none-eabi/lib/thumb/v7e-m+fp/hard\libc_nano.a(lib_a-fwalk.o)
                              d:/stm cubeide/stm32cubeide_1.9.0/stm32cubeide/plugins/com.st.stm32cube.ide.mcu.externaltools.gnu-tools-for-stm32.10.3-2021.10.win32_1.0.0.202111181127/tools/bin/../lib/gcc/arm-none-eabi/10.3.1/../../../../arm-none-eabi/lib/thumb/v7e-m+fp/hard\libc_nano.a(lib_a-findfp.o) (_fwalk)
d:/stm cubeide/stm32cubeide_1.9.0/stm32cubeide/plugins/com.st.stm32cube.ide.mcu.externaltools.gnu-tools-for-stm32.10.3-2021.10.win32_1.0.0.202111181127/tools/bin/../lib/gcc/arm-none-eabi/10.3.1/../../../../arm-none-eabi/lib/thumb/v7e-m+fp/hard\libc_nano.a(lib_a-impure.o)
                              d:/stm cubeide/stm32cubeide_1.9.0/stm32cubeide/plugins/com.st.stm32cube.ide.mcu.externaltools.gnu-tools-for-stm32.10.3-2021.10.win32_1.0.0.202111181127/tools/bin/../lib/gcc/arm-none-eabi/10.3.1/../../../../arm-none-eabi/lib/thumb/v7e-m+fp/hard\libc_nano.a(lib_a-exit.o) (_global_impure_ptr)
d:/stm cubeide/stm32cubeide_1.9.0/stm32cubeide/plugins/com.st.stm32cube.ide.mcu.externaltools.gnu-tools-for-stm32.10.3-2021.10.win32_1.0.0.202111181127/tools/bin/../lib/gcc/arm-none-eabi/10.3.1/../../../../arm-none-eabi/lib/thumb/v7e-m+fp/hard\libc_nano.a(lib_a-init.o)
                              d:/stm cubeide/stm32cubeide_1.9.0/stm32cubeide/plugins/com.st.stm32cube.ide.mcu.externaltools.gnu-tools-for-stm32.10.3-2021.10.win32_1.0.0.202111181127/tools/bin/../lib/gcc/arm-none-eabi/10.3.1/../../../../arm-none-eabi/lib/thumb/v7e-m+fp/hard/crt0.o (__libc_init_array)
d:/stm cubeide/stm32cubeide_1.9.0/stm32cubeide/plugins/com.st.stm32cube.ide.mcu.externaltools.gnu-tools-for-stm32.10.3-2021.10.win32_1.0.0.202111181127/tools/bin/../lib/gcc/arm-none-eabi/10.3.1/../../../../arm-none-eabi/lib/thumb/v7e-m+fp/hard\libc_nano.a(lib_a-lock.o)
                              d:/stm cubeide/stm32cubeide_1.9.0/stm32cubeide/plugins/com.st.stm32cube.ide.mcu.externaltools.gnu-tools-for-stm32.10.3-2021.10.win32_1.0.0.202111181127/tools/bin/../lib/gcc/arm-none-eabi/10.3.1/../../../../arm-none-eabi/lib/thumb/v7e-m+fp/hard\libc_nano.a(lib_a-findfp.o) (__retarget_lock_init_recursive)
d:/stm cubeide/stm32cubeide_1.9.0/stm32cubeide/plugins/com.st.stm32cube.ide.mcu.externaltools.gnu-tools-for-stm32.10.3-2021.10.win32_1.0.0.202111181127/tools/bin/../lib/gcc/arm-none-eabi/10.3.1/../../../../arm-none-eabi/lib/thumb/v7e-m+fp/hard\libc_nano.a(lib_a-memcpy-stub.o)
                              ./Middlewares/FreeRTOS/cmsis_os2.o (memcpy)
d:/stm cubeide/stm32cubeide_1.9.0/stm32cubeide/plugins/com.st.stm32cube.ide.mcu.externaltools.gnu-tools-for-stm32.10.3-2021.10.win32_1.0.0.202111181127/tools/bin/../lib/gcc/arm-none-eabi/10.3.1/../../../../arm-none-eabi/lib/thumb/v7e-m+fp/hard\libc_nano.a(lib_a-memset.o)
                              d:/stm cubeide/stm32cubeide_1.9.0/stm32cubeide/plugins/com.st.stm32cube.ide.mcu.externaltools.gnu-tools-for-stm32.10.3-2021.10.win32_1.0.0.202111181127/tools/bin/../lib/gcc/arm-none-eabi/10.3.1/../../../../arm-none-eabi/lib/thumb/v7e-m+fp/hard/crt0.o (memset)
d:/stm cubeide/stm32cubeide_1.9.0/stm32cubeide/plugins/com.st.stm32cube.ide.mcu.externaltools.gnu-tools-for-stm32.10.3-2021.10.win32_1.0.0.202111181127/tools/bin/../lib/gcc/arm-none-eabi/10.3.1/../../../../arm-none-eabi/lib/thumb/v7e-m+fp/hard\libc_nano.a(lib_a-nano-mallocr.o)
[...]
Memory Configuration

Name             Origin             Length             Attributes
CCMRAM           0x0000000010000000 0x0000000000010000 xrw
RAM              0x0000000020000000 0x0000000000020000 xrw
FLASH            0x0000000008000000 0x0000000000100000 xr
*default*        0x0000000000000000 0xffffffffffffffff

Linker script and memory map

LOAD d:/stm cubeide/stm32cubeide_1.9.0/stm32cubeide/plugins/com.st.stm32cube.ide.mcu.externaltools.gnu-tools-for-stm32.10.3-2021.10.win32_1.0.0.202111181127/tools/bin/../lib/gcc/arm-none-eabi/10.3.1/thumb/v7e-m+fp/hard/crti.o
LOAD d:/stm cubeide/stm32cubeide_1.9.0/stm32cubeide/plugins/com.st.stm32cube.ide.mcu.externaltools.gnu-tools-for-stm32.10.3-2021.10.win32_1.0.0.202111181127/tools/bin/../lib/gcc/arm-none-eabi/10.3.1/thumb/v7e-m+fp/hard/crtbegin.o
LOAD d:/stm cubeide/stm32cubeide_1.9.0/stm32cubeide/plugins/com.st.stm32cube.ide.mcu.externaltools.gnu-tools-for-stm32.10.3-2021.10.win32_1.0.0.202111181127/tools/bin/../lib/gcc/arm-none-eabi/10.3.1/../../../../arm-none-eabi/lib/thumb/v7e-m+fp/hard/crt0.o
LOAD ./Core/Src/adc.o
LOAD ./Core/Src/crc.o
LOAD ./Core/Src/freertos.o
LOAD ./Core/Src/gpio.o
LOAD ./Core/Src/main.o
LOAD ./Core/Src/spi.o
LOAD ./Core/Src/stm32f4xx_hal_msp.o
LOAD ./Core/Src/stm32f4xx_hal_timebase_tim.o
LOAD ./Core/Src/stm32f4xx_it.o
LOAD ./Core/Src/syscalls.o
LOAD ./Core/Src/sysmem.o
LOAD ./Core/Src/system_stm32f4xx.o
LOAD ./Core/Src/usart.o
LOAD ./Core/Startup/startup_stm32f405rgtx.o
LOAD ./Drivers/STM32F4xx_HAL_Driver/stm32f4xx_hal.o
LOAD ./Drivers/STM32F4xx_HAL_Driver/stm32f4xx_hal_adc.o
LOAD ./Drivers/STM32F4xx_HAL_Driver/stm32f4xx_hal_adc_ex.o
LOAD ./Drivers/STM32F4xx_HAL_Driver/stm32f4xx_hal_cortex.o
LOAD ./Drivers/STM32F4xx_HAL_Driver/stm32f4xx_hal_crc.o
LOAD ./Drivers/STM32F4xx_HAL_Driver/stm32f4xx_hal_dma.o
LOAD ./Drivers/STM32F4xx_HAL_Driver/stm32f4xx_hal_dma_ex.o
LOAD ./Drivers/STM32F4xx_HAL_Driver/stm32f4xx_hal_exti.o
LOAD ./Drivers/STM32F4xx_HAL_Driver/stm32f4xx_hal_flash.o
LOAD ./Drivers/STM32F4xx_HAL_Driver/stm32f4xx_hal_flash_ex.o
LOAD ./Drivers/STM32F4xx_HAL_Driver/stm32f4xx_hal_flash_ramfunc.o
LOAD ./Drivers/STM32F4xx_HAL_Driver/stm32f4xx_hal_gpio.o
LOAD ./Drivers/STM32F4xx_HAL_Driver/stm32f4xx_hal_pwr.o
LOAD ./Drivers/STM32F4xx_HAL_Driver/stm32f4xx_hal_pwr_ex.o
LOAD ./Drivers/STM32F4xx_HAL_Driver/stm32f4xx_hal_rcc.o
LOAD ./Drivers/STM32F4xx_HAL_Driver/stm32f4xx_hal_rcc_ex.o
LOAD ./Drivers/STM32F4xx_HAL_Driver/stm32f4xx_hal_spi.o
LOAD ./Drivers/STM32F4xx_HAL_Driver/stm32f4xx_hal_tim.o
LOAD ./Drivers/STM32F4xx_HAL_Driver/stm32f4xx_hal_tim_ex.o
LOAD ./Drivers/STM32F4xx_HAL_Driver/stm32f4xx_hal_uart.o
LOAD ./Drivers/STM32F4xx_HAL_Driver/stm32f4xx_ll_adc.o
LOAD ./Middlewares/FreeRTOS/cmsis_os2.o
LOAD ./Middlewares/FreeRTOS/croutine.o
LOAD ./Middlewares/FreeRTOS/event_groups.o
LOAD ./Middlewares/FreeRTOS/heap_4.o
LOAD ./Middlewares/FreeRTOS/list.o
LOAD ./Middlewares/FreeRTOS/port.o
LOAD ./Middlewares/FreeRTOS/queue.o
LOAD ./Middlewares/FreeRTOS/stream_buffer.o
LOAD ./Middlewares/FreeRTOS/tasks.o
LOAD ./Middlewares/FreeRTOS/timers.o
START GROUP
LOAD d:/stm cubeide/stm32cubeide_1.9.0/stm32cubeide/plugins/com.st.stm32cube.ide.mcu.externaltools.gnu-tools-for-stm32.10.3-2021.10.win32_1.0.0.202111181127/tools/bin/../lib/gcc/arm-none-eabi/10.3.1/../../../../arm-none-eabi/lib/thumb/v7e-m+fp/hard\libc_nano.a
LOAD d:/stm cubeide/stm32cubeide_1.9.0/stm32cubeide/plugins/com.st.stm32cube.ide.mcu.externaltools.gnu-tools-for-stm32.10.3-2021.10.win32_1.0.0.202111181127/tools/bin/../lib/gcc/arm-none-eabi/10.3.1/../../../../arm-none-eabi/lib/thumb/v7e-m+fp/hard\libm.a
END GROUP
START GROUP
LOAD d:/stm cubeide/stm32cubeide_1.9.0/stm32cubeide/plugins/com.st.stm32cube.ide.mcu.externaltools.gnu-tools-for-stm32.10.3-2021.10.win32_1.0.0.202111181127/tools/bin/../lib/gcc/arm-none-eabi/10.3.1/thumb/v7e-m+fp/hard\libgcc.a
LOAD d:/stm cubeide/stm32cubeide_1.9.0/stm32cubeide/plugins/com.st.stm32cube.ide.mcu.externaltools.gnu-tools-for-stm32.10.3-2021.10.win32_1.0.0.202111181127/tools/bin/../lib/gcc/arm-none-eabi/10.3.1/../../../../arm-none-eabi/lib/thumb/v7e-m+fp/hard\libc_nano.a
END GROUP
START GROUP
LOAD d:/stm cubeide/stm32cubeide_1.9.0/stm32cubeide/plugins/com.st.stm32cube.ide.mcu.externaltools.gnu-tools-for-stm32.10.3-2021.10.win32_1.0.0.202111181127/tools/bin/../lib/gcc/arm-none-eabi/10.3.1/thumb/v7e-m+fp/hard\libgcc.a
LOAD d:/stm cubeide/stm32cubeide_1.9.0/stm32cubeide/plugins/com.st.stm32cube.ide.mcu.externaltools.gnu-tools-for-stm32.10.3-2021.10.win32_1.0.0.202111181127/tools/bin/../lib/gcc/arm-none-eabi/10.3.1/../../../../arm-none-eabi/lib/thumb/v7e-m+fp/hard\libc_nano.a
LOAD d:/stm cubeide/stm32cubeide_1.9.0/stm32cubeide/plugins/com.st.stm32cube.ide.mcu.externaltools.gnu-tools-for-stm32.10.3-2021.10.win32_1.0.0.202111181127/tools/bin/../lib/gcc/arm-none-eabi/10.3.1/../../../../arm-none-eabi/lib/thumb/v7e-m+fp/hard\libnosys.a
END GROUP
START GROUP
LOAD d:/stm cubeide/stm32cubeide_1.9.0/stm32cubeide/plugins/com.st.stm32cube.ide.mcu.externaltools.gnu-tools-for-stm32.10.3-2021.10.win32_1.0.0.202111181127/tools/bin/../lib/gcc/arm-none-eabi/10.3.1/thumb/v7e-m+fp/hard\libgcc.a
LOAD d:/stm cubeide/stm32cubeide_1.9.0/stm32cubeide/plugins/com.st.stm32cube.ide.mcu.externaltools.gnu-tools-for-stm32.10.3-2021.10.win32_1.0.0.202111181127/tools/bin/../lib/gcc/arm-none-eabi/10.3.1/../../../../arm-none-eabi/lib/thumb/v7e-m+fp/hard\libc_nano.a
LOAD d:/stm cubeide/stm32cubeide_1.9.0/stm32cubeide/plugins/com.st.stm32cube.ide.mcu.externaltools.gnu-tools-for-stm32.10.3-2021.10.win32_1.0.0.202111181127/tools/bin/../lib/gcc/arm-none-eabi/10.3.1/../../../../arm-none-eabi/lib/thumb/v7e-m+fp/hard\libnosys.a
END GROUP
LOAD d:/stm cubeide/stm32cubeide_1.9.0/stm32cubeide/plugins/com.st.stm32cube.ide.mcu.externaltools.gnu-tools-for-stm32.10.3-2021.10.win32_1.0.0.202111181127/tools/bin/../lib/gcc/arm-none-eabi/10.3.1/thumb/v7e-m+fp/hard/crtend.o
LOAD d:/stm cubeide/stm32cubeide_1.9.0/stm32cubeide/plugins/com.st.stm32cube.ide.mcu.externaltools.gnu-tools-for-stm32.10.3-2021.10.win32_1.0.0.202111181127/tools/bin/../lib/gcc/arm-none-eabi/10.3.1/thumb/v7e-m+fp/hard/crtn.o
                0x0000000020020000                _estack = (ORIGIN (RAM) + LENGTH (RAM))
                0x0000000000000200                _Min_Heap_Size = 0x200
                0x0000000000000400                _Min_Stack_Size = 0x400

.isr_vector     0x0000000008000000      0x188
                0x0000000008000000                . = ALIGN (0x4)
 *(.isr_vector)
 .isr_vector    0x0000000008000000      0x188 ./Core/Startup/startup_stm32f405rgtx.o
                0x0000000008000000                g_pfnVectors
                0x0000000008000188                . = ALIGN (0x4)

.text           0x0000000008000190     0x6480
                0x0000000008000190                . = ALIGN (0x4)
 *(.text)
 .text          0x0000000008000190       0x40 d:/stm cubeide/stm32cubeide_1.9.0/stm32cubeide/plugins/com.st.stm32cube.ide.mcu.externaltools.gnu-tools-for-stm32.10.3-2021.10.win32_1.0.0.202111181127/tools/bin/../lib/gcc/arm-none-eabi/10.3.1/thumb/v7e-m+fp/hard/crtbegin.o
 .text          0x00000000080001d0       0x30 d:/stm cubeide/stm32cubeide_1.9.0/stm32cubeide/plugins/com.st.stm32cube.ide.mcu.externaltools.gnu-tools-for-stm32.10.3-2021.10.win32_1.0.0.202111181127/tools/bin/../lib/gcc/arm-none-eabi/10.3.1/thumb/v7e-m+fp/hard\libgcc.a(_aeabi_uldivmod.o)
                0x00000000080001d0                __aeabi_uldivmod
 .text          0x0000000008000200      0x2d0 d:/stm cubeide/stm32cubeide_1.9.0/stm32cubeide/plugins/com.st.stm32cube.ide.mcu.externaltools.gnu-tools-for-stm32.10.3-2021.10.win32_1.0.0.202111181127/tools/bin/../lib/gcc/arm-none-eabi/10.3.1/thumb/v7e-m+fp/hard\libgcc.a(_udivmoddi4.o)
                0x0000000008000200                __udivmoddi4
 .text          0x00000000080004d0        0x4 d:/stm cubeide/stm32cubeide_1.9.0/stm32cubeide/plugins/com.st.stm32cube.ide.mcu.externaltools.gnu-tools-for-stm32.10.3-2021.10.win32_1.0.0.202111181127/tools/bin/../lib/gcc/arm-none-eabi/10.3.1/thumb/v7e-m+fp/hard\libgcc.a(_dvmd_tls.o)
                0x00000000080004d0                __aeabi_idiv0
                0x00000000080004d0                __aeabi_ldiv0
 *(.text*)
 .text.MX_ADC1_Init
                0x00000000080004d4       0xa4 ./Core/Src/adc.o
                0x00000000080004d4                MX_ADC1_Init
 .text.HAL_ADC_MspInit
                0x0000000008000578       0x88 ./Core/Src/adc.o
                0x0000000008000578                HAL_ADC_MspInit
 .text.MX_CRC_Init
                0x0000000008000600       0x28 ./Core/Src/crc.o
                0x0000000008000600                MX_CRC_Init
 .text.HAL_CRC_MspInit
                0x0000000008000628       0x44 ./Core/Src/crc.o
                0x0000000008000628                HAL_CRC_MspInit
 .text.MX_FREERTOS_Init
                0x000000000800066c       0x40 ./Core/Src/freertos.o
                0x000000000800066c                MX_FREERTOS_Init
 .text.StartDefaultTask
                0x00000000080006ac       0x20 ./Core/Src/freertos.o
                0x00000000080006ac                StartDefaultTask
 .text.LED_Blink
                0x00000000080006cc       0x10 ./Core/Src/freertos.o
                0x00000000080006cc                LED_Blink
 .text.MX_GPIO_Init
                0x00000000080006dc      0x138 ./Core/Src/gpio.o
                0x00000000080006dc                MX_GPIO_Init
 .text.main     0x0000000008000814       0x32 ./Core/Src/main.o
                0x0000000008000814                main
 *fill*         0x0000000008000846        0x2 
 .text.SystemClock_Config
                0x0000000008000848       0xd4 ./Core/Src/main.o
                0x0000000008000848                SystemClock_Config
 .text.HAL_TIM_PeriodElapsedCallback
                0x000000000800091c       0x24 ./Core/Src/main.o
                0x000000000800091c                HAL_TIM_PeriodElapsedCallback
 .text.Error_Handler
                0x0000000008000940        0xa ./Core/Src/main.o
                0x0000000008000940                Error_Handler
 *fill*         0x000000000800094a        0x2 
 .text.MX_SPI1_Init
                0x000000000800094c       0x6c ./Core/Src/spi.o
                0x000000000800094c                MX_SPI1_Init
 .text.HAL_SPI_MspInit
                0x00000000080009b8       0x90 ./Core/Src/spi.o
                0x00000000080009b8                HAL_SPI_MspInit
 .text.HAL_MspInit
                0x0000000008000a48       0x58 ./Core/Src/stm32f4xx_hal_msp.o
                0x0000000008000a48                HAL_MspInit
 .text.HAL_InitTick
                0x0000000008000aa0       0xb4 ./Core/Src/stm32f4xx_hal_timebase_tim.o
                0x0000000008000aa0                HAL_InitTick
 .text.NMI_Handler
                0x0000000008000b54        0x6 ./Core/Src/stm32f4xx_it.o
                0x0000000008000b54                NMI_Handler
 .text.HardFault_Handler
                0x0000000008000b5a        0x6 ./Core/Src/stm32f4xx_it.o
                0x0000000008000b5a                HardFault_Handler
 .text.MemManage_Handler
                0x0000000008000b60        0x6 ./Core/Src/stm32f4xx_it.o
                0x0000000008000b60                MemManage_Handler
 .text.BusFault_Handler
                0x0000000008000b66        0x6 ./Core/Src/stm32f4xx_it.o
                0x0000000008000b66                BusFault_Handler
 .text.UsageFault_Handler
                0x0000000008000b6c        0x6 ./Core/Src/stm32f4xx_it.o
                0x0000000008000b6c                UsageFault_Handler
 .text.DebugMon_Handler
                0x0000000008000b72        0xe ./Core/Src/stm32f4xx_it.o
                0x0000000008000b72                DebugMon_Handler
 .text.TIM3_IRQHandler
                0x0000000008000b80       0x14 ./Core/Src/stm32f4xx_it.o
                0x0000000008000b80                TIM3_IRQHandler
 .text.USART1_IRQHandler
                0x0000000008000b94       0x14 ./Core/Src/stm32f4xx_it.o
                0x0000000008000b94                USART1_IRQHandler
 .text.UART4_IRQHandler
                0x0000000008000ba8       0x14 ./Core/Src/stm32f4xx_it.o
                0x0000000008000ba8                UART4_IRQHandler
 .text.SystemInit
                0x0000000008000bbc       0x24 ./Core/Src/system_stm32f4xx.o
                0x0000000008000bbc                SystemInit
 .text.MX_UART4_Init
                0x0000000008000be0       0x58 ./Core/Src/usart.o
                0x0000000008000be0                MX_UART4_Init
 .text.MX_USART1_UART_Init
                0x0000000008000c38       0x58 ./Core/Src/usart.o
                0x0000000008000c38                MX_USART1_UART_Init
 .text.HAL_UART_MspInit
                0x0000000008000c90      0x120 ./Core/Src/usart.o
                0x0000000008000c90                HAL_UART_MspInit
 .text.Reset_Handler
                0x0000000008000db0       0x50 ./Core/Startup/startup_stm32f405rgtx.o
                0x0000000008000db0                Reset_Handler
 .text.Default_Handler
                0x0000000008000e00        0x2 ./Core/Startup/startup_stm32f405rgtx.o
                0x0000000008000e00                RTC_Alarm_IRQHandler
                0x0000000008000e00                HASH_RNG_IRQHandler
                0x0000000008000e00                EXTI2_IRQHandler
                0x0000000008000e00                TIM8_CC_IRQHandler
                0x0000000008000e00                TIM1_CC_IRQHandler
                0x0000000008000e00                DMA2_Stream5_IRQHandler
                0x0000000008000e00                DMA1_Stream5_IRQHandler
                0x0000000008000e00                PVD_IRQHandler
                0x0000000008000e00                SDIO_IRQHandler
                0x0000000008000e00                TAMP_STAMP_IRQHandler
                0x0000000008000e00                CAN2_RX1_IRQHandler
                0x0000000008000e00                EXTI3_IRQHandler
                0x0000000008000e00                TIM8_TRG_COM_TIM14_IRQHandler
                0x0000000008000e00                TIM1_UP_TIM10_IRQHandler
                0x0000000008000e00                TIM8_UP_TIM13_IRQHandler
                0x0000000008000e00                I2C3_ER_IRQHandler
                0x0000000008000e00                EXTI0_IRQHandler
                0x0000000008000e00                I2C2_EV_IRQHandler
                0x0000000008000e00                DMA1_Stream2_IRQHandler
                0x0000000008000e00                CAN1_RX0_IRQHandler
                0x0000000008000e00                FPU_IRQHandler
                0x0000000008000e00                OTG_HS_WKUP_IRQHandler
                0x0000000008000e00                CAN2_SCE_IRQHandler
                0x0000000008000e00                DMA2_Stream2_IRQHandler
                0x0000000008000e00                SPI1_IRQHandler
                0x0000000008000e00                TIM6_DAC_IRQHandler
                0x0000000008000e00                TIM1_BRK_TIM9_IRQHandler
                0x0000000008000e00                CAN2_RX0_IRQHandler
                0x0000000008000e00                DMA2_Stream3_IRQHandler
                0x0000000008000e00                USART6_IRQHandler
                0x0000000008000e00                USART3_IRQHandler
                0x0000000008000e00                CAN1_RX1_IRQHandler
                0x0000000008000e00                UART5_IRQHandler
                0x0000000008000e00                DMA2_Stream0_IRQHandler
                0x0000000008000e00                TIM4_IRQHandler
                0x0000000008000e00                I2C1_EV_IRQHandler
                0x0000000008000e00                DMA1_Stream6_IRQHandler
                0x0000000008000e00                DMA1_Stream1_IRQHandler
                0x0000000008000e00                RCC_IRQHandler
                0x0000000008000e00                TIM8_BRK_TIM12_IRQHandler
                0x0000000008000e00                Default_Handler
                0x0000000008000e00                EXTI15_10_IRQHandler
                0x0000000008000e00                ADC_IRQHandler
                0x0000000008000e00                DMA1_Stream7_IRQHandler
                0x0000000008000e00                TIM7_IRQHandler
                0x0000000008000e00                CAN2_TX_IRQHandler
                0x0000000008000e00                TIM5_IRQHandler
                0x0000000008000e00                DMA2_Stream7_IRQHandler
                0x0000000008000e00                I2C3_EV_IRQHandler
                0x0000000008000e00                EXTI9_5_IRQHandler
                0x0000000008000e00                RTC_WKUP_IRQHandler
                0x0000000008000e00                SPI2_IRQHandler
                0x0000000008000e00                OTG_HS_EP1_IN_IRQHandler
                0x0000000008000e00                DMA1_Stream0_IRQHandler
                0x0000000008000e00                CAN1_TX_IRQHandler
                0x0000000008000e00                EXTI4_IRQHandler
                0x0000000008000e00                FSMC_IRQHandler
                0x0000000008000e00                OTG_HS_EP1_OUT_IRQHandler
                0x0000000008000e00                WWDG_IRQHandler
                0x0000000008000e00                TIM2_IRQHandler
                0x0000000008000e00                OTG_FS_WKUP_IRQHandler
                0x0000000008000e00                TIM1_TRG_COM_TIM11_IRQHandler
                0x0000000008000e00                OTG_HS_IRQHandler
                0x0000000008000e00                EXTI1_IRQHandler
                0x0000000008000e00                USART2_IRQHandler
                0x0000000008000e00                I2C2_ER_IRQHandler
                0x0000000008000e00                DMA2_Stream1_IRQHandler
                0x0000000008000e00                CAN1_SCE_IRQHandler
                0x0000000008000e00                FLASH_IRQHandler
                0x0000000008000e00                DMA2_Stream4_IRQHandler
                0x0000000008000e00                OTG_FS_IRQHandler
                0x0000000008000e00                SPI3_IRQHandler
                0x0000000008000e00                DMA1_Stream4_IRQHandler
                0x0000000008000e00                I2C1_ER_IRQHandler
                0x0000000008000e00                DMA2_Stream6_IRQHandler
                0x0000000008000e00                DMA1_Stream3_IRQHandler
 *fill*         0x0000000008000e02        0x2 
 .text.HAL_Init
                0x0000000008000e04       0x44 ./Drivers/STM32F4xx_HAL_Driver/stm32f4xx_hal.o
                0x0000000008000e04                HAL_Init
 .text.HAL_IncTick
                0x0000000008000e48       0x28 ./Drivers/STM32F4xx_HAL_Driver/stm32f4xx_hal.o
                0x0000000008000e48                HAL_IncTick
 .text.HAL_GetTick
                0x0000000008000e70       0x18 ./Drivers/STM32F4xx_HAL_Driver/stm32f4xx_hal.o
                0x0000000008000e70                HAL_GetTick
 .text.HAL_ADC_Init
                0x0000000008000e88       0x86 ./Drivers/STM32F4xx_HAL_Driver/stm32f4xx_hal_adc.o
                0x0000000008000e88                HAL_ADC_Init
 *fill*         0x0000000008000f0e        0x2 
 .text.HAL_ADC_ConfigChannel
                0x0000000008000f10      0x244 ./Drivers/STM32F4xx_HAL_Driver/stm32f4xx_hal_adc.o
                0x0000000008000f10                HAL_ADC_ConfigChannel
 .text.ADC_Init
                0x0000000008001154      0x1f8 ./Drivers/STM32F4xx_HAL_Driver/stm32f4xx_hal_adc.o
 .text.__NVIC_SetPriorityGrouping
                0x000000000800134c       0x48 ./Drivers/STM32F4xx_HAL_Driver/stm32f4xx_hal_cortex.o
 .text.__NVIC_GetPriorityGrouping
                0x0000000008001394       0x1c ./Drivers/STM32F4xx_HAL_Driver/stm32f4xx_hal_cortex.o
 .text.__NVIC_EnableIRQ
                0x00000000080013b0       0x3c ./Drivers/STM32F4xx_HAL_Driver/stm32f4xx_hal_cortex.o
 .text.__NVIC_SetPriority
                0x00000000080013ec       0x54 ./Drivers/STM32F4xx_HAL_Driver/stm32f4xx_hal_cortex.o
 .text.NVIC_EncodePriority
                0x0000000008001440       0x66 ./Drivers/STM32F4xx_HAL_Driver/stm32f4xx_hal_cortex.o
 .text.HAL_NVIC_SetPriorityGrouping
                0x00000000080014a6       0x16 ./Drivers/STM32F4xx_HAL_Driver/stm32f4xx_hal_cortex.o
                0x00000000080014a6                HAL_NVIC_SetPriorityGrouping
 .text.HAL_NVIC_SetPriority
                0x00000000080014bc       0x38 ./Drivers/STM32F4xx_HAL_Driver/stm32f4xx_hal_cortex.o
                0x00000000080014bc                HAL_NVIC_SetPriority
 .text.HAL_NVIC_EnableIRQ
                0x00000000080014f4       0x1c ./Drivers/STM32F4xx_HAL_Driver/stm32f4xx_hal_cortex.o
                0x00000000080014f4                HAL_NVIC_EnableIRQ
 .text.HAL_CRC_Init
                0x0000000008001510       0x38 ./Drivers/STM32F4xx_HAL_Driver/stm32f4xx_hal_crc.o
                0x0000000008001510                HAL_CRC_Init
 .text.HAL_DMA_Abort
                0x0000000008001548       0xe0 ./Drivers/STM32F4xx_HAL_Driver/stm32f4xx_hal_dma.o
                0x0000000008001548                HAL_DMA_Abort
 .text.HAL_DMA_Abort_IT
                0x0000000008001628       0x44 ./Drivers/STM32F4xx_HAL_Driver/stm32f4xx_hal_dma.o
                0x0000000008001628                HAL_DMA_Abort_IT
 .text.HAL_GPIO_Init
                0x000000000800166c      0x338 ./Drivers/STM32F4xx_HAL_Driver/stm32f4xx_hal_gpio.o
                0x000000000800166c                HAL_GPIO_Init
 .text.HAL_GPIO_WritePin
                0x00000000080019a4       0x32 ./Drivers/STM32F4xx_HAL_Driver/stm32f4xx_hal_gpio.o
                0x00000000080019a4                HAL_GPIO_WritePin
 .text.HAL_GPIO_TogglePin
                0x00000000080019d6       0x34 ./Drivers/STM32F4xx_HAL_Driver/stm32f4xx_hal_gpio.o
                0x00000000080019d6                HAL_GPIO_TogglePin
 *fill*         0x0000000008001a0a        0x2 
 .text.HAL_RCC_OscConfig
                0x0000000008001a0c      0x4f0 ./Drivers/STM32F4xx_HAL_Driver/stm32f4xx_hal_rcc.o
                0x0000000008001a0c                HAL_RCC_OscConfig
 .text.HAL_RCC_ClockConfig
                0x0000000008001efc      0x1cc ./Drivers/STM32F4xx_HAL_Driver/stm32f4xx_hal_rcc.o
                0x0000000008001efc                HAL_RCC_ClockConfig
 .text.HAL_RCC_GetSysClockFreq
                0x00000000080020c8      0x20c ./Drivers/STM32F4xx_HAL_Driver/stm32f4xx_hal_rcc.o
                0x00000000080020c8                HAL_RCC_GetSysClockFreq
 .text.HAL_RCC_GetHCLKFreq
                0x00000000080022d4       0x18 ./Drivers/STM32F4xx_HAL_Driver/stm32f4xx_hal_rcc.o
                0x00000000080022d4                HAL_RCC_GetHCLKFreq
 .text.HAL_RCC_GetPCLK1Freq
                0x00000000080022ec       0x28 ./Drivers/STM32F4xx_HAL_Driver/stm32f4xx_hal_rcc.o
                0x00000000080022ec                HAL_RCC_GetPCLK1Freq
 .text.HAL_RCC_GetPCLK2Freq
                0x0000000008002314       0x28 ./Drivers/STM32F4xx_HAL_Driver/stm32f4xx_hal_rcc.o
                0x0000000008002314                HAL_RCC_GetPCLK2Freq
 .text.HAL_RCC_GetClockConfig
                0x000000000800233c       0x64 ./Drivers/STM32F4xx_HAL_Driver/stm32f4xx_hal_rcc.o
                0x000000000800233c                HAL_RCC_GetClockConfig
 .text.HAL_SPI_Init
                0x00000000080023a0      0x112 ./Drivers/STM32F4xx_HAL_Driver/stm32f4xx_hal_spi.o
                0x00000000080023a0                HAL_SPI_Init
 .text.HAL_TIM_Base_Init
                0x00000000080024b2       0x9e ./Drivers/STM32F4xx_HAL_Driver/stm32f4xx_hal_tim.o
                0x00000000080024b2                HAL_TIM_Base_Init
 .text.HAL_TIM_Base_MspInit
                0x0000000008002550       0x14 ./Drivers/STM32F4xx_HAL_Driver/stm32f4xx_hal_tim.o
                0x0000000008002550                HAL_TIM_Base_MspInit
 .text.HAL_TIM_Base_Start_IT
                0x0000000008002564       0xe0 ./Drivers/STM32F4xx_HAL_Driver/stm32f4xx_hal_tim.o
                0x0000000008002564                HAL_TIM_Base_Start_IT
 .text.HAL_TIM_IRQHandler
                0x0000000008002644      0x210 ./Drivers/STM32F4xx_HAL_Driver/stm32f4xx_hal_tim.o
                0x0000000008002644                HAL_TIM_IRQHandler
 .text.HAL_TIM_OC_DelayElapsedCallback
                0x0000000008002854       0x14 ./Drivers/STM32F4xx_HAL_Driver/stm32f4xx_hal_tim.o
                0x0000000008002854                HAL_TIM_OC_DelayElapsedCallback
 .text.HAL_TIM_IC_CaptureCallback
                0x0000000008002868       0x14 ./Drivers/STM32F4xx_HAL_Driver/stm32f4xx_hal_tim.o
                0x0000000008002868                HAL_TIM_IC_CaptureCallback
 .text.HAL_TIM_PWM_PulseFinishedCallback
                0x000000000800287c       0x14 ./Drivers/STM32F4xx_HAL_Driver/stm32f4xx_hal_tim.o
                0x000000000800287c                HAL_TIM_PWM_PulseFinishedCallback
 .text.HAL_TIM_TriggerCallback
                0x0000000008002890       0x14 ./Drivers/STM32F4xx_HAL_Driver/stm32f4xx_hal_tim.o
                0x0000000008002890                HAL_TIM_TriggerCallback
 .text.TIM_Base_SetConfig
                0x00000000080028a4      0x140 ./Drivers/STM32F4xx_HAL_Driver/stm32f4xx_hal_tim.o
                0x00000000080028a4                TIM_Base_SetConfig
 .text.HAL_TIMEx_CommutCallback
                0x00000000080029e4       0x14 ./Drivers/STM32F4xx_HAL_Driver/stm32f4xx_hal_tim_ex.o
                0x00000000080029e4                HAL_TIMEx_CommutCallback
 .text.HAL_TIMEx_BreakCallback
                0x00000000080029f8       0x14 ./Drivers/STM32F4xx_HAL_Driver/stm32f4xx_hal_tim_ex.o
                0x00000000080029f8                HAL_TIMEx_BreakCallback
 .text.HAL_MultiProcessor_Init
                0x0000000008002a0c       0xe0 ./Drivers/STM32F4xx_HAL_Driver/stm32f4xx_hal_uart.o
                0x0000000008002a0c                HAL_MultiProcessor_Init
 .text.HAL_UART_IRQHandler
                0x0000000008002aec      0x51c ./Drivers/STM32F4xx_HAL_Driver/stm32f4xx_hal_uart.o
                0x0000000008002aec                HAL_UART_IRQHandler
 .text.HAL_UART_TxCpltCallback
                0x0000000008003008       0x14 ./Drivers/STM32F4xx_HAL_Driver/stm32f4xx_hal_uart.o
                0x0000000008003008                HAL_UART_TxCpltCallback
 .text.HAL_UART_RxCpltCallback
                0x000000000800301c       0x14 ./Drivers/STM32F4xx_HAL_Driver/stm32f4xx_hal_uart.o
                0x000000000800301c                HAL_UART_RxCpltCallback
 .text.HAL_UART_ErrorCallback
                0x0000000008003030       0x14 ./Drivers/STM32F4xx_HAL_Driver/stm32f4xx_hal_uart.o
                0x0000000008003030                HAL_UART_ErrorCallback
 .text.HAL_UARTEx_RxEventCallback
                0x0000000008003044       0x18 ./Drivers/STM32F4xx_HAL_Driver/stm32f4xx_hal_uart.o
                0x0000000008003044                HAL_UARTEx_RxEventCallback
 .text.UART_EndRxTransfer
                0x000000000800305c       0xc6 ./Drivers/STM32F4xx_HAL_Driver/stm32f4xx_hal_uart.o
 .text.UART_DMAAbortOnError
                0x0000000008003122       0x28 ./Drivers/STM32F4xx_HAL_Driver/stm32f4xx_hal_uart.o
 .text.UART_Transmit_IT
                0x000000000800314a       0xa0 ./Drivers/STM32F4xx_HAL_Driver/stm32f4xx_hal_uart.o
 .text.UART_EndTransmit_IT
                0x00000000080031ea       0x30 ./Drivers/STM32F4xx_HAL_Driver/stm32f4xx_hal_uart.o
 .text.UART_Receive_IT
                0x000000000800321a      0x176 ./Drivers/STM32F4xx_HAL_Driver/stm32f4xx_hal_uart.o
 .text.UART_SetConfig
                0x0000000008003390      0x4e8 ./Drivers/STM32F4xx_HAL_Driver/stm32f4xx_hal_uart.o
 .text.__NVIC_SetPriority
                0x0000000008003878       0x54 ./Middlewares/FreeRTOS/cmsis_os2.o
 .text.SysTick_Handler
                0x00000000080038cc       0x20 ./Middlewares/FreeRTOS/cmsis_os2.o
                0x00000000080038cc                SysTick_Handler
 .text.SVC_Setup
                0x00000000080038ec       0x12 ./Middlewares/FreeRTOS/cmsis_os2.o
 *fill*         0x00000000080038fe        0x2 
 .text.osKernelInitialize
                0x0000000008003900       0x48 ./Middlewares/FreeRTOS/cmsis_os2.o
                0x0000000008003900                osKernelInitialize
 .text.osKernelStart
                0x0000000008003948       0x4c ./Middlewares/FreeRTOS/cmsis_os2.o
                0x0000000008003948                osKernelStart
 .text.osThreadNew
                0x0000000008003994      0x124 ./Middlewares/FreeRTOS/cmsis_os2.o
                0x0000000008003994                osThreadNew
 .text.osDelay  0x0000000008003ab8       0x36 ./Middlewares/FreeRTOS/cmsis_os2.o
                0x0000000008003ab8                osDelay
 *fill*         0x0000000008003aee        0x2 
 .text.vApplicationGetIdleTaskMemory
                0x0000000008003af0       0x34 ./Middlewares/FreeRTOS/cmsis_os2.o
                0x0000000008003af0                vApplicationGetIdleTaskMemory
 .text.vApplicationGetTimerTaskMemory
                0x0000000008003b24       0x34 ./Middlewares/FreeRTOS/cmsis_os2.o
                0x0000000008003b24                vApplicationGetTimerTaskMemory
 .text.pvPortMalloc
                0x0000000008003b58      0x198 ./Middlewares/FreeRTOS/heap_4.o
                0x0000000008003b58                pvPortMalloc
 .text.vPortFree
                0x0000000008003cf0       0xc4 ./Middlewares/FreeRTOS/heap_4.o
                0x0000000008003cf0                vPortFree
 .text.prvHeapInit
                0x0000000008003db4       0xc4 ./Middlewares/FreeRTOS/heap_4.o
 .text.prvInsertBlockIntoFreeList
                0x0000000008003e78       0xb4 ./Middlewares/FreeRTOS/heap_4.o
 .text.vListInitialise
                0x0000000008003f2c       0x40 ./Middlewares/FreeRTOS/list.o
                0x0000000008003f2c                vListInitialise
 .text.vListInitialiseItem
                0x0000000008003f6c       0x1a ./Middlewares/FreeRTOS/list.o
                0x0000000008003f6c                vListInitialiseItem
 .text.vListInsertEnd
                0x0000000008003f86       0x48 ./Middlewares/FreeRTOS/list.o
                0x0000000008003f86                vListInsertEnd
 .text.vListInsert
                0x0000000008003fce       0x72 ./Middlewares/FreeRTOS/list.o
                0x0000000008003fce                vListInsert
 .text.uxListRemove
                0x0000000008004040       0x54 ./Middlewares/FreeRTOS/list.o
                0x0000000008004040                uxListRemove
 .text.pxPortInitialiseStack
                0x0000000008004094       0x68 ./Middlewares/FreeRTOS/port.o
                0x0000000008004094                pxPortInitialiseStack
 .text.prvTaskExitError
                0x00000000080040fc       0x58 ./Middlewares/FreeRTOS/port.o
 *fill*         0x0000000008004154        0xc 
 .text.SVC_Handler
                0x0000000008004160       0x28 ./Middlewares/FreeRTOS/port.o
                0x0000000008004160                SVC_Handler
 .text.prvPortStartFirstTask
                0x0000000008004188       0x28 ./Middlewares/FreeRTOS/port.o
 .text.xPortStartScheduler
                0x00000000080041b0      0x144 ./Middlewares/FreeRTOS/port.o
                0x00000000080041b0                xPortStartScheduler
 .text.vPortEnterCritical
                0x00000000080042f4       0x60 ./Middlewares/FreeRTOS/port.o
                0x00000000080042f4                vPortEnterCritical
 .text.vPortExitCritical
                0x0000000008004354       0x54 ./Middlewares/FreeRTOS/port.o
                0x0000000008004354                vPortExitCritical
 *fill*         0x00000000080043a8        0x8 
 .text.PendSV_Handler
                0x00000000080043b0       0x68 ./Middlewares/FreeRTOS/port.o
                0x00000000080043b0                PendSV_Handler
 .text.xPortSysTickHandler
                0x0000000008004418       0x44 ./Middlewares/FreeRTOS/port.o
                0x0000000008004418                xPortSysTickHandler
 .text.vPortSetupTimerInterrupt
                0x000000000800445c       0x48 ./Middlewares/FreeRTOS/port.o
                0x000000000800445c                vPortSetupTimerInterrupt
 .text.vPortEnableVFP
                0x00000000080044a4       0x14 ./Middlewares/FreeRTOS/port.o
 .text.vPortValidateInterruptPriority
                0x00000000080044b8       0x80 ./Middlewares/FreeRTOS/port.o
                0x00000000080044b8                vPortValidateInterruptPriority
 .text.xQueueGenericReset
                0x0000000008004538       0xd0 ./Middlewares/FreeRTOS/queue.o
                0x0000000008004538                xQueueGenericReset
 .text.xQueueGenericCreateStatic
                0x0000000008004608       0xf0 ./Middlewares/FreeRTOS/queue.o
                0x0000000008004608                xQueueGenericCreateStatic
 .text.prvInitialiseNewQueue
                0x00000000080046f8       0x46 ./Middlewares/FreeRTOS/queue.o
 *fill*         0x000000000800473e        0x2 
 .text.xQueueGenericSend
                0x0000000008004740      0x1fc ./Middlewares/FreeRTOS/queue.o
                0x0000000008004740                xQueueGenericSend
 .text.xQueueGenericSendFromISR
                0x000000000800493c      0x136 ./Middlewares/FreeRTOS/queue.o
                0x000000000800493c                xQueueGenericSendFromISR
 *fill*         0x0000000008004a72        0x2 
 .text.xQueueReceive
                0x0000000008004a74      0x1c0 ./Middlewares/FreeRTOS/queue.o
                0x0000000008004a74                xQueueReceive
 .text.prvCopyDataToQueue
                0x0000000008004c34       0xd4 ./Middlewares/FreeRTOS/queue.o
 .text.prvCopyDataFromQueue
                0x0000000008004d08       0x4c ./Middlewares/FreeRTOS/queue.o
 .text.prvUnlockQueue
                0x0000000008004d54       0xa4 ./Middlewares/FreeRTOS/queue.o
 .text.prvIsQueueEmpty
                0x0000000008004df8       0x2c ./Middlewares/FreeRTOS/queue.o
 .text.prvIsQueueFull
                0x0000000008004e24       0x30 ./Middlewares/FreeRTOS/queue.o
 .text.vQueueAddToRegistry
                0x0000000008004e54       0x54 ./Middlewares/FreeRTOS/queue.o
                0x0000000008004e54                vQueueAddToRegistry
 .text.vQueueWaitForMessageRestricted
                0x0000000008004ea8       0x68 ./Middlewares/FreeRTOS/queue.o
                0x0000000008004ea8                vQueueWaitForMessageRestricted
 .text.xTaskCreateStatic
                0x0000000008004f10       0xba ./Middlewares/FreeRTOS/tasks.o
                0x0000000008004f10                xTaskCreateStatic
 .text.xTaskCreate
                0x0000000008004fca       0x8a ./Middlewares/FreeRTOS/tasks.o
                0x0000000008004fca                xTaskCreate
 .text.prvInitialiseNewTask
                0x0000000008005054      0x14c ./Middlewares/FreeRTOS/tasks.o
 .text.prvAddNewTaskToReadyList
                0x00000000080051a0       0xe0 ./Middlewares/FreeRTOS/tasks.o
 .text.vTaskDelay
                0x0000000008005280       0x68 ./Middlewares/FreeRTOS/tasks.o
                0x0000000008005280                vTaskDelay
 .text.vTaskStartScheduler
                0x00000000080052e8       0xe0 ./Middlewares/FreeRTOS/tasks.o
                0x00000000080052e8                vTaskStartScheduler
 .text.vTaskSuspendAll
                0x00000000080053c8       0x1c ./Middlewares/FreeRTOS/tasks.o
                0x00000000080053c8                vTaskSuspendAll
 .text.xTaskResumeAll
                0x00000000080053e4      0x13c ./Middlewares/FreeRTOS/tasks.o
                0x00000000080053e4                xTaskResumeAll
 .text.xTaskGetTickCount
                0x0000000008005520       0x20 ./Middlewares/FreeRTOS/tasks.o
                0x0000000008005520                xTaskGetTickCount
 .text.xTaskIncrementTick
                0x0000000008005540      0x174 ./Middlewares/FreeRTOS/tasks.o
                0x0000000008005540                xTaskIncrementTick
 .text.vTaskSwitchContext
                0x00000000080056b4       0xc8 ./Middlewares/FreeRTOS/tasks.o
                0x00000000080056b4                vTaskSwitchContext
 .text.vTaskPlaceOnEventList
                0x000000000800577c       0x48 ./Middlewares/FreeRTOS/tasks.o
                0x000000000800577c                vTaskPlaceOnEventList
 .text.vTaskPlaceOnEventListRestricted
                0x00000000080057c4       0x58 ./Middlewares/FreeRTOS/tasks.o
                0x00000000080057c4                vTaskPlaceOnEventListRestricted
 .text.xTaskRemoveFromEventList
                0x000000000800581c       0xc8 ./Middlewares/FreeRTOS/tasks.o
                0x000000000800581c                xTaskRemoveFromEventList
 .text.vTaskInternalSetTimeOutState
                0x00000000080058e4       0x2c ./Middlewares/FreeRTOS/tasks.o
                0x00000000080058e4                vTaskInternalSetTimeOutState
 .text.xTaskCheckForTimeOut
                0x0000000008005910       0xc4 ./Middlewares/FreeRTOS/tasks.o
                0x0000000008005910                xTaskCheckForTimeOut
 .text.vTaskMissedYield
                0x00000000080059d4       0x18 ./Middlewares/FreeRTOS/tasks.o
                0x00000000080059d4                vTaskMissedYield
 .text.prvIdleTask
                0x00000000080059ec       0x30 ./Middlewares/FreeRTOS/tasks.o
 .text.prvInitialiseTaskLists
                0x0000000008005a1c       0x80 ./Middlewares/FreeRTOS/tasks.o
 .text.prvCheckTasksWaitingTermination
                0x0000000008005a9c       0x5c ./Middlewares/FreeRTOS/tasks.o
 .text.prvDeleteTCB
                0x0000000008005af8       0x68 ./Middlewares/FreeRTOS/tasks.o
 .text.prvResetNextTaskUnblockTime
                0x0000000008005b60       0x40 ./Middlewares/FreeRTOS/tasks.o
 .text.xTaskGetSchedulerState
                0x0000000008005ba0       0x3c ./Middlewares/FreeRTOS/tasks.o
                0x0000000008005ba0                xTaskGetSchedulerState
 .text.xTaskPriorityDisinherit
                0x0000000008005bdc       0xdc ./Middlewares/FreeRTOS/tasks.o
                0x0000000008005bdc                xTaskPriorityDisinherit
 .text.prvAddCurrentTaskToDelayedList
                0x0000000008005cb8       0xa8 ./Middlewares/FreeRTOS/tasks.o
 .text.xTimerCreateTimerTask
                0x0000000008005d60       0x90 ./Middlewares/FreeRTOS/timers.o
                0x0000000008005d60                xTimerCreateTimerTask
 .text.xTimerGenericCommand
                0x0000000008005df0       0x9c ./Middlewares/FreeRTOS/timers.o
                0x0000000008005df0                xTimerGenericCommand
 .text.prvProcessExpiredTimer
                0x0000000008005e8c       0x98 ./Middlewares/FreeRTOS/timers.o
 .text.prvTimerTask
                0x0000000008005f24       0x24 ./Middlewares/FreeRTOS/timers.o
 .text.prvProcessTimerOrBlockTask
                0x0000000008005f48       0x9c ./Middlewares/FreeRTOS/timers.o
 .text.prvGetNextExpireTime
                0x0000000008005fe4       0x48 ./Middlewares/FreeRTOS/timers.o
 .text.prvSampleTimeNow
                0x000000000800602c       0x40 ./Middlewares/FreeRTOS/timers.o
 .text.prvInsertTimerInActiveList
                0x000000000800606c       0x84 ./Middlewares/FreeRTOS/timers.o
 .text.prvProcessReceivedCommands
                0x00000000080060f0      0x1c4 ./Middlewares/FreeRTOS/timers.o
 .text.prvSwitchTimerLists
                0x00000000080062b4       0xc8 ./Middlewares/FreeRTOS/timers.o
 .text.prvCheckForValidListAndQueue
                0x000000000800637c       0x80 ./Middlewares/FreeRTOS/timers.o
 .text.__libc_init_array
                0x00000000080063fc       0x48 d:/stm cubeide/stm32cubeide_1.9.0/stm32cubeide/plugins/com.st.stm32cube.ide.mcu.externaltools.gnu-tools-for-stm32.10.3-2021.10.win32_1.0.0.202111181127/tools/bin/../lib/gcc/arm-none-eabi/10.3.1/../../../../arm-none-eabi/lib/thumb/v7e-m+fp/hard\libc_nano.a(lib_a-init.o)
                0x00000000080063fc                __libc_init_array
 .text.__retarget_lock_acquire_recursive
                0x0000000008006444        0x2 d:/stm cubeide/stm32cubeide_1.9.0/stm32cubeide/plugins/com.st.stm32cube.ide.mcu.externaltools.gnu-tools-for-stm32.10.3-2021.10.win32_1.0.0.202111181127/tools/bin/../lib/gcc/arm-none-eabi/10.3.1/../../../../arm-none-eabi/lib/thumb/v7e-m+fp/hard\libc_nano.a(lib_a-lock.o)
                0x0000000008006444                __retarget_lock_acquire_recursive
 .text.__retarget_lock_release_recursive
                0x0000000008006446        0x2 d:/stm cubeide/stm32cubeide_1.9.0/stm32cubeide/plugins/com.st.stm32cube.ide.mcu.externaltools.gnu-tools-for-stm32.10.3-2021.10.win32_1.0.0.202111181127/tools/bin/../lib/gcc/arm-none-eabi/10.3.1/../../../../arm-none-eabi/lib/thumb/v7e-m+fp/hard\libc_nano.a(lib_a-lock.o)
                0x0000000008006446                __retarget_lock_release_recursive
 .text.memcpy   0x0000000008006448       0x1c d:/stm cubeide/stm32cubeide_1.9.0/stm32cubeide/plugins/com.st.stm32cube.ide.mcu.externaltools.gnu-tools-for-stm32.10.3-2021.10.win32_1.0.0.202111181127/tools/bin/../lib/gcc/arm-none-eabi/10.3.1/../../../../arm-none-eabi/lib/thumb/v7e-m+fp/hard\libc_nano.a(lib_a-memcpy-stub.o)
                0x0000000008006448                memcpy
 .text.memset   0x0000000008006464       0x10 d:/stm cubeide/stm32cubeide_1.9.0/stm32cubeide/plugins/com.st.stm32cube.ide.mcu.externaltools.gnu-tools-for-stm32.10.3-2021.10.win32_1.0.0.202111181127/tools/bin/../lib/gcc/arm-none-eabi/10.3.1/../../../../arm-none-eabi/lib/thumb/v7e-m+fp/hard\libc_nano.a(lib_a-memset.o)
                0x0000000008006464                memset
 .text.cleanup_glue
                0x0000000008006474       0x1a d:/stm cubeide/stm32cubeide_1.9.0/stm32cubeide/plugins/com.st.stm32cube.ide.mcu.externaltools.gnu-tools-for-stm32.10.3-2021.10.win32_1.0.0.202111181127/tools/bin/../lib/gcc/arm-none-eabi/10.3.1/../../../../arm-none-eabi/lib/thumb/v7e-m+fp/hard\libc_nano.a(lib_a-reent.o)
                0x0000000008006474                cleanup_glue
 *fill*         0x000000000800648e        0x2 
 .text._reclaim_reent
                0x0000000008006490       0xb8 d:/stm cubeide/stm32cubeide_1.9.0/stm32cubeide/plugins/com.st.stm32cube.ide.mcu.externaltools.gnu-tools-for-stm32.10.3-2021.10.win32_1.0.0.202111181127/tools/bin/../lib/gcc/arm-none-eabi/10.3.1/../../../../arm-none-eabi/lib/thumb/v7e-m+fp/hard\libc_nano.a(lib_a-reent.o)
                0x0000000008006490                _reclaim_reent
 .text.__malloc_lock
                0x0000000008006548        0xc d:/stm cubeide/stm32cubeide_1.9.0/stm32cubeide/plugins/com.st.stm32cube.ide.mcu.externaltools.gnu-tools-for-stm32.10.3-2021.10.win32_1.0.0.202111181127/tools/bin/../lib/gcc/arm-none-eabi/10.3.1/../../../../arm-none-eabi/lib/thumb/v7e-m+fp/hard\libc_nano.a(lib_a-mlock.o)
                0x0000000008006548                __malloc_lock
 .text.__malloc_unlock
                0x0000000008006554        0xc d:/stm cubeide/stm32cubeide_1.9.0/stm32cubeide/plugins/com.st.stm32cube.ide.mcu.externaltools.gnu-tools-for-stm32.10.3-2021.10.win32_1.0.0.202111181127/tools/bin/../lib/gcc/arm-none-eabi/10.3.1/../../../../arm-none-eabi/lib/thumb/v7e-m+fp/hard\libc_nano.a(lib_a-mlock.o)
                0x0000000008006554                __malloc_unlock
 .text._free_r  0x0000000008006560       0x98 d:/stm cubeide/stm32cubeide_1.9.0/stm32cubeide/plugins/com.st.stm32cube.ide.mcu.externaltools.gnu-tools-for-stm32.10.3-2021.10.win32_1.0.0.202111181127/tools/bin/../lib/gcc/arm-none-eabi/10.3.1/../../../../arm-none-eabi/lib/thumb/v7e-m+fp/hard\libc_nano.a(lib_a-nano-freer.o)
                0x0000000008006560                _free_r
 *(.glue_7)
 .glue_7        0x00000000080065f8        0x0 linker stubs
 *(.glue_7t)
 .glue_7t       0x00000000080065f8        0x0 linker stubs
 *(.eh_frame)
 .eh_frame      0x00000000080065f8        0x0 d:/stm cubeide/stm32cubeide_1.9.0/stm32cubeide/plugins/com.st.stm32cube.ide.mcu.externaltools.gnu-tools-for-stm32.10.3-2021.10.win32_1.0.0.202111181127/tools/bin/../lib/gcc/arm-none-eabi/10.3.1/thumb/v7e-m+fp/hard/crtbegin.o
 *(.init)
 .init          0x00000000080065f8        0x4 d:/stm cubeide/stm32cubeide_1.9.0/stm32cubeide/plugins/com.st.stm32cube.ide.mcu.externaltools.gnu-tools-for-stm32.10.3-2021.10.win32_1.0.0.202111181127/tools/bin/../lib/gcc/arm-none-eabi/10.3.1/thumb/v7e-m+fp/hard/crti.o
                0x00000000080065f8                _init
 .init          0x00000000080065fc        0x8 d:/stm cubeide/stm32cubeide_1.9.0/stm32cubeide/plugins/com.st.stm32cube.ide.mcu.externaltools.gnu-tools-for-stm32.10.3-2021.10.win32_1.0.0.202111181127/tools/bin/../lib/gcc/arm-none-eabi/10.3.1/thumb/v7e-m+fp/hard/crtn.o
 *(.fini)
 .fini          0x0000000008006604        0x4 d:/stm cubeide/stm32cubeide_1.9.0/stm32cubeide/plugins/com.st.stm32cube.ide.mcu.externaltools.gnu-tools-for-stm32.10.3-2021.10.win32_1.0.0.202111181127/tools/bin/../lib/gcc/arm-none-eabi/10.3.1/thumb/v7e-m+fp/hard/crti.o
                0x0000000008006604                _fini
 .fini          0x0000000008006608        0x8 d:/stm cubeide/stm32cubeide_1.9.0/stm32cubeide/plugins/com.st.stm32cube.ide.mcu.externaltools.gnu-tools-for-stm32.10.3-2021.10.win32_1.0.0.202111181127/tools/bin/../lib/gcc/arm-none-eabi/10.3.1/thumb/v7e-m+fp/hard/crtn.o
                0x0000000008006610                . = ALIGN (0x4)
                0x0000000008006610                _etext = .

.vfp11_veneer   0x0000000008006610        0x0
 .vfp11_veneer  0x0000000008006610        0x0 linker stubs

.v4_bx          0x0000000008006610        0x0
 .v4_bx         0x0000000008006610        0x0 linker stubs

.iplt           0x0000000008006610        0x0
 .iplt          0x0000000008006610        0x0 d:/stm cubeide/stm32cubeide_1.9.0/stm32cubeide/plugins/com.st.stm32cube.ide.mcu.externaltools.gnu-tools-for-stm32.10.3-2021.10.win32_1.0.0.202111181127/tools/bin/../lib/gcc/arm-none-eabi/10.3.1/thumb/v7e-m+fp/hard/crtbegin.o

.rodata         0x0000000008006610       0xec
                0x0000000008006610                . = ALIGN (0x4)
 *(.rodata)
 .rodata        0x0000000008006610       0x14 ./Core/Src/freertos.o
 .rodata        0x0000000008006624        0x5 ./Middlewares/FreeRTOS/tasks.o
 *fill*         0x0000000008006629        0x3 
 .rodata        0x000000000800662c        0xd ./Middlewares/FreeRTOS/timers.o
 *(.rodata*)
 *fill*         0x0000000008006639        0x3 
 .rodata.defaultTask_attributes
                0x000000000800663c       0x24 ./Core/Src/freertos.o
                0x000000000800663c                defaultTask_attributes
 .rodata.LEDTask_attributes
                0x0000000008006660       0x24 ./Core/Src/freertos.o
                0x0000000008006660                LEDTask_attributes
 .rodata.AHBPrescTable
                0x0000000008006684       0x10 ./Core/Src/system_stm32f4xx.o
                0x0000000008006684                AHBPrescTable
 .rodata.APBPrescTable
                0x0000000008006694        0x8 ./Core/Src/system_stm32f4xx.o
                0x0000000008006694                APBPrescTable
 .rodata.__sf_fake_stderr
                0x000000000800669c       0x20 d:/stm cubeide/stm32cubeide_1.9.0/stm32cubeide/plugins/com.st.stm32cube.ide.mcu.externaltools.gnu-tools-for-stm32.10.3-2021.10.win32_1.0.0.202111181127/tools/bin/../lib/gcc/arm-none-eabi/10.3.1/../../../../arm-none-eabi/lib/thumb/v7e-m+fp/hard\libc_nano.a(lib_a-findfp.o)
                0x000000000800669c                __sf_fake_stderr
 .rodata.__sf_fake_stdin
                0x00000000080066bc       0x20 d:/stm cubeide/stm32cubeide_1.9.0/stm32cubeide/plugins/com.st.stm32cube.ide.mcu.externaltools.gnu-tools-for-stm32.10.3-2021.10.win32_1.0.0.202111181127/tools/bin/../lib/gcc/arm-none-eabi/10.3.1/../../../../arm-none-eabi/lib/thumb/v7e-m+fp/hard\libc_nano.a(lib_a-findfp.o)
                0x00000000080066bc                __sf_fake_stdin
 .rodata.__sf_fake_stdout
                0x00000000080066dc       0x20 d:/stm cubeide/stm32cubeide_1.9.0/stm32cubeide/plugins/com.st.stm32cube.ide.mcu.externaltools.gnu-tools-for-stm32.10.3-2021.10.win32_1.0.0.202111181127/tools/bin/../lib/gcc/arm-none-eabi/10.3.1/../../../../arm-none-eabi/lib/thumb/v7e-m+fp/hard\libc_nano.a(lib_a-findfp.o)
                0x00000000080066dc                __sf_fake_stdout
                0x00000000080066fc                . = ALIGN (0x4)

.ARM.extab      0x00000000080066fc        0x0
                0x00000000080066fc                . = ALIGN (0x4)
 *(.ARM.extab* .gnu.linkonce.armextab.*)
                0x00000000080066fc                . = ALIGN (0x4)

.ARM            0x00000000080066fc        0x8
                0x00000000080066fc                . = ALIGN (0x4)
                0x00000000080066fc                __exidx_start = .
 *(.ARM.exidx*)
 .ARM.exidx     0x00000000080066fc        0x8 d:/stm cubeide/stm32cubeide_1.9.0/stm32cubeide/plugins/com.st.stm32cube.ide.mcu.externaltools.gnu-tools-for-stm32.10.3-2021.10.win32_1.0.0.202111181127/tools/bin/../lib/gcc/arm-none-eabi/10.3.1/thumb/v7e-m+fp/hard\libgcc.a(_udivmoddi4.o)
                0x0000000008006704                __exidx_end = .
                0x0000000008006704                . = ALIGN (0x4)

.rel.dyn        0x0000000008006704        0x0
 .rel.iplt      0x0000000008006704        0x0 d:/stm cubeide/stm32cubeide_1.9.0/stm32cubeide/plugins/com.st.stm32cube.ide.mcu.externaltools.gnu-tools-for-stm32.10.3-2021.10.win32_1.0.0.202111181127/tools/bin/../lib/gcc/arm-none-eabi/10.3.1/thumb/v7e-m+fp/hard/crtbegin.o

.preinit_array  0x0000000008006704        0x0
                0x0000000008006704                . = ALIGN (0x4)
                0x0000000008006704                PROVIDE (__preinit_array_start = .)
 *(.preinit_array*)
                0x0000000008006704                PROVIDE (__preinit_array_end = .)
                0x0000000008006704                . = ALIGN (0x4)

.init_array     0x0000000008006704        0x4
                0x0000000008006704                . = ALIGN (0x4)
                0x0000000008006704                PROVIDE (__init_array_start = .)
 *(SORT_BY_NAME(.init_array.*))
 *(.init_array*)
 .init_array    0x0000000008006704        0x4 d:/stm cubeide/stm32cubeide_1.9.0/stm32cubeide/plugins/com.st.stm32cube.ide.mcu.externaltools.gnu-tools-for-stm32.10.3-2021.10.win32_1.0.0.202111181127/tools/bin/../lib/gcc/arm-none-eabi/10.3.1/thumb/v7e-m+fp/hard/crtbegin.o
                0x0000000008006708                PROVIDE (__init_array_end = .)
                0x0000000008006708                . = ALIGN (0x4)

.fini_array     0x0000000008006708        0x4
                0x0000000008006708                . = ALIGN (0x4)
                [!provide]                        PROVIDE (__fini_array_start = .)
 *(SORT_BY_NAME(.fini_array.*))
 *(.fini_array*)
 .fini_array    0x0000000008006708        0x4 d:/stm cubeide/stm32cubeide_1.9.0/stm32cubeide/plugins/com.st.stm32cube.ide.mcu.externaltools.gnu-tools-for-stm32.10.3-2021.10.win32_1.0.0.202111181127/tools/bin/../lib/gcc/arm-none-eabi/10.3.1/thumb/v7e-m+fp/hard/crtbegin.o
                [!provide]                        PROVIDE (__fini_array_end = .)
                0x000000000800670c                . = ALIGN (0x4)
                0x000000000800670c                _sidata = LOADADDR (.data)

.data           0x0000000020000000       0x74 load address 0x000000000800670c
                0x0000000020000000                . = ALIGN (0x4)
                0x0000000020000000                _sdata = .
 *(.data)
 *(.data*)
 .data.SystemCoreClock
                0x0000000020000000        0x4 ./Core/Src/system_stm32f4xx.o
                0x0000000020000000                SystemCoreClock
 .data.uwTickPrio
                0x0000000020000004        0x4 ./Drivers/STM32F4xx_HAL_Driver/stm32f4xx_hal.o
                0x0000000020000004                uwTickPrio
 .data.uwTickFreq
                0x0000000020000008        0x1 ./Drivers/STM32F4xx_HAL_Driver/stm32f4xx_hal.o
                0x0000000020000008                uwTickFreq
 *fill*         0x0000000020000009        0x3 
 .data.uxCriticalNesting
                0x000000002000000c        0x4 ./Middlewares/FreeRTOS/port.o
 .data._impure_ptr
                0x0000000020000010        0x4 d:/stm cubeide/stm32cubeide_1.9.0/stm32cubeide/plugins/com.st.stm32cube.ide.mcu.externaltools.gnu-tools-for-stm32.10.3-2021.10.win32_1.0.0.202111181127/tools/bin/../lib/gcc/arm-none-eabi/10.3.1/../../../../arm-none-eabi/lib/thumb/v7e-m+fp/hard\libc_nano.a(lib_a-impure.o)
                0x0000000020000010                _impure_ptr
 .data.impure_data
                0x0000000020000014       0x60 d:/stm cubeide/stm32cubeide_1.9.0/stm32cubeide/plugins/com.st.stm32cube.ide.mcu.externaltools.gnu-tools-for-stm32.10.3-2021.10.win32_1.0.0.202111181127/tools/bin/../lib/gcc/arm-none-eabi/10.3.1/../../../../arm-none-eabi/lib/thumb/v7e-m+fp/hard\libc_nano.a(lib_a-impure.o)
 *(.RamFunc)
 *(.RamFunc*)
                0x0000000020000074                . = ALIGN (0x4)
                0x0000000020000074                _edata = .
                0x0000000008006780                _siccmram = LOADADDR (.ccmram)

.igot.plt       0x0000000020000074        0x0 load address 0x0000000008006780
 .igot.plt      0x0000000020000074        0x0 d:/stm cubeide/stm32cubeide_1.9.0/stm32cubeide/plugins/com.st.stm32cube.ide.mcu.externaltools.gnu-tools-for-stm32.10.3-2021.10.win32_1.0.0.202111181127/tools/bin/../lib/gcc/arm-none-eabi/10.3.1/thumb/v7e-m+fp/hard/crtbegin.o

.ccmram         0x0000000010000000        0x0 load address 0x0000000008006780
                0x0000000010000000                . = ALIGN (0x4)
                0x0000000010000000                _sccmram = .
 *(.ccmram)
 *(.ccmram*)
                0x0000000010000000                . = ALIGN (0x4)
                0x0000000010000000                _eccmram = .
                0x0000000010000000                . = ALIGN (0x4)

.bss            0x0000000020000074     0x4bb8
                0x0000000020000074                _sbss = .
                0x0000000020000074                __bss_start__ = _sbss
 *(.bss)
 .bss           0x0000000020000074       0x1c d:/stm cubeide/stm32cubeide_1.9.0/stm32cubeide/plugins/com.st.stm32cube.ide.mcu.externaltools.gnu-tools-for-stm32.10.3-2021.10.win32_1.0.0.202111181127/tools/bin/../lib/gcc/arm-none-eabi/10.3.1/thumb/v7e-m+fp/hard/crtbegin.o
 *(.bss*)
 .bss.hadc1     0x0000000020000090       0x48 ./Core/Src/adc.o
                0x0000000020000090                hadc1
 .bss.hcrc      0x00000000200000d8        0x8 ./Core/Src/crc.o
                0x00000000200000d8                hcrc
 .bss.defaultTaskHandle
                0x00000000200000e0        0x4 ./Core/Src/freertos.o
                0x00000000200000e0                defaultTaskHandle
 .bss.LEDTaskHandle
                0x00000000200000e4        0x4 ./Core/Src/freertos.o
                0x00000000200000e4                LEDTaskHandle
 .bss.hspi1     0x00000000200000e8       0x58 ./Core/Src/spi.o
                0x00000000200000e8                hspi1
 .bss.htim3     0x0000000020000140       0x48 ./Core/Src/stm32f4xx_hal_timebase_tim.o
                0x0000000020000140                htim3
 .bss.huart4    0x0000000020000188       0x44 ./Core/Src/usart.o
                0x0000000020000188                huart4
 .bss.huart1    0x00000000200001cc       0x44 ./Core/Src/usart.o
                0x00000000200001cc                huart1
 .bss.uwTick    0x0000000020000210        0x4 ./Drivers/STM32F4xx_HAL_Driver/stm32f4xx_hal.o
                0x0000000020000210                uwTick
 .bss.KernelState
                0x0000000020000214        0x4 ./Middlewares/FreeRTOS/cmsis_os2.o
 .bss.Idle_TCB.3
                0x0000000020000218       0xbc ./Middlewares/FreeRTOS/cmsis_os2.o
 .bss.Idle_Stack.2
                0x00000000200002d4      0x200 ./Middlewares/FreeRTOS/cmsis_os2.o
 .bss.Timer_TCB.1
                0x00000000200004d4       0xbc ./Middlewares/FreeRTOS/cmsis_os2.o
 .bss.Timer_Stack.0
                0x0000000020000590      0x400 ./Middlewares/FreeRTOS/cmsis_os2.o
 .bss.ucHeap    0x0000000020000990     0x3c00 ./Middlewares/FreeRTOS/heap_4.o
 .bss.xStart    0x0000000020004590        0x8 ./Middlewares/FreeRTOS/heap_4.o
 .bss.pxEnd     0x0000000020004598        0x4 ./Middlewares/FreeRTOS/heap_4.o
 .bss.xFreeBytesRemaining
                0x000000002000459c        0x4 ./Middlewares/FreeRTOS/heap_4.o
 .bss.xMinimumEverFreeBytesRemaining
                0x00000000200045a0        0x4 ./Middlewares/FreeRTOS/heap_4.o
 .bss.xNumberOfSuccessfulAllocations
                0x00000000200045a4        0x4 ./Middlewares/FreeRTOS/heap_4.o
 .bss.xNumberOfSuccessfulFrees
                0x00000000200045a8        0x4 ./Middlewares/FreeRTOS/heap_4.o
 .bss.xBlockAllocatedBit
                0x00000000200045ac        0x4 ./Middlewares/FreeRTOS/heap_4.o
 .bss.ucMaxSysCallPriority
                0x00000000200045b0        0x1 ./Middlewares/FreeRTOS/port.o
 *fill*         0x00000000200045b1        0x3 
 .bss.ulMaxPRIGROUPValue
                0x00000000200045b4        0x4 ./Middlewares/FreeRTOS/port.o
 .bss.xQueueRegistry
                0x00000000200045b8       0x40 ./Middlewares/FreeRTOS/queue.o
                0x00000000200045b8                xQueueRegistry
 .bss.pxCurrentTCB
                0x00000000200045f8        0x4 ./Middlewares/FreeRTOS/tasks.o
                0x00000000200045f8                pxCurrentTCB
 .bss.pxReadyTasksLists
                0x00000000200045fc      0x460 ./Middlewares/FreeRTOS/tasks.o
 .bss.xDelayedTaskList1
                0x0000000020004a5c       0x14 ./Middlewares/FreeRTOS/tasks.o
 .bss.xDelayedTaskList2
                0x0000000020004a70       0x14 ./Middlewares/FreeRTOS/tasks.o
 .bss.pxDelayedTaskList
                0x0000000020004a84        0x4 ./Middlewares/FreeRTOS/tasks.o
 .bss.pxOverflowDelayedTaskList
                0x0000000020004a88        0x4 ./Middlewares/FreeRTOS/tasks.o
 .bss.xPendingReadyList
                0x0000000020004a8c       0x14 ./Middlewares/FreeRTOS/tasks.o
 .bss.xTasksWaitingTermination
                0x0000000020004aa0       0x14 ./Middlewares/FreeRTOS/tasks.o
 .bss.uxDeletedTasksWaitingCleanUp
                0x0000000020004ab4        0x4 ./Middlewares/FreeRTOS/tasks.o
 .bss.xSuspendedTaskList
                0x0000000020004ab8       0x14 ./Middlewares/FreeRTOS/tasks.o
 .bss.uxCurrentNumberOfTasks
                0x0000000020004acc        0x4 ./Middlewares/FreeRTOS/tasks.o
 .bss.xTickCount
                0x0000000020004ad0        0x4 ./Middlewares/FreeRTOS/tasks.o
 .bss.uxTopReadyPriority
                0x0000000020004ad4        0x4 ./Middlewares/FreeRTOS/tasks.o
 .bss.xSchedulerRunning
                0x0000000020004ad8        0x4 ./Middlewares/FreeRTOS/tasks.o
 .bss.xPendedTicks
                0x0000000020004adc        0x4 ./Middlewares/FreeRTOS/tasks.o
 .bss.xYieldPending
                0x0000000020004ae0        0x4 ./Middlewares/FreeRTOS/tasks.o
 .bss.xNumOfOverflows
                0x0000000020004ae4        0x4 ./Middlewares/FreeRTOS/tasks.o
 .bss.uxTaskNumber
                0x0000000020004ae8        0x4 ./Middlewares/FreeRTOS/tasks.o
 .bss.xNextTaskUnblockTime
                0x0000000020004aec        0x4 ./Middlewares/FreeRTOS/tasks.o
 .bss.xIdleTaskHandle
                0x0000000020004af0        0x4 ./Middlewares/FreeRTOS/tasks.o
 .bss.uxSchedulerSuspended
                0x0000000020004af4        0x4 ./Middlewares/FreeRTOS/tasks.o
 .bss.xActiveTimerList1
                0x0000000020004af8       0x14 ./Middlewares/FreeRTOS/timers.o
 .bss.xActiveTimerList2
                0x0000000020004b0c       0x14 ./Middlewares/FreeRTOS/timers.o
 .bss.pxCurrentTimerList
                0x0000000020004b20        0x4 ./Middlewares/FreeRTOS/timers.o
 .bss.pxOverflowTimerList
                0x0000000020004b24        0x4 ./Middlewares/FreeRTOS/timers.o
 .bss.xTimerQueue
                0x0000000020004b28        0x4 ./Middlewares/FreeRTOS/timers.o
 .bss.xTimerTaskHandle
                0x0000000020004b2c        0x4 ./Middlewares/FreeRTOS/timers.o
 .bss.xLastTime.2
                0x0000000020004b30        0x4 ./Middlewares/FreeRTOS/timers.o
 .bss.ucStaticTimerQueueStorage.1
                0x0000000020004b34       0xa0 ./Middlewares/FreeRTOS/timers.o
 .bss.xStaticTimerQueue.0
                0x0000000020004bd4       0x50 ./Middlewares/FreeRTOS/timers.o
 .bss.__lock___malloc_recursive_mutex
                0x0000000020004c24        0x1 d:/stm cubeide/stm32cubeide_1.9.0/stm32cubeide/plugins/com.st.stm32cube.ide.mcu.externaltools.gnu-tools-for-stm32.10.3-2021.10.win32_1.0.0.202111181127/tools/bin/../lib/gcc/arm-none-eabi/10.3.1/../../../../arm-none-eabi/lib/thumb/v7e-m+fp/hard\libc_nano.a(lib_a-lock.o)
                0x0000000020004c24                __lock___malloc_recursive_mutex
 *fill*         0x0000000020004c25        0x3 
 .bss.__malloc_free_list
                0x0000000020004c28        0x4 d:/stm cubeide/stm32cubeide_1.9.0/stm32cubeide/plugins/com.st.stm32cube.ide.mcu.externaltools.gnu-tools-for-stm32.10.3-2021.10.win32_1.0.0.202111181127/tools/bin/../lib/gcc/arm-none-eabi/10.3.1/../../../../arm-none-eabi/lib/thumb/v7e-m+fp/hard\libc_nano.a(lib_a-nano-mallocr.o)
                0x0000000020004c28                __malloc_free_list
 *(COMMON)
                0x0000000020004c2c                . = ALIGN (0x4)
                0x0000000020004c2c                _ebss = .
                0x0000000020004c2c                __bss_end__ = _ebss

._user_heap_stack
                0x0000000020004c2c      0x604
                0x0000000020004c30                . = ALIGN (0x8)
 *fill*         0x0000000020004c2c        0x4 
                [!provide]                        PROVIDE (end = .)
                0x0000000020004c30                PROVIDE (_end = .)
                0x0000000020004e30                . = (. + _Min_Heap_Size)
 *fill*         0x0000000020004c30      0x200 
                0x0000000020005230                . = (. + _Min_Stack_Size)
 *fill*         0x0000000020004e30      0x400 
                0x0000000020005230                . = ALIGN (0x8)

/DISCARD/
 libc.a(*)
 libm.a(*)
 libgcc.a(*)

.ARM.attributes
                0x0000000000000000       0x30
 *(.ARM.attributes)
 .ARM.attributes
                0x0000000000000000       0x1e d:/stm cubeide/stm32cubeide_1.9.0/stm32cubeide/plugins/com.st.stm32cube.ide.mcu.externaltools.gnu-tools-for-stm32.10.3-2021.10.win32_1.0.0.202111181127/tools/bin/../lib/gcc/arm-none-eabi/10.3.1/thumb/v7e-m+fp/hard/crti.o
 .ARM.attributes
                0x000000000000001e       0x34 d:/stm cubeide/stm32cubeide_1.9.0/stm32cubeide/plugins/com.st.stm32cube.ide.mcu.externaltools.gnu-tools-for-stm32.10.3-2021.10.win32_1.0.0.202111181127/tools/bin/../lib/gcc/arm-none-eabi/10.3.1/thumb/v7e-m+fp/hard/crtbegin.o
 .ARM.attributes
                0x0000000000000052       0x34 ./Core/Src/adc.o
 .ARM.attributes
                0x0000000000000086       0x34 ./Core/Src/crc.o
 .ARM.attributes
                0x00000000000000ba       0x34 ./Core/Src/freertos.o
 .ARM.attributes
                0x00000000000000ee       0x34 ./Core/Src/gpio.o
 .ARM.attributes
                0x0000000000000122       0x34 ./Core/Src/main.o
 .ARM.attributes
                0x0000000000000156       0x34 ./Core/Src/spi.o
 .ARM.attributes
                0x000000000000018a       0x34 ./Core/Src/stm32f4xx_hal_msp.o
 .ARM.attributes
                0x00000000000001be       0x34 ./Core/Src/stm32f4xx_hal_timebase_tim.o
 .ARM.attributes
                0x00000000000001f2       0x34 ./Core/Src/stm32f4xx_it.o
 .ARM.attributes
                0x0000000000000226       0x34 ./Core/Src/system_stm32f4xx.o
 .ARM.attributes
                0x000000000000025a       0x34 ./Core/Src/usart.o
 .ARM.attributes
                0x000000000000028e       0x21 ./Core/Startup/startup_stm32f405rgtx.o
 .ARM.attributes
                0x00000000000002af       0x34 ./Drivers/STM32F4xx_HAL_Driver/stm32f4xx_hal.o
 .ARM.attributes
                0x00000000000002e3       0x34 ./Drivers/STM32F4xx_HAL_Driver/stm32f4xx_hal_adc.o
 .ARM.attributes
                0x0000000000000317       0x34 ./Drivers/STM32F4xx_HAL_Driver/stm32f4xx_hal_cortex.o
 .ARM.attributes
                0x000000000000034b       0x34 ./Drivers/STM32F4xx_HAL_Driver/stm32f4xx_hal_crc.o
 .ARM.attributes
                0x000000000000037f       0x34 ./Drivers/STM32F4xx_HAL_Driver/stm32f4xx_hal_dma.o
 .ARM.attributes
                0x00000000000003b3       0x34 ./Drivers/STM32F4xx_HAL_Driver/stm32f4xx_hal_gpio.o
 .ARM.attributes
                0x00000000000003e7       0x34 ./Drivers/STM32F4xx_HAL_Driver/stm32f4xx_hal_rcc.o
 .ARM.attributes
                0x000000000000041b       0x34 ./Drivers/STM32F4xx_HAL_Driver/stm32f4xx_hal_spi.o
 .ARM.attributes
                0x000000000000044f       0x34 ./Drivers/STM32F4xx_HAL_Driver/stm32f4xx_hal_tim.o
 .ARM.attributes
                0x0000000000000483       0x34 ./Drivers/STM32F4xx_HAL_Driver/stm32f4xx_hal_tim_ex.o
 .ARM.attributes
                0x00000000000004b7       0x34 ./Drivers/STM32F4xx_HAL_Driver/stm32f4xx_hal_uart.o
 .ARM.attributes
                0x00000000000004eb       0x34 ./Middlewares/FreeRTOS/cmsis_os2.o
 .ARM.attributes
                0x000000000000051f       0x34 ./Middlewares/FreeRTOS/heap_4.o
 .ARM.attributes
                0x0000000000000553       0x34 ./Middlewares/FreeRTOS/list.o
 .ARM.attributes
                0x0000000000000587       0x34 ./Middlewares/FreeRTOS/port.o
 .ARM.attributes
                0x00000000000005bb       0x34 ./Middlewares/FreeRTOS/queue.o
 .ARM.attributes
                0x00000000000005ef       0x34 ./Middlewares/FreeRTOS/tasks.o
 .ARM.attributes
                0x0000000000000623       0x34 ./Middlewares/FreeRTOS/timers.o
 .ARM.attributes
                0x0000000000000657       0x34 d:/stm cubeide/stm32cubeide_1.9.0/stm32cubeide/plugins/com.st.stm32cube.ide.mcu.externaltools.gnu-tools-for-stm32.10.3-2021.10.win32_1.0.0.202111181127/tools/bin/../lib/gcc/arm-none-eabi/10.3.1/../../../../arm-none-eabi/lib/thumb/v7e-m+fp/hard\libc_nano.a(lib_a-findfp.o)
 .ARM.attributes
                0x000000000000068b       0x34 d:/stm cubeide/stm32cubeide_1.9.0/stm32cubeide/plugins/com.st.stm32cube.ide.mcu.externaltools.gnu-tools-for-stm32.10.3-2021.10.win32_1.0.0.202111181127/tools/bin/../lib/gcc/arm-none-eabi/10.3.1/../../../../arm-none-eabi/lib/thumb/v7e-m+fp/hard\libc_nano.a(lib_a-impure.o)
 .ARM.attributes
                0x00000000000006bf       0x34 d:/stm cubeide/stm32cubeide_1.9.0/stm32cubeide/plugins/com.st.stm32cube.ide.mcu.externaltools.gnu-tools-for-stm32.10.3-2021.10.win32_1.0.0.202111181127/tools/bin/../lib/gcc/arm-none-eabi/10.3.1/../../../../arm-none-eabi/lib/thumb/v7e-m+fp/hard\libc_nano.a(lib_a-init.o)
 .ARM.attributes
                0x00000000000006f3       0x34 d:/stm cubeide/stm32cubeide_1.9.0/stm32cubeide/plugins/com.st.stm32cube.ide.mcu.externaltools.gnu-tools-for-stm32.10.3-2021.10.win32_1.0.0.202111181127/tools/bin/../lib/gcc/arm-none-eabi/10.3.1/../../../../arm-none-eabi/lib/thumb/v7e-m+fp/hard\libc_nano.a(lib_a-lock.o)
 .ARM.attributes
                0x0000000000000727       0x34 d:/stm cubeide/stm32cubeide_1.9.0/stm32cubeide/plugins/com.st.stm32cube.ide.mcu.externaltools.gnu-tools-for-stm32.10.3-2021.10.win32_1.0.0.202111181127/tools/bin/../lib/gcc/arm-none-eabi/10.3.1/../../../../arm-none-eabi/lib/thumb/v7e-m+fp/hard\libc_nano.a(lib_a-memcpy-stub.o)
 .ARM.attributes
                0x000000000000075b       0x34 d:/stm cubeide/stm32cubeide_1.9.0/stm32cubeide/plugins/com.st.stm32cube.ide.mcu.externaltools.gnu-tools-for-stm32.10.3-2021.10.win32_1.0.0.202111181127/tools/bin/../lib/gcc/arm-none-eabi/10.3.1/../../../../arm-none-eabi/lib/thumb/v7e-m+fp/hard\libc_nano.a(lib_a-memset.o)
 .ARM.attributes
                0x000000000000078f       0x34 d:/stm cubeide/stm32cubeide_1.9.0/stm32cubeide/plugins/com.st.stm32cube.ide.mcu.externaltools.gnu-tools-for-stm32.10.3-2021.10.win32_1.0.0.202111181127/tools/bin/../lib/gcc/arm-none-eabi/10.3.1/../../../../arm-none-eabi/lib/thumb/v7e-m+fp/hard\libc_nano.a(lib_a-nano-mallocr.o)
 .ARM.attributes
                0x00000000000007c3       0x34 d:/stm cubeide/stm32cubeide_1.9.0/stm32cubeide/plugins/com.st.stm32cube.ide.mcu.externaltools.gnu-tools-for-stm32.10.3-2021.10.win32_1.0.0.202111181127/tools/bin/../lib/gcc/arm-none-eabi/10.3.1/../../../../arm-none-eabi/lib/thumb/v7e-m+fp/hard\libc_nano.a(lib_a-reent.o)
 .ARM.attributes
                0x00000000000007f7       0x34 d:/stm cubeide/stm32cubeide_1.9.0/stm32cubeide/plugins/com.st.stm32cube.ide.mcu.externaltools.gnu-tools-for-stm32.10.3-2021.10.win32_1.0.0.202111181127/tools/bin/../lib/gcc/arm-none-eabi/10.3.1/../../../../arm-none-eabi/lib/thumb/v7e-m+fp/hard\libc_nano.a(lib_a-mlock.o)
 .ARM.attributes
                0x000000000000082b       0x34 d:/stm cubeide/stm32cubeide_1.9.0/stm32cubeide/plugins/com.st.stm32cube.ide.mcu.externaltools.gnu-tools-for-stm32.10.3-2021.10.win32_1.0.0.202111181127/tools/bin/../lib/gcc/arm-none-eabi/10.3.1/../../../../arm-none-eabi/lib/thumb/v7e-m+fp/hard\libc_nano.a(lib_a-nano-freer.o)
 .ARM.attributes
                0x000000000000085f       0x1e d:/stm cubeide/stm32cubeide_1.9.0/stm32cubeide/plugins/com.st.stm32cube.ide.mcu.externaltools.gnu-tools-for-stm32.10.3-2021.10.win32_1.0.0.202111181127/tools/bin/../lib/gcc/arm-none-eabi/10.3.1/thumb/v7e-m+fp/hard\libgcc.a(_aeabi_uldivmod.o)
 .ARM.attributes
                0x000000000000087d       0x34 d:/stm cubeide/stm32cubeide_1.9.0/stm32cubeide/plugins/com.st.stm32cube.ide.mcu.externaltools.gnu-tools-for-stm32.10.3-2021.10.win32_1.0.0.202111181127/tools/bin/../lib/gcc/arm-none-eabi/10.3.1/thumb/v7e-m+fp/hard\libgcc.a(_udivmoddi4.o)
 .ARM.attributes
                0x00000000000008b1       0x1e d:/stm cubeide/stm32cubeide_1.9.0/stm32cubeide/plugins/com.st.stm32cube.ide.mcu.externaltools.gnu-tools-for-stm32.10.3-2021.10.win32_1.0.0.202111181127/tools/bin/../lib/gcc/arm-none-eabi/10.3.1/thumb/v7e-m+fp/hard\libgcc.a(_dvmd_tls.o)
 .ARM.attributes
                0x00000000000008cf       0x1e d:/stm cubeide/stm32cubeide_1.9.0/stm32cubeide/plugins/com.st.stm32cube.ide.mcu.externaltools.gnu-tools-for-stm32.10.3-2021.10.win32_1.0.0.202111181127/tools/bin/../lib/gcc/arm-none-eabi/10.3.1/thumb/v7e-m+fp/hard/crtn.o
OUTPUT(WAA.elf elf32-littlearm)
LOAD linker stubs
LOAD d:/stm cubeide/stm32cubeide_1.9.0/stm32cubeide/plugins/com.st.stm32cube.ide.mcu.externaltools.gnu-tools-for-stm32.10.3-2021.10.win32_1.0.0.202111181127/tools/bin/../lib/gcc/arm-none-eabi/10.3.1/../../../../arm-none-eabi/lib/thumb/v7e-m+fp/hard\libc.a
LOAD d:/stm cubeide/stm32cubeide_1.9.0/stm32cubeide/plugins/com.st.stm32cube.ide.mcu.externaltools.gnu-tools-for-stm32.10.3-2021.10.win32_1.0.0.202111181127/tools/bin/../lib/gcc/arm-none-eabi/10.3.1/../../../../arm-none-eabi/lib/thumb/v7e-m+fp/hard\libm.a
LOAD d:/stm cubeide/stm32cubeide_1.9.0/stm32cubeide/plugins/com.st.stm32cube.ide.mcu.externaltools.gnu-tools-for-stm32.10.3-2021.10.win32_1.0.0.202111181127/tools/bin/../lib/gcc/arm-none-eabi/10.3.1/thumb/v7e-m+fp/hard\libgcc.a

.debug_info     0x0000000000000000    0x1dbfa
 .debug_info    0x0000000000000000      0xa29 ./Core/Src/adc.o
 .debug_info    0x0000000000000a29      0x480 ./Core/Src/crc.o
 .debug_info    0x0000000000000ea9      0x4db ./Core/Src/freertos.o
 .debug_info    0x0000000000001384      0x489 ./Core/Src/gpio.o
 .debug_info    0x000000000000180d      0xba4 ./Core/Src/main.o
 .debug_info    0x00000000000023b1      0x9eb ./Core/Src/spi.o
 .debug_info    0x0000000000002d9c      0x4e4 ./Core/Src/stm32f4xx_hal_msp.o
 .debug_info    0x0000000000003280      0xc0f ./Core/Src/stm32f4xx_hal_timebase_tim.o
 .debug_info    0x0000000000003e8f      0x9c0 ./Core/Src/stm32f4xx_it.o
 .debug_info    0x000000000000484f      0x523 ./Core/Src/system_stm32f4xx.o
 .debug_info    0x0000000000004d72      0xc72 ./Core/Src/usart.o
 .debug_info    0x00000000000059e4       0x22 ./Core/Startup/startup_stm32f405rgtx.o
 .debug_info    0x0000000000005a06      0x96a ./Drivers/STM32F4xx_HAL_Driver/stm32f4xx_hal.o
 .debug_info    0x0000000000006370      0xd70 ./Drivers/STM32F4xx_HAL_Driver/stm32f4xx_hal_adc.o
 .debug_info    0x00000000000070e0      0xe09 ./Drivers/STM32F4xx_HAL_Driver/stm32f4xx_hal_cortex.o
 .debug_info    0x0000000000007ee9      0x3a6 ./Drivers/STM32F4xx_HAL_Driver/stm32f4xx_hal_crc.o
 .debug_info    0x000000000000828f      0x94f ./Drivers/STM32F4xx_HAL_Driver/stm32f4xx_hal_dma.o
 .debug_info    0x0000000000008bde      0x76a ./Drivers/STM32F4xx_HAL_Driver/stm32f4xx_hal_gpio.o
 .debug_info    0x0000000000009348      0x966 ./Drivers/STM32F4xx_HAL_Driver/stm32f4xx_hal_rcc.o
 .debug_info    0x0000000000009cae     0x1758 ./Drivers/STM32F4xx_HAL_Driver/stm32f4xx_hal_spi.o
 .debug_info    0x000000000000b406     0x2bbe ./Drivers/STM32F4xx_HAL_Driver/stm32f4xx_hal_tim.o
 .debug_info    0x000000000000dfc4     0x15e0 ./Drivers/STM32F4xx_HAL_Driver/stm32f4xx_hal_tim_ex.o
 .debug_info    0x000000000000f5a4     0x31bc ./Drivers/STM32F4xx_HAL_Driver/stm32f4xx_hal_uart.o
 .debug_info    0x0000000000012760     0x432f ./Middlewares/FreeRTOS/cmsis_os2.o
 .debug_info    0x0000000000016a8f      0x50b ./Middlewares/FreeRTOS/heap_4.o
 .debug_info    0x0000000000016f9a      0x2d1 ./Middlewares/FreeRTOS/list.o
 .debug_info    0x000000000001726b      0x507 ./Middlewares/FreeRTOS/port.o
 .debug_info    0x0000000000017772     0x1cbf ./Middlewares/FreeRTOS/queue.o
 .debug_info    0x0000000000019431     0x2b40 ./Middlewares/FreeRTOS/tasks.o
 .debug_info    0x000000000001bf71     0x1c89 ./Middlewares/FreeRTOS/timers.o

.debug_abbrev   0x0000000000000000     0x4155
 .debug_abbrev  0x0000000000000000      0x1e0 ./Core/Src/adc.o
 .debug_abbrev  0x00000000000001e0      0x18e ./Core/Src/crc.o
 .debug_abbrev  0x000000000000036e      0x190 ./Core/Src/freertos.o
 .debug_abbrev  0x00000000000004fe      0x146 ./Core/Src/gpio.o
 .debug_abbrev  0x0000000000000644      0x238 ./Core/Src/main.o
 .debug_abbrev  0x000000000000087c      0x1e0 ./Core/Src/spi.o
 .debug_abbrev  0x0000000000000a5c      0x115 ./Core/Src/stm32f4xx_hal_msp.o
 .debug_abbrev  0x0000000000000b71      0x1d3 ./Core/Src/stm32f4xx_hal_timebase_tim.o
 .debug_abbrev  0x0000000000000d44      0x178 ./Core/Src/stm32f4xx_it.o
 .debug_abbrev  0x0000000000000ebc      0x116 ./Core/Src/system_stm32f4xx.o
 .debug_abbrev  0x0000000000000fd2      0x205 ./Core/Src/usart.o
 .debug_abbrev  0x00000000000011d7       0x12 ./Core/Startup/startup_stm32f405rgtx.o
 .debug_abbrev  0x00000000000011e9      0x20d ./Drivers/STM32F4xx_HAL_Driver/stm32f4xx_hal.o
 .debug_abbrev  0x00000000000013f6      0x244 ./Drivers/STM32F4xx_HAL_Driver/stm32f4xx_hal_adc.o
 .debug_abbrev  0x000000000000163a      0x316 ./Drivers/STM32F4xx_HAL_Driver/stm32f4xx_hal_cortex.o
 .debug_abbrev  0x0000000000001950      0x19e ./Drivers/STM32F4xx_HAL_Driver/stm32f4xx_hal_crc.o
 .debug_abbrev  0x0000000000001aee      0x25b ./Drivers/STM32F4xx_HAL_Driver/stm32f4xx_hal_dma.o
 .debug_abbrev  0x0000000000001d49      0x1c4 ./Drivers/STM32F4xx_HAL_Driver/stm32f4xx_hal_gpio.o
 .debug_abbrev  0x0000000000001f0d      0x2aa ./Drivers/STM32F4xx_HAL_Driver/stm32f4xx_hal_rcc.o
 .debug_abbrev  0x00000000000021b7      0x26e ./Drivers/STM32F4xx_HAL_Driver/stm32f4xx_hal_spi.o
 .debug_abbrev  0x0000000000002425      0x25d ./Drivers/STM32F4xx_HAL_Driver/stm32f4xx_hal_tim.o
 .debug_abbrev  0x0000000000002682      0x265 ./Drivers/STM32F4xx_HAL_Driver/stm32f4xx_hal_tim_ex.o
 .debug_abbrev  0x00000000000028e7      0x2f4 ./Drivers/STM32F4xx_HAL_Driver/stm32f4xx_hal_uart.o
 .debug_abbrev  0x0000000000002bdb      0x529 ./Middlewares/FreeRTOS/cmsis_os2.o
 .debug_abbrev  0x0000000000003104      0x212 ./Middlewares/FreeRTOS/heap_4.o
 .debug_abbrev  0x0000000000003316       0xf2 ./Middlewares/FreeRTOS/list.o
 .debug_abbrev  0x0000000000003408      0x259 ./Middlewares/FreeRTOS/port.o
 .debug_abbrev  0x0000000000003661      0x3a1 ./Middlewares/FreeRTOS/queue.o
 .debug_abbrev  0x0000000000003a02      0x3f3 ./Middlewares/FreeRTOS/tasks.o
 .debug_abbrev  0x0000000000003df5      0x360 ./Middlewares/FreeRTOS/timers.o

.debug_aranges  0x0000000000000000     0x1820
 .debug_aranges
                0x0000000000000000       0x30 ./Core/Src/adc.o
 .debug_aranges
                0x0000000000000030       0x30 ./Core/Src/crc.o
 .debug_aranges
                0x0000000000000060       0x30 ./Core/Src/freertos.o
 .debug_aranges
                0x0000000000000090       0x20 ./Core/Src/gpio.o
 .debug_aranges
                0x00000000000000b0       0x38 ./Core/Src/main.o
 .debug_aranges
                0x00000000000000e8       0x30 ./Core/Src/spi.o
 .debug_aranges
                0x0000000000000118       0x20 ./Core/Src/stm32f4xx_hal_msp.o
 .debug_aranges
                0x0000000000000138       0x30 ./Core/Src/stm32f4xx_hal_timebase_tim.o
 .debug_aranges
                0x0000000000000168       0x60 ./Core/Src/stm32f4xx_it.o
 .debug_aranges
                0x00000000000001c8       0x28 ./Core/Src/system_stm32f4xx.o
 .debug_aranges
                0x00000000000001f0       0x38 ./Core/Src/usart.o
 .debug_aranges
                0x0000000000000228       0x28 ./Core/Startup/startup_stm32f405rgtx.o
 .debug_aranges
                0x0000000000000250       0xf0 ./Drivers/STM32F4xx_HAL_Driver/stm32f4xx_hal.o
 .debug_aranges
                0x0000000000000340       0xe8 ./Drivers/STM32F4xx_HAL_Driver/stm32f4xx_hal_adc.o
 .debug_aranges
                0x0000000000000428      0x118 ./Drivers/STM32F4xx_HAL_Driver/stm32f4xx_hal_cortex.o
 .debug_aranges
                0x0000000000000540       0x50 ./Drivers/STM32F4xx_HAL_Driver/stm32f4xx_hal_crc.o
 .debug_aranges
                0x0000000000000590       0x90 ./Drivers/STM32F4xx_HAL_Driver/stm32f4xx_hal_dma.o
 .debug_aranges
                0x0000000000000620       0x58 ./Drivers/STM32F4xx_HAL_Driver/stm32f4xx_hal_gpio.o
 .debug_aranges
                0x0000000000000678       0x88 ./Drivers/STM32F4xx_HAL_Driver/stm32f4xx_hal_rcc.o
 .debug_aranges
                0x0000000000000700      0x1d0 ./Drivers/STM32F4xx_HAL_Driver/stm32f4xx_hal_spi.o
 .debug_aranges
                0x00000000000008d0      0x3d0 ./Drivers/STM32F4xx_HAL_Driver/stm32f4xx_hal_tim.o
 .debug_aranges
                0x0000000000000ca0      0x168 ./Drivers/STM32F4xx_HAL_Driver/stm32f4xx_hal_tim_ex.o
 .debug_aranges
                0x0000000000000e08      0x200 ./Drivers/STM32F4xx_HAL_Driver/stm32f4xx_hal_uart.o
 .debug_aranges
                0x0000000000001008      0x2b0 ./Middlewares/FreeRTOS/cmsis_os2.o
 .debug_aranges
                0x00000000000012b8       0x58 ./Middlewares/FreeRTOS/heap_4.o
 .debug_aranges
                0x0000000000001310       0x40 ./Middlewares/FreeRTOS/list.o
 .debug_aranges
                0x0000000000001350       0x80 ./Middlewares/FreeRTOS/port.o
 .debug_aranges
                0x00000000000013d0      0x158 ./Middlewares/FreeRTOS/queue.o
 .debug_aranges
                0x0000000000001528      0x208 ./Middlewares/FreeRTOS/tasks.o
 .debug_aranges
                0x0000000000001730       0xf0 ./Middlewares/FreeRTOS/timers.o

.debug_ranges   0x0000000000000000     0x1678
 .debug_ranges  0x0000000000000000       0x20 ./Core/Src/adc.o
 .debug_ranges  0x0000000000000020       0x20 ./Core/Src/crc.o
 .debug_ranges  0x0000000000000040       0x20 ./Core/Src/freertos.o
 .debug_ranges  0x0000000000000060       0x10 ./Core/Src/gpio.o
 .debug_ranges  0x0000000000000070       0x28 ./Core/Src/main.o
 .debug_ranges  0x0000000000000098       0x20 ./Core/Src/spi.o
 .debug_ranges  0x00000000000000b8       0x10 ./Core/Src/stm32f4xx_hal_msp.o
 .debug_ranges  0x00000000000000c8       0x20 ./Core/Src/stm32f4xx_hal_timebase_tim.o
 .debug_ranges  0x00000000000000e8       0x50 ./Core/Src/stm32f4xx_it.o
 .debug_ranges  0x0000000000000138       0x18 ./Core/Src/system_stm32f4xx.o
 .debug_ranges  0x0000000000000150       0x28 ./Core/Src/usart.o
 .debug_ranges  0x0000000000000178       0x20 ./Core/Startup/startup_stm32f405rgtx.o
 .debug_ranges  0x0000000000000198       0xe0 ./Drivers/STM32F4xx_HAL_Driver/stm32f4xx_hal.o
 .debug_ranges  0x0000000000000278       0xd8 ./Drivers/STM32F4xx_HAL_Driver/stm32f4xx_hal_adc.o
 .debug_ranges  0x0000000000000350      0x108 ./Drivers/STM32F4xx_HAL_Driver/stm32f4xx_hal_cortex.o
 .debug_ranges  0x0000000000000458       0x40 ./Drivers/STM32F4xx_HAL_Driver/stm32f4xx_hal_crc.o
 .debug_ranges  0x0000000000000498       0x80 ./Drivers/STM32F4xx_HAL_Driver/stm32f4xx_hal_dma.o
 .debug_ranges  0x0000000000000518       0x48 ./Drivers/STM32F4xx_HAL_Driver/stm32f4xx_hal_gpio.o
 .debug_ranges  0x0000000000000560       0x78 ./Drivers/STM32F4xx_HAL_Driver/stm32f4xx_hal_rcc.o
 .debug_ranges  0x00000000000005d8      0x1c0 ./Drivers/STM32F4xx_HAL_Driver/stm32f4xx_hal_spi.o
 .debug_ranges  0x0000000000000798      0x3c0 ./Drivers/STM32F4xx_HAL_Driver/stm32f4xx_hal_tim.o
 .debug_ranges  0x0000000000000b58      0x158 ./Drivers/STM32F4xx_HAL_Driver/stm32f4xx_hal_tim_ex.o
 .debug_ranges  0x0000000000000cb0      0x220 ./Drivers/STM32F4xx_HAL_Driver/stm32f4xx_hal_uart.o
 .debug_ranges  0x0000000000000ed0      0x2a0 ./Middlewares/FreeRTOS/cmsis_os2.o
 .debug_ranges  0x0000000000001170       0x48 ./Middlewares/FreeRTOS/heap_4.o
 .debug_ranges  0x00000000000011b8       0x30 ./Middlewares/FreeRTOS/list.o
 .debug_ranges  0x00000000000011e8       0x70 ./Middlewares/FreeRTOS/port.o
 .debug_ranges  0x0000000000001258      0x148 ./Middlewares/FreeRTOS/queue.o
 .debug_ranges  0x00000000000013a0      0x1f8 ./Middlewares/FreeRTOS/tasks.o
 .debug_ranges  0x0000000000001598       0xe0 ./Middlewares/FreeRTOS/timers.o

.debug_macro    0x0000000000000000    0x2397c
 .debug_macro   0x0000000000000000      0x223 ./Core/Src/adc.o
 .debug_macro   0x0000000000000223      0xa78 ./Core/Src/adc.o
 .debug_macro   0x0000000000000c9b      0x2ad ./Core/Src/adc.o
 .debug_macro   0x0000000000000f48       0x2e ./Core/Src/adc.o
 .debug_macro   0x0000000000000f76       0x2f ./Core/Src/adc.o
 .debug_macro   0x0000000000000fa5       0x22 ./Core/Src/adc.o
 .debug_macro   0x0000000000000fc7       0x8e ./Core/Src/adc.o
 .debug_macro   0x0000000000001055       0x51 ./Core/Src/adc.o
 .debug_macro   0x00000000000010a6      0x103 ./Core/Src/adc.o
 .debug_macro   0x00000000000011a9       0x6a ./Core/Src/adc.o
 .debug_macro   0x0000000000001213      0x1df ./Core/Src/adc.o
 .debug_macro   0x00000000000013f2       0x1c ./Core/Src/adc.o
 .debug_macro   0x000000000000140e       0x22 ./Core/Src/adc.o
 .debug_macro   0x0000000000001430       0xd9 ./Core/Src/adc.o
 .debug_macro   0x0000000000001509     0x102d ./Core/Src/adc.o
 .debug_macro   0x0000000000002536      0x11f ./Core/Src/adc.o
 .debug_macro   0x0000000000002655    0x1426d ./Core/Src/adc.o
 .debug_macro   0x00000000000168c2       0x6d ./Core/Src/adc.o
 .debug_macro   0x000000000001692f     0x367e ./Core/Src/adc.o
 .debug_macro   0x0000000000019fad      0x174 ./Core/Src/adc.o
 .debug_macro   0x000000000001a121       0x5c ./Core/Src/adc.o
 .debug_macro   0x000000000001a17d      0x8a7 ./Core/Src/adc.o
 .debug_macro   0x000000000001aa24      0x9fe ./Core/Src/adc.o
 .debug_macro   0x000000000001b422      0x115 ./Core/Src/adc.o
 .debug_macro   0x000000000001b537      0x130 ./Core/Src/adc.o
 .debug_macro   0x000000000001b667       0xa5 ./Core/Src/adc.o
 .debug_macro   0x000000000001b70c      0x174 ./Core/Src/adc.o
 .debug_macro   0x000000000001b880      0x287 ./Core/Src/adc.o
 .debug_macro   0x000000000001bb07       0x5f ./Core/Src/adc.o
 .debug_macro   0x000000000001bb66      0x236 ./Core/Src/adc.o
 .debug_macro   0x000000000001bd9c      0xb5b ./Core/Src/adc.o
 .debug_macro   0x000000000001c8f7      0x38b ./Core/Src/adc.o
 .debug_macro   0x000000000001cc82      0x176 ./Core/Src/adc.o
 .debug_macro   0x000000000001cdf8       0xf9 ./Core/Src/adc.o
 .debug_macro   0x000000000001cef1       0x22 ./Core/Src/adc.o
 .debug_macro   0x000000000001cf13      0x12c ./Core/Src/adc.o
 .debug_macro   0x000000000001d03f      0x21e ./Core/Src/adc.o
 .debug_macro   0x000000000001d25d       0x2e ./Core/Src/adc.o
 .debug_macro   0x000000000001d28b      0x11a ./Core/Src/adc.o
 .debug_macro   0x000000000001d3a5       0x7e ./Core/Src/adc.o
 .debug_macro   0x000000000001d423       0x89 ./Core/Src/adc.o
 .debug_macro   0x000000000001d4ac      0x225 ./Core/Src/adc.o
 .debug_macro   0x000000000001d6d1      0x8e6 ./Core/Src/adc.o
 .debug_macro   0x000000000001dfb7       0x47 ./Core/Src/adc.o
 .debug_macro   0x000000000001dffe      0x295 ./Core/Src/adc.o
 .debug_macro   0x000000000001e293      0x12d ./Core/Src/adc.o
 .debug_macro   0x000000000001e3c0       0xdc ./Core/Src/adc.o
 .debug_macro   0x000000000001e49c      0x223 ./Core/Src/crc.o
 .debug_macro   0x000000000001e6bf      0x340 ./Core/Src/freertos.o
 .debug_macro   0x000000000001e9ff      0x16f ./Core/Src/freertos.o
 .debug_macro   0x000000000001eb6e      0x15a ./Core/Src/freertos.o
 .debug_macro   0x000000000001ecc8       0xc9 ./Core/Src/freertos.o
 .debug_macro   0x000000000001ed91       0x1c ./Core/Src/freertos.o
 .debug_macro   0x000000000001edad       0x26 ./Core/Src/freertos.o
 .debug_macro   0x000000000001edd3       0x52 ./Core/Src/freertos.o
 .debug_macro   0x000000000001ee25       0x1e ./Core/Src/freertos.o
 .debug_macro   0x000000000001ee43       0x3c ./Core/Src/freertos.o
 .debug_macro   0x000000000001ee7f       0x34 ./Core/Src/freertos.o
 .debug_macro   0x000000000001eeb3       0x16 ./Core/Src/freertos.o
 .debug_macro   0x000000000001eec9       0x43 ./Core/Src/freertos.o
 .debug_macro   0x000000000001ef0c       0x34 ./Core/Src/freertos.o
 .debug_macro   0x000000000001ef40       0x10 ./Core/Src/freertos.o
 .debug_macro   0x000000000001ef50       0x58 ./Core/Src/freertos.o
 .debug_macro   0x000000000001efa8       0x71 ./Core/Src/freertos.o
 .debug_macro   0x000000000001f019       0x1c ./Core/Src/freertos.o
 .debug_macro   0x000000000001f035      0x12a ./Core/Src/freertos.o
 .debug_macro   0x000000000001f15f       0x10 ./Core/Src/freertos.o
 .debug_macro   0x000000000001f16f       0x35 ./Core/Src/freertos.o
 .debug_macro   0x000000000001f1a4      0x4bf ./Core/Src/freertos.o
 .debug_macro   0x000000000001f663       0xb5 ./Core/Src/freertos.o
 .debug_macro   0x000000000001f718       0xaa ./Core/Src/freertos.o
 .debug_macro   0x000000000001f7c2       0x6c ./Core/Src/freertos.o
 .debug_macro   0x000000000001f82e       0x74 ./Core/Src/freertos.o
 .debug_macro   0x000000000001f8a2       0xdd ./Core/Src/freertos.o
 .debug_macro   0x000000000001f97f      0x223 ./Core/Src/gpio.o
 .debug_macro   0x000000000001fba2      0x37c ./Core/Src/main.o
 .debug_macro   0x000000000001ff1e      0x16f ./Core/Src/main.o
 .debug_macro   0x000000000002008d       0x66 ./Core/Src/main.o
 .debug_macro   0x00000000000200f3      0x223 ./Core/Src/spi.o
 .debug_macro   0x0000000000020316      0x219 ./Core/Src/stm32f4xx_hal_msp.o
 .debug_macro   0x000000000002052f      0x20a ./Core/Src/stm32f4xx_hal_timebase_tim.o
 .debug_macro   0x0000000000020739      0x223 ./Core/Src/stm32f4xx_it.o
 .debug_macro   0x000000000002095c      0x20a ./Core/Src/system_stm32f4xx.o
 .debug_macro   0x0000000000020b66      0x223 ./Core/Src/usart.o
 .debug_macro   0x0000000000020d89      0x26a ./Drivers/STM32F4xx_HAL_Driver/stm32f4xx_hal.o
 .debug_macro   0x0000000000020ff3      0x20b ./Drivers/STM32F4xx_HAL_Driver/stm32f4xx_hal_adc.o
 .debug_macro   0x00000000000211fe      0x20a ./Drivers/STM32F4xx_HAL_Driver/stm32f4xx_hal_cortex.o
 .debug_macro   0x0000000000021408      0x20a ./Drivers/STM32F4xx_HAL_Driver/stm32f4xx_hal_crc.o
 .debug_macro   0x0000000000021612      0x210 ./Drivers/STM32F4xx_HAL_Driver/stm32f4xx_hal_dma.o
 .debug_macro   0x0000000000021822      0x210 ./Drivers/STM32F4xx_HAL_Driver/stm32f4xx_hal_gpio.o
 .debug_macro   0x0000000000021a32      0x22e ./Drivers/STM32F4xx_HAL_Driver/stm32f4xx_hal_rcc.o
 .debug_macro   0x0000000000021c60      0x219 ./Drivers/STM32F4xx_HAL_Driver/stm32f4xx_hal_spi.o
 .debug_macro   0x0000000000021e79      0x20b ./Drivers/STM32F4xx_HAL_Driver/stm32f4xx_hal_tim.o
 .debug_macro   0x0000000000022084      0x20a ./Drivers/STM32F4xx_HAL_Driver/stm32f4xx_hal_tim_ex.o
 .debug_macro   0x000000000002228e      0x20b ./Drivers/STM32F4xx_HAL_Driver/stm32f4xx_hal_uart.o
 .debug_macro   0x0000000000022499      0x413 ./Middlewares/FreeRTOS/cmsis_os2.o
 .debug_macro   0x00000000000228ac       0x10 ./Middlewares/FreeRTOS/cmsis_os2.o
 .debug_macro   0x00000000000228bc       0x20 ./Middlewares/FreeRTOS/cmsis_os2.o
 .debug_macro   0x00000000000228dc       0x10 ./Middlewares/FreeRTOS/cmsis_os2.o
 .debug_macro   0x00000000000228ec       0xd3 ./Middlewares/FreeRTOS/cmsis_os2.o
 .debug_macro   0x00000000000229bf       0x16 ./Middlewares/FreeRTOS/cmsis_os2.o
 .debug_macro   0x00000000000229d5       0x91 ./Middlewares/FreeRTOS/cmsis_os2.o
 .debug_macro   0x0000000000022a66       0x8d ./Middlewares/FreeRTOS/cmsis_os2.o
 .debug_macro   0x0000000000022af3       0x9a ./Middlewares/FreeRTOS/cmsis_os2.o
 .debug_macro   0x0000000000022b8d       0x22 ./Middlewares/FreeRTOS/cmsis_os2.o
 .debug_macro   0x0000000000022baf       0x56 ./Middlewares/FreeRTOS/cmsis_os2.o
 .debug_macro   0x0000000000022c05      0x1c0 ./Middlewares/FreeRTOS/heap_4.o
 .debug_macro   0x0000000000022dc5      0x199 ./Middlewares/FreeRTOS/list.o
 .debug_macro   0x0000000000022f5e      0x233 ./Middlewares/FreeRTOS/port.o
 .debug_macro   0x0000000000023191      0x228 ./Middlewares/FreeRTOS/queue.o
 .debug_macro   0x00000000000233b9       0x16 ./Middlewares/FreeRTOS/queue.o
 .debug_macro   0x00000000000233cf       0x87 ./Middlewares/FreeRTOS/queue.o
 .debug_macro   0x0000000000023456      0x291 ./Middlewares/FreeRTOS/tasks.o
 .debug_macro   0x00000000000236e7       0x10 ./Middlewares/FreeRTOS/tasks.o
 .debug_macro   0x00000000000236f7      0x1ee ./Middlewares/FreeRTOS/timers.o
 .debug_macro   0x00000000000238e5       0x97 ./Middlewares/FreeRTOS/timers.o

.debug_line     0x0000000000000000    0x1ed67
 .debug_line    0x0000000000000000      0x8bc ./Core/Src/adc.o
 .debug_line    0x00000000000008bc      0x878 ./Core/Src/crc.o
 .debug_line    0x0000000000001134      0xbbd ./Core/Src/freertos.o
 .debug_line    0x0000000000001cf1      0x878 ./Core/Src/gpio.o
 .debug_line    0x0000000000002569      0xc3d ./Core/Src/main.o
 .debug_line    0x00000000000031a6      0x8ae ./Core/Src/spi.o
 .debug_line    0x0000000000003a54      0x83d ./Core/Src/stm32f4xx_hal_msp.o
 .debug_line    0x0000000000004291      0x89c ./Core/Src/stm32f4xx_hal_timebase_tim.o
 .debug_line    0x0000000000004b2d      0x909 ./Core/Src/stm32f4xx_it.o
 .debug_line    0x0000000000005436      0x8be ./Core/Src/system_stm32f4xx.o
 .debug_line    0x0000000000005cf4      0x916 ./Core/Src/usart.o
 .debug_line    0x000000000000660a       0x88 ./Core/Startup/startup_stm32f405rgtx.o
 .debug_line    0x0000000000006692      0xb5f ./Drivers/STM32F4xx_HAL_Driver/stm32f4xx_hal.o
 .debug_line    0x00000000000071f1     0x13d5 ./Drivers/STM32F4xx_HAL_Driver/stm32f4xx_hal_adc.o
 .debug_line    0x00000000000085c6      0xe0e ./Drivers/STM32F4xx_HAL_Driver/stm32f4xx_hal_cortex.o
 .debug_line    0x00000000000093d4      0x9be ./Drivers/STM32F4xx_HAL_Driver/stm32f4xx_hal_crc.o
 .debug_line    0x0000000000009d92     0x10c3 ./Drivers/STM32F4xx_HAL_Driver/stm32f4xx_hal_dma.o
 .debug_line    0x000000000000ae55      0xcd3 ./Drivers/STM32F4xx_HAL_Driver/stm32f4xx_hal_gpio.o
 .debug_line    0x000000000000bb28      0xedb ./Drivers/STM32F4xx_HAL_Driver/stm32f4xx_hal_rcc.o
 .debug_line    0x000000000000ca03     0x1de9 ./Drivers/STM32F4xx_HAL_Driver/stm32f4xx_hal_spi.o
 .debug_line    0x000000000000e7ec     0x3853 ./Drivers/STM32F4xx_HAL_Driver/stm32f4xx_hal_tim.o
 .debug_line    0x000000000001203f     0x1b5c ./Drivers/STM32F4xx_HAL_Driver/stm32f4xx_hal_tim_ex.o
 .debug_line    0x0000000000013b9b     0x2c04 ./Drivers/STM32F4xx_HAL_Driver/stm32f4xx_hal_uart.o
 .debug_line    0x000000000001679f     0x25fa ./Middlewares/FreeRTOS/cmsis_os2.o
 .debug_line    0x0000000000018d99      0xa0b ./Middlewares/FreeRTOS/heap_4.o
 .debug_line    0x00000000000197a4      0x7e1 ./Middlewares/FreeRTOS/list.o
 .debug_line    0x0000000000019f85      0x96d ./Middlewares/FreeRTOS/port.o
 .debug_line    0x000000000001a8f2     0x17ab ./Middlewares/FreeRTOS/queue.o
 .debug_line    0x000000000001c09d     0x1e89 ./Middlewares/FreeRTOS/tasks.o
 .debug_line    0x000000000001df26      0xe41 ./Middlewares/FreeRTOS/timers.o

.debug_str      0x0000000000000000    0xd8e21
 .debug_str     0x0000000000000000    0xc6bde ./Core/Src/adc.o
                                      0xc6ed9 (size before relaxing)
 .debug_str     0x00000000000c6bde      0x109 ./Core/Src/crc.o
                                      0xc6b17 (size before relaxing)
 .debug_str     0x00000000000c6ce7     0x685a ./Core/Src/freertos.o
                                      0xcd160 (size before relaxing)
 .debug_str     0x00000000000cd541       0x68 ./Core/Src/gpio.o
                                      0xc6a79 (size before relaxing)
 .debug_str     0x00000000000cd5a9      0x497 ./Core/Src/main.o
                                      0xcd4e4 (size before relaxing)
 .debug_str     0x00000000000cda40      0x207 ./Core/Src/spi.o
                                      0xc6ef3 (size before relaxing)
 .debug_str     0x00000000000cdc47      0x4fb ./Core/Src/stm32f4xx_hal_msp.o
                                      0xc6e88 (size before relaxing)
 .debug_str     0x00000000000ce142       0xff ./Core/Src/stm32f4xx_hal_timebase_tim.o
                                      0xc71af (size before relaxing)
 .debug_str     0x00000000000ce241      0x26a ./Core/Src/stm32f4xx_it.o
                                      0xc7089 (size before relaxing)
 .debug_str     0x00000000000ce4ab       0xdb ./Core/Src/system_stm32f4xx.o
                                      0xc66fb (size before relaxing)
 .debug_str     0x00000000000ce586       0x6f ./Core/Src/usart.o
                                      0xc742e (size before relaxing)
 .debug_str     0x00000000000ce5f5       0x36 ./Core/Startup/startup_stm32f405rgtx.o
                                         0x54 (size before relaxing)
 .debug_str     0x00000000000ce62b      0x60f ./Drivers/STM32F4xx_HAL_Driver/stm32f4xx_hal.o
                                      0xc7299 (size before relaxing)
 .debug_str     0x00000000000cec3a      0x30b ./Drivers/STM32F4xx_HAL_Driver/stm32f4xx_hal_adc.o
                                      0xc6d23 (size before relaxing)
 .debug_str     0x00000000000cef45      0x358 ./Drivers/STM32F4xx_HAL_Driver/stm32f4xx_hal_cortex.o
                                      0xc6fcc (size before relaxing)
 .debug_str     0x00000000000cf29d       0xd8 ./Drivers/STM32F4xx_HAL_Driver/stm32f4xx_hal_crc.o
                                      0xc6764 (size before relaxing)
 .debug_str     0x00000000000cf375      0x331 ./Drivers/STM32F4xx_HAL_Driver/stm32f4xx_hal_dma.o
                                      0xc6b50 (size before relaxing)