../Core/Src/../../Mods/RS485_E/M485_E.h:225:18:void M485E::onIT_RX()	16	static
../Core/Src/../../Mods/RS485_E/M485_E.h:337:25:bool M485E::isEmpty()	16	static
../Core/Src/../../Mods/RS485_E/M485_E.h:13:9:M485E::M485E()	16	static
../Core/Src/main.cpp:61:6:void HAL_UART_RxCpltCallback(UART_HandleTypeDef*)	16	static
../Core/Src/main.cpp:77:5:int main()	16	static
../Core/Src/main.cpp:172:6:void SystemClock_Config()	160	static
../Core/Src/main.cpp:220:13:void MX_USART1_UART_Init()	8	static
../Core/Src/main.cpp:255:13:void MX_USART2_UART_Init()	8	static
../Core/Src/main.cpp:290:13:void MX_GPIO_Init()	48	static
../Core/Src/main.cpp:332:6:void Error_Handler()	4	static,ignoring_inline_asm
../Core/Src/main.cpp:341:1:void __static_initialization_and_destruction_0(int, int)	16	static
../Core/Src/main.cpp:341:1:cpp)	8	static
