../Src/../Mods/ST7580/ST7580_Library\Src\ST7580_Serial.c:812:13:void ST7580FrameChecksum(ST7580Frame*)	0	static
../Src/../Mods/ST7580/ST7580_Library\Src\ST7580_Serial.c:828:13:bool ST7580FrameReady()	0	static
../Src/../Mods/ST7580/ST7580_Library\Src\ST7580_Serial.c:843:21:ST7580Frame* ST7580RecvConfirm()	0	static
../Src/main.cpp:444:1:void __static_initialization_and_destruction_0(int, int)	4	static
../Src/../Mods/ST7580/ST7580_Library\Src\ST7580_Serial.c:801:13:void ST7580TmoSet(uint8_t, uint32_t)	8	static
../Src/../Mods/ST7580/ST7580_Library\Src\ST7580_Serial.c:781:13:bool ST7580TmoExpired(uint8_t)	8	static
../Src/../Mods/ST7580/MST7580.h:30:6:void debTXBuf_add(uint8_t, uint8_t)	0	static
../Src/../Mods/Flash_SSD/MFlash_SSD.h:226:19:uint8_t MFlash_SSD::flush()	32	static
../Src/main.cpp:358:6:void SystemClock_Config()	104	static
../Src/../Mods/RS485_E/M485_E_cpp.h:121:6:void M485E::onTimer_Frame()	0	static
../Src/../Mods/RS485_E/M485_E_cpp_RX.h:69:6:void M485E::frameRX_Ext()	16	static
../Src/../Mods/RS485_E/M485_E_cpp_RX.h:378:6:void M485E::frameRX_Config()	0	static
../Src/../Mods/RS485_E/M485_E_cpp_TX.h:11:6:void M485E::sendTX_STATUS(uint8_t)	16	static
../Src/../Mods/RS485_E/M485_E_cpp_RX.h:319:6:void M485E::frameRX_AskStatus()	8	static
../Src/../Mods/RS485_E/M485_E_cpp_TX.h:57:6:void M485E::sendTX_ADDR(uint8_t)	16	static
../Src/../Mods/RS485_E/M485_E_cpp_TX.h:81:6:void M485E::sendTX_EXT(uint8_t, uint8_t*)	16	static
../Src/../Mods/RS485_E/M485_E_cpp_TX.h:101:6:void M485E::sendTX_ID(uint8_t)	32	static
../Src/../Mods/RS485_E/M485_E_cpp_TX.h:131:6:void M485E::sendTX_Counter(uint8_t, int)	16	static
../Src/../Mods/RS485_E/M485_E_cpp_TX.h:155:6:void M485E::sendTX_GetID(uint8_t)	40	static
../Src/../Mods/RS485_E/M485_E_cpp_TX.h:195:6:void M485E::sendTX_RegAddr(uint8_t)	40	static
../Src/../Mods/ST7580/ST7580_Library\Src\ST7580_Serial.c:58:6:void NucleoBufReset()	0	static
../Src/../Mods/ST7580/ST7580_Library\Src\ST7580_Serial.c:73:6:void debRXBuf_add(uint8_t, uint8_t)	4	static
../Src/../Mods/ST7580/ST7580_Library\Src\ST7580_Serial.c:202:6:void ST7580InitChannel()	8	static
../Src/../Mods/ST7580/ST7580_Library\Src\ST7580_Serial.c:760:14:ST7580Frame* ST7580NextIndicationFrame()	0	static
../Src/../Mods/ST7580/ST7580_Library\Src\ST7580_Serial.c:227:6:void ST7580InterfaceInit()	16	static
../Src/../Mods/ST7580/ST7580_Library\Src\ST7580_Serial.c:1055:6:void NucleoST7580TxInt()	8	static
../Src/main.cpp:118:6:void HAL_UART_TxCpltCallback(UART_HandleTypeDef*)	16	static
../Src/../Mods/ST7580/ST7580_Library\Src\ST7580_Serial.c:1153:12:int ST7580SendFrame(ST7580Frame*)	8	static
../Src/../Mods/ST7580/ST7580_Library\Src\ST7580_Serial.c:271:5:int ST7580Reset()	8	static
../Src/../Mods/ST7580/ST7580_Library\Src\ST7580_Serial.c:314:5:int ST7580MibWrite(uint8_t, const uint8_t*, uint8_t)	8	static
../Src/../Mods/ST7580/ST7580_Library\Src\ST7580_Serial.c:365:5:int ST7580MibRead(uint8_t, uint8_t*, uint8_t)	16	static
../Src/../Mods/ST7580/ST7580_Library\Src\ST7580_Serial.c:421:5:int ST7580MibErase(uint8_t)	8	static
../Src/../Mods/ST7580/ST7580_Library\Src\ST7580_Serial.c:474:5:int ST7580Ping(const uint8_t*, uint8_t)	16	static
../Src/../Mods/ST7580/ST7580_Library\Src\ST7580_Serial.c:525:5:int ST7580PhyData(uint8_t, const uint8_t*, uint8_t, uint8_t*)	16	static
../Src/../Mods/ST7580/ST7580_Library\Src\ST7580_Serial.c:604:5:int ST7580DlData(uint8_t, const uint8_t*, uint8_t, uint8_t*)	16	static
../Src/../Mods/ST7580/ST7580_Library\Src\ST7580_Serial.c:681:5:int ST7580SsData(uint8_t, const uint8_t*, uint8_t, uint8_t, uint8_t*)	8	static
../Src/../Mods/ST7580/ST7580_Library\Src\ST7580_Serial.c:853:20:RxIrqStatus ST7580RcvLocalFrame(RxIrqStatus, uint8_t)	16	static
../Src/../Mods/ST7580/ST7580_Library\Src\ST7580_Serial.c:965:6:void NucleoST7580RxInt(uint8_t)	16	static
../Src/../Mods/ST7580/MST7580_cpp.h:16:6:void MST7580::initModem()	8	static
../Src/../Mods/ST7580/MST7580_cpp.h:100:6:void MST7580::onTimer_Main100ms()	0	static
../Src/../Mods/ST7580/MST7580_cpp.h:106:6:void MST7580::onTimer_Main1000ms()	0	static
../Src/../Mods/ST7580/MST7580_cpp.h:114:6:void MST7580::onTimer()	0	static
../Src/../Mods/ST7580/MST7580_cpp_TX.h:8:6:void MST7580::sendTX_ID(uint8_t)	16	static
../Src/../Mods/RS485_E/M485_E_cpp_RX.h:48:6:void M485E::frameRX_ID()	8	static
../Src/../Mods/ST7580/MST7580_cpp_TX.h:24:6:void MST7580::sendTX_NextID(uint8_t)	16	static
../Src/../Mods/ST7580/MST7580_cpp_TX.h:40:6:void MST7580::sendTX_StatusToGateway()	32	static
../Src/../Mods/ST7580/MST7580_cpp_TX.h:77:6:void MST7580::sendTX_RegAddr(uint32_t, uint8_t)	16	static
../Src/../Mods/RS485_E/M485_E_cpp_RX.h:10:6:void M485E::frameRX_RegAddr()	8	static
../Src/../Mods/ST7580/MST7580_cpp_TX.h:101:6:void MST7580::sendTX_GetID(uint8_t)	16	static
../Src/../Mods/RS485_E/M485_E_cpp_RX.h:93:6:void M485E::frameRX_GetID()	8	static
../Src/../Mods/RS485_E/M485_E_cpp_RX.h:114:6:void M485E::frameRX_ReceiveMsg()	8	static
../Src/../Mods/ST7580/MST7580_cpp_TX.h:118:6:void MST7580::sendTX_hiUnreg(uint8_t)	16	static
../Src/../Mods/RS485_E/M485_E_cpp_RX.h:222:6:void M485E::frameRX_unReg()	8	static
../Src/../Mods/ST7580/MST7580_cpp_TX.h:135:6:void MST7580::sendTX_getStatus(uint8_t, uint8_t)	16	static
../Src/../Mods/RS485_E/M485_E_cpp_RX.h:135:6:void M485E::frameRX_getStatus()	72	static
../Src/../Mods/ST7580/MST7580_cpp_TX.h:152:6:void MST7580::sendTX_setAddr(uint8_t, uint8_t)	16	static
../Src/../Mods/RS485_E/M485_E_cpp_RX.h:292:6:void M485E::frameRX_setAddr()	8	static
../Src/../Mods/ST7580/MST7580_cpp_TX.h:169:6:void MST7580::sendTX_setRelays(uint8_t, uint8_t)	16	static
../Src/../Mods/RS485_E/M485_E_cpp_RX.h:260:6:void M485E::frameRX_setRelays()	8	static
../Src/../Mods/ST7580/MST7580_cpp_TX.h:185:6:void MST7580::sendTX_ToNode_setAddrUnreg(uint8_t)	16	static
../Src/../Mods/RS485_E/M485_E_cpp_RX.h:241:6:void M485E::frameRX_setAddrUnreg()	8	static
../Src/../Mods/RS485_E/M485_E_cpp.h:14:6:void M485E::onReceive(uint8_t)	8	static
../Src/main.cpp:126:6:void HAL_UART_RxCpltCallback(UART_HandleTypeDef*)	16	static
../Src/../Mods/ST7580/MST7580_cpp_RX.h:6:6:void MST7580::frameRX_ToNode_ID(uint8_t*)	0	static
../Src/../Mods/ST7580/MST7580_cpp_RX.h:12:6:void MST7580::frameRX_ToNode_GetID(uint8_t*)	0	static
../Src/../Mods/ST7580/MST7580_cpp_RX.h:18:6:void MST7580::frameRX_ToNode_RegAddr(uint8_t*)	0	static
../Src/../Mods/ST7580/MST7580_cpp_RX.h:24:6:void MST7580::frameRX_ToNode_getStatus(uint8_t*)	56	static
../Src/../Mods/ST7580/MST7580_cpp_RX.h:79:6:void MST7580::frameRX_ToNode_setRelays(uint8_t*)	0	static
../Src/../Mods/ST7580/MST7580_cpp_RX.h:99:6:void MST7580::frameRX_ToNode_setAddr(uint8_t*)	8	static
../Src/../Mods/ST7580/MST7580_cpp_RX.h:117:6:void MST7580::frameRX_ToNode_setAddrUnreg(uint8_t*)	8	static
../Src/../Mods/ST7580/MST7580_cpp_RX.h:134:6:void MST7580::frameRX_ToNode_hiUnreg(uint8_t*)	16	static
../Src/../Mods/ST7580/MST7580_cpp_RX.h:158:6:void MST7580::frameRX_ToNode_Ext(uint8_t*)	0	static
../Src/../Mods/ST7580/MST7580_cpp_RX.h:167:6:void MST7580::frameRX_ToGateway_ID(uint8_t*)	0	static
../Src/../Mods/ST7580/MST7580_cpp_RX.h:173:6:void MST7580::frameRX_ToGateway_GetID(uint8_t*)	0	static
../Src/../Mods/ST7580/MST7580_cpp_RX.h:180:6:void MST7580::frameRX_ToGateway_RegAddr(uint8_t*)	0	static
../Src/../Mods/ST7580/MST7580_cpp_RX.h:186:6:void MST7580::frameRX_ToGateway_getStatus(uint8_t*)	88	static
../Src/../Mods/ST7580/MST7580_cpp_RX.h:264:6:void MST7580::frameRX_ToGateway_hiFromUnreg(uint8_t*)	16	static
../Src/../Mods/ST7580/MST7580_cpp.h:32:6:void MST7580::onTimer_Main10ms()	16	static
../Src/../Mods/ST7580/MST7580_cpp_RX.h:284:6:void MST7580::frameRX_ToGateway_Ext(uint8_t*)	0	static
../Src/../Mods/ADC/MADC_cpp.h:9:6:void MADC::init()	0	static
../Src/../Mods/ADC/MADC_cpp.h:18:6:void MADC::initIRQ()	8	static
../Src/../Mods/ADC/MADC_cpp.h:27:7:void MADC::onTimer()	0	static
../Src/../Mods/ADC/MADC_cpp.h:35:7:void MADC::onSample_ADC1()	8	static
../Src/../Mods/ADC/MADC_cpp.h:96:7:void MADC::onSample_ADC2()	0	static
../Src/main.cpp:134:6:void HAL_ADC_ConvCpltCallback(ADC_HandleTypeDef*)	8	static
../Src/../Mods/ADC/MADC_cpp.h:134:7:void MADC::setADC2_Channel(uint8_t)	32	static
../Src/../Mods/ADC/MADC_cpp.h:173:6:void MADC::setADC1_Channel(uint8_t)	32	static
../Src/../Mods/Relays/MRelays_cpp.h:13:6:void MRelays::init()	0	static
../Src/../Mods/Relays/MRelays_cpp.h:27:6:void MRelays::initProc()	16	static
../Src/../Mods/Relays/MRelays_cpp.h:70:6:void MRelays::onTimer_Main10ms()	0	static
../Src/../Mods/Relays/MRelays_cpp.h:98:6:void MRelays::onTimer_1ms()	0	static
../Src/main.cpp:150:6:void HAL_SYSTICK_Callback()	8	static
../Src/../Mods/System/MSystem_cpp.h:9:6:void MSystem::onTimer_Main100ms()	0	static
../Src/../Mods/Flash_SSD/MFlash_SSD_cpp.h:7:11:uint32_t MFlash_SSD::initParams()	8	static
../Src/main.cpp:194:5:int main()	8	static,ignoring_inline_asm
../Src/main.cpp:438:6:void Error_Handler()	0	static
../Src/main.cpp:444:1:cpp)	8	static
